Archive member included because of file (symbol)

/home/jin/local/avr/lib/gcc/avr/4.6.3/../../../../avr/lib/avr6/libm.a(addsf3.o)
                              build/mighty_one-2560/MightyBoard/shared/Eeprom.o (__subsf3)
/home/jin/local/avr/lib/gcc/avr/4.6.3/../../../../avr/lib/avr6/libm.a(addsf3x.o)
                              /home/jin/local/avr/lib/gcc/avr/4.6.3/../../../../avr/lib/avr6/libm.a(addsf3.o) (__addsf3x)
/home/jin/local/avr/lib/gcc/avr/4.6.3/../../../../avr/lib/avr6/libm.a(ceil.o)
                              build/mighty_one-2560/MightyBoard/Motherboard/StepperAccel.o (ceil)
/home/jin/local/avr/lib/gcc/avr/4.6.3/../../../../avr/lib/avr6/libm.a(cmpsf2.o)
                              build/mighty_one-2560/MightyBoard/Motherboard/Command.o (__eqsf2)
/home/jin/local/avr/lib/gcc/avr/4.6.3/../../../../avr/lib/avr6/libm.a(divsf3.o)
                              build/mighty_one-2560/MightyBoard/Motherboard/Command.o (__divsf3)
/home/jin/local/avr/lib/gcc/avr/4.6.3/../../../../avr/lib/avr6/libm.a(divsf3x.o)
                              /home/jin/local/avr/lib/gcc/avr/4.6.3/../../../../avr/lib/avr6/libm.a(divsf3.o) (__divsf3x)
/home/jin/local/avr/lib/gcc/avr/4.6.3/../../../../avr/lib/avr6/libm.a(fixsfdi.o)
                              build/mighty_one-2560/MightyBoard/Motherboard/StepperAxis.o (__fixsfdi)
/home/jin/local/avr/lib/gcc/avr/4.6.3/../../../../avr/lib/avr6/libm.a(fixsfsi.o)
                              build/mighty_one-2560/MightyBoard/Motherboard/Command.o (__fixsfsi)
/home/jin/local/avr/lib/gcc/avr/4.6.3/../../../../avr/lib/avr6/libm.a(fixunssfsi.o)
                              build/mighty_one-2560/MightyBoard/Motherboard/StepperAccel.o (__fixunssfsi)
/home/jin/local/avr/lib/gcc/avr/4.6.3/../../../../avr/lib/avr6/libm.a(floatsisf.o)
                              build/mighty_one-2560/MightyBoard/Motherboard/Command.o (__floatunsisf)
/home/jin/local/avr/lib/gcc/avr/4.6.3/../../../../avr/lib/avr6/libm.a(fp_cmp.o)
                              /home/jin/local/avr/lib/gcc/avr/4.6.3/../../../../avr/lib/avr6/libm.a(cmpsf2.o) (__fp_cmp)
/home/jin/local/avr/lib/gcc/avr/4.6.3/../../../../avr/lib/avr6/libm.a(fp_inf.o)
                              /home/jin/local/avr/lib/gcc/avr/4.6.3/../../../../avr/lib/avr6/libm.a(addsf3x.o) (__fp_inf)
/home/jin/local/avr/lib/gcc/avr/4.6.3/../../../../avr/lib/avr6/libm.a(fp_mintl.o)
                              /home/jin/local/avr/lib/gcc/avr/4.6.3/../../../../avr/lib/avr6/libm.a(ceil.o) (__fp_mintl)
/home/jin/local/avr/lib/gcc/avr/4.6.3/../../../../avr/lib/avr6/libm.a(fp_mpack.o)
                              /home/jin/local/avr/lib/gcc/avr/4.6.3/../../../../avr/lib/avr6/libm.a(ceil.o) (__fp_mpack)
/home/jin/local/avr/lib/gcc/avr/4.6.3/../../../../avr/lib/avr6/libm.a(fp_nan.o)
                              /home/jin/local/avr/lib/gcc/avr/4.6.3/../../../../avr/lib/avr6/libm.a(addsf3x.o) (__fp_nan)
/home/jin/local/avr/lib/gcc/avr/4.6.3/../../../../avr/lib/avr6/libm.a(fp_negdi.o)
                              /home/jin/local/avr/lib/gcc/avr/4.6.3/../../../../avr/lib/avr6/libm.a(fixsfdi.o) (__fp_negdi)
/home/jin/local/avr/lib/gcc/avr/4.6.3/../../../../avr/lib/avr6/libm.a(fp_pscA.o)
                              /home/jin/local/avr/lib/gcc/avr/4.6.3/../../../../avr/lib/avr6/libm.a(addsf3x.o) (__fp_pscA)
/home/jin/local/avr/lib/gcc/avr/4.6.3/../../../../avr/lib/avr6/libm.a(fp_pscB.o)
                              /home/jin/local/avr/lib/gcc/avr/4.6.3/../../../../avr/lib/avr6/libm.a(addsf3x.o) (__fp_pscB)
/home/jin/local/avr/lib/gcc/avr/4.6.3/../../../../avr/lib/avr6/libm.a(fp_round.o)
                              /home/jin/local/avr/lib/gcc/avr/4.6.3/../../../../avr/lib/avr6/libm.a(addsf3.o) (__fp_round)
/home/jin/local/avr/lib/gcc/avr/4.6.3/../../../../avr/lib/avr6/libm.a(fp_split3.o)
                              /home/jin/local/avr/lib/gcc/avr/4.6.3/../../../../avr/lib/avr6/libm.a(addsf3x.o) (__fp_split3)
/home/jin/local/avr/lib/gcc/avr/4.6.3/../../../../avr/lib/avr6/libm.a(fp_trunc.o)
                              /home/jin/local/avr/lib/gcc/avr/4.6.3/../../../../avr/lib/avr6/libm.a(ceil.o) (__fp_trunc)
/home/jin/local/avr/lib/gcc/avr/4.6.3/../../../../avr/lib/avr6/libm.a(fp_zero.o)
                              /home/jin/local/avr/lib/gcc/avr/4.6.3/../../../../avr/lib/avr6/libm.a(addsf3x.o) (__fp_zero)
/home/jin/local/avr/lib/gcc/avr/4.6.3/../../../../avr/lib/avr6/libm.a(gesf2.o)
                              build/mighty_one-2560/MightyBoard/Motherboard/StepperAccel.o (__gtsf2)
/home/jin/local/avr/lib/gcc/avr/4.6.3/../../../../avr/lib/avr6/libm.a(log.o)
                              build/mighty_one-2560/MightyBoard/shared/Thermistor.o (log)
/home/jin/local/avr/lib/gcc/avr/4.6.3/../../../../avr/lib/avr6/libm.a(mulsf3.o)
                              build/mighty_one-2560/MightyBoard/Motherboard/Command.o (__mulsf3)
/home/jin/local/avr/lib/gcc/avr/4.6.3/../../../../avr/lib/avr6/libm.a(mulsf3x.o)
[...]
Memory Configuration

Name             Origin             Length             Attributes
text             0x00000000         0x00100000         xr
data             0x00800200         0x0000fe00         rw !x
eeprom           0x00810000         0x00010000         rw !x
fuse             0x00820000         0x00000400         rw !x
lock             0x00830000         0x00000400         rw !x
signature        0x00840000         0x00000400         rw !x
*default*        0x00000000         0xffffffff

Linker script and memory map

Address of section .data set to 0x800200
LOAD /home/jin/local/avr/lib/gcc/avr/4.6.3/../../../../avr/lib/avr6/crtm2560.o
LOAD build/mighty_one-2560/MightyBoard/Motherboard/Command.o
LOAD build/mighty_one-2560/MightyBoard/Motherboard/DebugPacketProcessor.o
LOAD build/mighty_one-2560/MightyBoard/Motherboard/EepromMap.o
LOAD build/mighty_one-2560/MightyBoard/Motherboard/Host.o
LOAD build/mighty_one-2560/MightyBoard/Motherboard/Main.o
LOAD build/mighty_one-2560/MightyBoard/Motherboard/Motherboard.o
LOAD build/mighty_one-2560/MightyBoard/Motherboard/Piezo.o
LOAD build/mighty_one-2560/MightyBoard/Motherboard/Point.o
LOAD build/mighty_one-2560/MightyBoard/Motherboard/SDCard.o
LOAD build/mighty_one-2560/MightyBoard/Motherboard/SoftI2cManager.o
LOAD build/mighty_one-2560/MightyBoard/Motherboard/StepperAccel.o
LOAD build/mighty_one-2560/MightyBoard/Motherboard/StepperAccelPlanner.o
LOAD build/mighty_one-2560/MightyBoard/Motherboard/StepperAxis.o
LOAD build/mighty_one-2560/MightyBoard/Motherboard/Steppers.o
LOAD build/mighty_one-2560/MightyBoard/Motherboard/TWI.o
LOAD build/mighty_one-2560/MightyBoard/Motherboard/UtilityScripts.o
LOAD build/mighty_one-2560/MightyBoard/Motherboard/boards/mighty_one/ButtonArray.o
LOAD build/mighty_one-2560/MightyBoard/Motherboard/boards/mighty_one/Cutoff.o
LOAD build/mighty_one-2560/MightyBoard/Motherboard/boards/mighty_one/ExtruderBoard.o
LOAD build/mighty_one-2560/MightyBoard/Motherboard/boards/mighty_one/RGB_LED.o
LOAD build/mighty_one-2560/MightyBoard/Motherboard/lib_sd/byteordering.o
LOAD build/mighty_one-2560/MightyBoard/Motherboard/lib_sd/fat.o
LOAD build/mighty_one-2560/MightyBoard/Motherboard/lib_sd/partition.o
LOAD build/mighty_one-2560/MightyBoard/Motherboard/lib_sd/sd_crc.o
LOAD build/mighty_one-2560/MightyBoard/Motherboard/lib_sd/sd_raw.o
LOAD build/mighty_one-2560/MightyBoard/shared/AnalogPin.o
LOAD build/mighty_one-2560/MightyBoard/shared/AvrPort.o
LOAD build/mighty_one-2560/MightyBoard/shared/CoolingFan.o
LOAD build/mighty_one-2560/MightyBoard/shared/DigiPots.o
LOAD build/mighty_one-2560/MightyBoard/shared/Eeprom.o
LOAD build/mighty_one-2560/MightyBoard/shared/Heater.o
LOAD build/mighty_one-2560/MightyBoard/shared/Interface.o
LOAD build/mighty_one-2560/MightyBoard/shared/InterfaceBoard.o
LOAD build/mighty_one-2560/MightyBoard/shared/LiquidCrystalSerial.o
LOAD build/mighty_one-2560/MightyBoard/shared/Menu.o
LOAD build/mighty_one-2560/MightyBoard/shared/PID.o
LOAD build/mighty_one-2560/MightyBoard/shared/PSU.o
LOAD build/mighty_one-2560/MightyBoard/shared/Packet.o
LOAD build/mighty_one-2560/MightyBoard/shared/Pin.o
LOAD build/mighty_one-2560/MightyBoard/shared/TemperatureTable.o
LOAD build/mighty_one-2560/MightyBoard/shared/Thermistor.o
LOAD build/mighty_one-2560/MightyBoard/shared/Thermocouple.o
LOAD build/mighty_one-2560/MightyBoard/shared/Timeout.o
LOAD build/mighty_one-2560/MightyBoard/shared/UART.o
LOAD build/mighty_one-2560/MightyBoard/Motherboard/avrfix/avrfix.o
LOAD /home/jin/local/avr/lib/gcc/avr/4.6.3/../../../../avr/lib/avr6/libm.a
LOAD /home/jin/local/avr/lib/gcc/avr/4.6.3/avr6/libgcc.a
LOAD /home/jin/local/avr/lib/gcc/avr/4.6.3/../../../../avr/lib/avr6/libc.a
LOAD /home/jin/local/avr/lib/gcc/avr/4.6.3/avr6/libgcc.a

.hash
 *(.hash)

.dynsym
 *(.dynsym)

.dynstr
 *(.dynstr)

.gnu.version
 *(.gnu.version)

.gnu.version_d
 *(.gnu.version_d)

.gnu.version_r
 *(.gnu.version_r)

.rel.init
 *(.rel.init)

.rela.init
 *(.rela.init)

.rel.text
 *(.rel.text)
 *(.rel.text.*)
 *(.rel.gnu.linkonce.t*)

.rela.text
 *(.rela.text)
 *(.rela.text.*)
 *(.rela.gnu.linkonce.t*)

.rel.fini
 *(.rel.fini)

.rela.fini
 *(.rela.fini)

.rel.rodata
 *(.rel.rodata)
 *(.rel.rodata.*)
 *(.rel.gnu.linkonce.r*)

.rela.rodata
 *(.rela.rodata)
 *(.rela.rodata.*)
 *(.rela.gnu.linkonce.r*)

.rel.data
 *(.rel.data)
 *(.rel.data.*)
 *(.rel.gnu.linkonce.d*)

.rela.data
 *(.rela.data)
 *(.rela.data.*)
 *(.rela.gnu.linkonce.d*)

.rel.ctors
 *(.rel.ctors)

.rela.ctors
 *(.rela.ctors)

.rel.dtors
 *(.rel.dtors)

.rela.dtors
 *(.rela.dtors)

.rel.got
 *(.rel.got)

.rela.got
 *(.rela.got)

.rel.bss
 *(.rel.bss)

.rela.bss
 *(.rela.bss)

.rel.plt
 *(.rel.plt)

.rela.plt
 *(.rela.plt)

.text           0x00000000    0x1eda2
 *(.vectors)
 .vectors       0x00000000       0xe4 /home/jin/local/avr/lib/gcc/avr/4.6.3/../../../../avr/lib/avr6/crtm2560.o
                0x00000000                __vectors
                0x00000000                __vector_default
 *(.vectors)
 *(.progmem.gcc*)
 .progmem.gcc_sw_table
                0x000000e4       0x38 build/mighty_one-2560/MightyBoard/Motherboard/Host.o
 .progmem.gcc_sw_table
                0x0000011c       0x48 build/mighty_one-2560/MightyBoard/shared/Menu.o
 .progmem.gcc_fplib
                0x00000164       0x5a /home/jin/local/avr/lib/gcc/avr/4.6.3/../../../../avr/lib/avr6/libm.a(log.o)
 *(.progmem*)
 .progmem.data  0x000001be      0x20d build/mighty_one-2560/MightyBoard/Motherboard/Command.o
 .progmem.data  0x000003cb        0xd build/mighty_one-2560/MightyBoard/Motherboard/Host.o
 .progmem.data  0x000003d8      0x14f build/mighty_one-2560/MightyBoard/Motherboard/Motherboard.o
 .progmem.data  0x00000527      0x144 build/mighty_one-2560/MightyBoard/Motherboard/Piezo.o
 .progmem.data  0x0000066b      0x800 build/mighty_one-2560/MightyBoard/Motherboard/StepperAccel.o
 .progmem.data  0x00000e6b       0xc3 build/mighty_one-2560/MightyBoard/Motherboard/UtilityScripts.o
 .progmem.data  0x00000f2e      0x200 build/mighty_one-2560/MightyBoard/Motherboard/lib_sd/sd_crc.o
 .progmem.data  0x0000112e      0xae0 build/mighty_one-2560/MightyBoard/shared/Menu.o
                0x00001c0e                . = ALIGN (0x2)
                0x00001c0e                __trampolines_start = .
 *(.trampolines)
 .trampolines   0x00001c0e        0x0 linker stubs
 *(.trampolines*)
                0x00001c0e                __trampolines_end = .
 *(.jumptables)
 *(.jumptables*)
 *(.lowtext)
 *(.lowtext*)
                0x00001c0e                __ctors_start = .
 *(.ctors)
 .ctors         0x00001c0e        0x2 build/mighty_one-2560/MightyBoard/Motherboard/Command.o
 .ctors         0x00001c10        0x2 build/mighty_one-2560/MightyBoard/Motherboard/EepromMap.o
 .ctors         0x00001c12        0x2 build/mighty_one-2560/MightyBoard/Motherboard/Host.o
 .ctors         0x00001c14        0x2 build/mighty_one-2560/MightyBoard/Motherboard/Main.o
 .ctors         0x00001c16        0x2 build/mighty_one-2560/MightyBoard/Motherboard/Motherboard.o
 .ctors         0x00001c18        0x2 build/mighty_one-2560/MightyBoard/Motherboard/Piezo.o
 .ctors         0x00001c1a        0x2 build/mighty_one-2560/MightyBoard/Motherboard/SDCard.o
 .ctors         0x00001c1c        0x2 build/mighty_one-2560/MightyBoard/Motherboard/SoftI2cManager.o
 .ctors         0x00001c1e        0x2 build/mighty_one-2560/MightyBoard/Motherboard/StepperAccel.o
 .ctors         0x00001c20        0x2 build/mighty_one-2560/MightyBoard/Motherboard/StepperAccelPlanner.o
 .ctors         0x00001c22        0x2 build/mighty_one-2560/MightyBoard/Motherboard/StepperAxis.o
 .ctors         0x00001c24        0x2 build/mighty_one-2560/MightyBoard/Motherboard/Steppers.o
 .ctors         0x00001c26        0x2 build/mighty_one-2560/MightyBoard/Motherboard/UtilityScripts.o
 .ctors         0x00001c28        0x2 build/mighty_one-2560/MightyBoard/Motherboard/boards/mighty_one/ButtonArray.o
 .ctors         0x00001c2a        0x2 build/mighty_one-2560/MightyBoard/Motherboard/boards/mighty_one/Cutoff.o
 .ctors         0x00001c2c        0x2 build/mighty_one-2560/MightyBoard/Motherboard/boards/mighty_one/ExtruderBoard.o
 .ctors         0x00001c2e        0x2 build/mighty_one-2560/MightyBoard/Motherboard/boards/mighty_one/RGB_LED.o
 .ctors         0x00001c30        0x2 build/mighty_one-2560/MightyBoard/Motherboard/lib_sd/fat.o
 .ctors         0x00001c32        0x2 build/mighty_one-2560/MightyBoard/Motherboard/lib_sd/partition.o
 .ctors         0x00001c34        0x2 build/mighty_one-2560/MightyBoard/Motherboard/lib_sd/sd_raw.o
 .ctors         0x00001c36        0x2 build/mighty_one-2560/MightyBoard/shared/AvrPort.o
 .ctors         0x00001c38        0x2 build/mighty_one-2560/MightyBoard/shared/CoolingFan.o
 .ctors         0x00001c3a        0x2 build/mighty_one-2560/MightyBoard/shared/DigiPots.o
 .ctors         0x00001c3c        0x2 build/mighty_one-2560/MightyBoard/shared/Eeprom.o
 .ctors         0x00001c3e        0x2 build/mighty_one-2560/MightyBoard/shared/Heater.o
 .ctors         0x00001c40        0x2 build/mighty_one-2560/MightyBoard/shared/Interface.o
 .ctors         0x00001c42        0x2 build/mighty_one-2560/MightyBoard/shared/InterfaceBoard.o
 .ctors         0x00001c44        0x2 build/mighty_one-2560/MightyBoard/shared/LiquidCrystalSerial.o
 .ctors         0x00001c46        0x2 build/mighty_one-2560/MightyBoard/shared/Menu.o
 .ctors         0x00001c48        0x2 build/mighty_one-2560/MightyBoard/shared/PSU.o
 .ctors         0x00001c4a        0x2 build/mighty_one-2560/MightyBoard/shared/Pin.o
 .ctors         0x00001c4c        0x2 build/mighty_one-2560/MightyBoard/shared/Thermocouple.o
 .ctors         0x00001c4e        0x2 build/mighty_one-2560/MightyBoard/shared/Timeout.o
 .ctors         0x00001c50        0x2 build/mighty_one-2560/MightyBoard/shared/UART.o
                0x00001c52                __ctors_end = .
                0x00001c52                __dtors_start = .
 *(.dtors)
                0x00001c52                __dtors_end = .
 SORT(*)(.ctors)
 SORT(*)(.dtors)
 *(.init0)
 .init0         0x00001c52        0x0 /home/jin/local/avr/lib/gcc/avr/4.6.3/../../../../avr/lib/avr6/crtm2560.o
                0x00001c52                __init
 *(.init0)
 *(.init1)
 .init1         0x00001c52       0x14 build/mighty_one-2560/MightyBoard/Motherboard/Main.o
                0x00001c52                _Z10StackPaintv
 *(.init1)
 *(.init2)
 .init2         0x00001c66       0x10 /home/jin/local/avr/lib/gcc/avr/4.6.3/../../../../avr/lib/avr6/crtm2560.o
 *(.init2)
 *(.init3)
 *(.init3)
 *(.init4)
 .init4         0x00001c76       0x1a /home/jin/local/avr/lib/gcc/avr/4.6.3/avr6/libgcc.a(_copy_data.o)
                0x00001c76                __do_copy_data
 .init4         0x00001c90       0x10 /home/jin/local/avr/lib/gcc/avr/4.6.3/avr6/libgcc.a(_clear_bss.o)
                0x00001c90                __do_clear_bss
 *(.init4)
 *(.init5)
 *(.init5)
 *(.init6)
 .init6         0x00001ca0       0x20 /home/jin/local/avr/lib/gcc/avr/4.6.3/avr6/libgcc.a(_ctors.o)
                0x00001ca0                __do_global_ctors
 *(.init6)
 *(.init7)
 *(.init7)
 *(.init8)
 *(.init8)
 *(.init9)
 .init9         0x00001cc0        0x8 /home/jin/local/avr/lib/gcc/avr/4.6.3/../../../../avr/lib/avr6/crtm2560.o
 *(.init9)
 *(.text)
 .text          0x00001cc8        0x4 /home/jin/local/avr/lib/gcc/avr/4.6.3/../../../../avr/lib/avr6/crtm2560.o
                0x00001cc8                __vector_38
                0x00001cc8                __vector_22
                0x00001cc8                __vector_28
                0x00001cc8                __vector_1
                0x00001cc8                __vector_34
                0x00001cc8                __vector_24
                0x00001cc8                __vector_12
                0x00001cc8                __vector_55
                0x00001cc8                __vector_46
                0x00001cc8                __bad_interrupt
                0x00001cc8                __vector_6
                0x00001cc8                __vector_31
                0x00001cc8                __vector_35
                0x00001cc8                __vector_39
                0x00001cc8                __vector_3
                0x00001cc8                __vector_23
                0x00001cc8                __vector_30
                0x00001cc8                __vector_45
                0x00001cc8                __vector_11
                0x00001cc8                __vector_54
                0x00001cc8                __vector_17
                0x00001cc8                __vector_19
                0x00001cc8                __vector_56
                0x00001cc8                __vector_7
                0x00001cc8                __vector_49
                0x00001cc8                __vector_41
                0x00001cc8                __vector_43
                0x00001cc8                __vector_5
                0x00001cc8                __vector_33
                0x00001cc8                __vector_52
                0x00001cc8                __vector_37
                0x00001cc8                __vector_4
                0x00001cc8                __vector_44
                0x00001cc8                __vector_51
                0x00001cc8                __vector_9
                0x00001cc8                __vector_2
                0x00001cc8                __vector_21
                0x00001cc8                __vector_15
                0x00001cc8                __vector_36
                0x00001cc8                __vector_40
                0x00001cc8                __vector_8
                0x00001cc8                __vector_26
                0x00001cc8                __vector_48
                0x00001cc8                __vector_14
                0x00001cc8                __vector_53
                0x00001cc8                __vector_10
                0x00001cc8                __vector_50
                0x00001cc8                __vector_16
                0x00001cc8                __vector_18
                0x00001cc8                __vector_20
                0x00001cc8                __vector_42
 .text          0x00001ccc      0x1a6 /home/jin/local/avr/lib/gcc/avr/4.6.3/avr6/libgcc.a(_muldi3.o)
                0x00001ccc                __muldi3
 .text          0x00001e72       0xf4 /home/jin/local/avr/lib/gcc/avr/4.6.3/avr6/libgcc.a(_lshrdi3.o)
                0x00001e72                __lshrdi3
 .text          0x00001f66       0xf4 /home/jin/local/avr/lib/gcc/avr/4.6.3/avr6/libgcc.a(_ashldi3.o)
                0x00001f66                __ashldi3
 .text          0x0000205a       0xdc /home/jin/local/avr/lib/gcc/avr/4.6.3/avr6/libgcc.a(_ashrdi3.o)
                0x0000205a                __ashrdi3
 .text          0x00002136      0xf7e /home/jin/local/avr/lib/gcc/avr/4.6.3/avr6/libgcc.a(_divdi3.o)
                0x00002136                __divdi3
                0x000030b4                . = ALIGN (0x2)
 *(.text.*)
 .text._ZN7commandL10pstop_incrEv
                0x000030b4       0x1e build/mighty_one-2560/MightyBoard/Motherboard/Command.o
 .text._ZN7commandL10heatersOffEv
                0x000030d2       0x12 build/mighty_one-2560/MightyBoard/Motherboard/Command.o
 .text._ZN7command20getRemainingCapacityEv
                0x000030e4       0x1a build/mighty_one-2560/MightyBoard/Motherboard/Command.o
                0x000030e4                _ZN7command20getRemainingCapacityEv
 .text._ZN7command20displayStatusMessageEPKhS1_
                0x000030fe       0x70 build/mighty_one-2560/MightyBoard/Motherboard/Command.o
                0x000030fe                _ZN7command20displayStatusMessageEPKhS1_
 .text._ZN7command19removeStatusMessageEv
                0x0000316e       0x50 build/mighty_one-2560/MightyBoard/Motherboard/Command.o
                0x0000316e                _ZN7command19removeStatusMessageEv
 .text._ZN7command18getBuildPercentageEv
                0x000031be        0x6 build/mighty_one-2560/MightyBoard/Motherboard/Command.o
                0x000031be                _ZN7command18getBuildPercentageEv
 .text._ZN7command19pauseUnRetractClearEv
                0x000031c4        0x6 build/mighty_one-2560/MightyBoard/Motherboard/Command.o
                0x000031c4                _ZN7command19pauseUnRetractClearEv
 .text._ZN7command5pauseEbb
                0x000031ca       0x18 build/mighty_one-2560/MightyBoard/Motherboard/Command.o
                0x000031ca                _ZN7command5pauseEbb
 .text._ZN7command12heatShutdownEv
                0x000031e2        0x8 build/mighty_one-2560/MightyBoard/Motherboard/Command.o
                0x000031e2                _ZN7command12heatShutdownEv
 .text._ZN7command8isPausedEv
                0x000031ea       0x1c build/mighty_one-2560/MightyBoard/Motherboard/Command.o
                0x000031ea                _ZN7command8isPausedEv
 .text._ZN7command10pauseStateEv
                0x00003206        0x6 build/mighty_one-2560/MightyBoard/Motherboard/Command.o
                0x00003206                _ZN7command10pauseStateEv
 .text._ZN7command22pauseIntermediateStateEv
                0x0000320c        0xe build/mighty_one-2560/MightyBoard/Motherboard/Command.o
                0x0000320c                _ZN7command22pauseIntermediateStateEv
 .text._ZN7command11pauseAtZPosEl
                0x0000321a       0x7e build/mighty_one-2560/MightyBoard/Motherboard/Command.o
                0x0000321a                _ZN7command11pauseAtZPosEl
 .text._ZN7command14getPauseAtZPosEv
                0x00003298       0x1e build/mighty_one-2560/MightyBoard/Motherboard/Command.o
                0x00003298                _ZN7command14getPauseAtZPosEv
 .text._ZN7command7isEmptyEv
                0x000032b6       0x14 build/mighty_one-2560/MightyBoard/Motherboard/Command.o
                0x000032b6                _ZN7command7isEmptyEv
 .text._ZN7command4pushEh
                0x000032ca       0x5c build/mighty_one-2560/MightyBoard/Motherboard/Command.o
                0x000032ca                _ZN7command4pushEh
 .text._ZN7command5resetEv
                0x00003326      0x158 build/mighty_one-2560/MightyBoard/Motherboard/Command.o
                0x00003326                _ZN7command5resetEv
 .text._ZN7command9isWaitingEv
                0x0000347e        0xe build/mighty_one-2560/MightyBoard/Motherboard/Command.o
                0x0000347e                _ZN7command9isWaitingEv
 .text._ZN7command13getLineNumberEv
                0x0000348c       0x12 build/mighty_one-2560/MightyBoard/Motherboard/Command.o
                0x0000348c                _ZN7command13getLineNumberEv
 .text._ZN7command15clearLineNumberEv
                0x0000349e       0x12 build/mighty_one-2560/MightyBoard/Motherboard/Command.o
                0x0000349e                _ZN7command15clearLineNumberEv
 .text._ZN7command15retractFilamentEb
                0x000034b0      0x206 build/mighty_one-2560/MightyBoard/Motherboard/Command.o
                0x000034b0                _ZN7command15retractFilamentEb
 .text._ZN7command14platformAccessEb
                0x000036b6      0x526 build/mighty_one-2560/MightyBoard/Motherboard/Command.o
                0x000036b6                _ZN7command14platformAccessEb
 .text._ZN7command17getFilamentLengthEh
                0x00003bdc       0xe0 build/mighty_one-2560/MightyBoard/Motherboard/Command.o
                0x00003bdc                _ZN7command17getFilamentLengthEh
 .text._ZN7command26addFilamentUsedForExtruderEh
                0x00003cbc      0x19e build/mighty_one-2560/MightyBoard/Motherboard/Command.o
                0x00003cbc                _ZN7command26addFilamentUsedForExtruderEh
 .text._ZN7command15addFilamentUsedEv
                0x00003e5a        0xe build/mighty_one-2560/MightyBoard/Motherboard/Command.o
                0x00003e5a                _ZN7command15addFilamentUsedEv
 .text._ZN7command21getLastFilamentLengthEh
                0x00003e68       0xe0 build/mighty_one-2560/MightyBoard/Motherboard/Command.o
                0x00003e68                _ZN7command21getLastFilamentLengthEh
 .text._ZN7command12filamentUsedEv
                0x00003f48       0xb4 build/mighty_one-2560/MightyBoard/Motherboard/Command.o
                0x00003f48                _ZN7command12filamentUsedEv
 .text._ZN7command20saveDigiPotsAndPowerEb
                0x00003ffc       0x42 build/mighty_one-2560/MightyBoard/Motherboard/Command.o
                0x00003ffc                _ZN7command20saveDigiPotsAndPowerEb
 .text._ZN7command15restoreDigiPotsEv
                0x0000403e       0x24 build/mighty_one-2560/MightyBoard/Motherboard/Command.o
                0x0000403e                _ZN7command15restoreDigiPotsEv
 .text._ZN7command28processExtruderCommandPacketEa
                0x00004062      0x2c6 build/mighty_one-2560/MightyBoard/Motherboard/Command.o
                0x00004062                _ZN7command28processExtruderCommandPacketEa
 .text._ZN7command16handlePauseStateEv
                0x00004328      0x436 build/mighty_one-2560/MightyBoard/Motherboard/Command.o
                0x00004328                _ZN7command16handlePauseStateEv
 .text._ZN19CircularBufferTemplIhE3popEv
                0x0000475e       0x4e build/mighty_one-2560/MightyBoard/Motherboard/Command.o
                0x0000475e                _ZN19CircularBufferTemplIhE3popEv
 .text._ZN7command5pop32Ev
                0x000047ac       0x54 build/mighty_one-2560/MightyBoard/Motherboard/Command.o
                0x000047ac                _ZN7command5pop32Ev
 .text._ZN7command5pop16Ev
                0x00004800       0x24 build/mighty_one-2560/MightyBoard/Motherboard/Command.o
                0x00004800                _ZN7command5pop16Ev
 .text._ZN7command4pop8Ev
                0x00004824        0xa build/mighty_one-2560/MightyBoard/Motherboard/Command.o
                0x00004824                _ZN7command4pop8Ev
 .text._ZN7command15runCommandSliceEv
                0x0000482e     0x1fdc build/mighty_one-2560/MightyBoard/Motherboard/Command.o
                0x0000482e                _ZN7command15runCommandSliceEv
 .text.startup._GLOBAL__sub_I__ZN7command15pstop_triggeredE
                0x0000680a       0x68 build/mighty_one-2560/MightyBoard/Motherboard/Command.o
 .text._ZN6eeprom20setDefaultCoolingFanEj
                0x00006872       0x2c build/mighty_one-2560/MightyBoard/Motherboard/EepromMap.o
                0x00006872                _ZN6eeprom20setDefaultCoolingFanEj
 .text._ZN6eeprom13setDefaultPIDEj
                0x0000689e       0x38 build/mighty_one-2560/MightyBoard/Motherboard/EepromMap.o
                0x0000689e                _ZN6eeprom13setDefaultPIDEj
 .text._ZN6eeprom19setDefaultsExtruderEij
                0x000068d6       0x82 build/mighty_one-2560/MightyBoard/Motherboard/EepromMap.o
                0x000068d6                _ZN6eeprom19setDefaultsExtruderEij
 .text._ZN6eeprom18SetDefaultsThermalEj
                0x00006958       0x38 build/mighty_one-2560/MightyBoard/Motherboard/EepromMap.o
                0x00006958                _ZN6eeprom18SetDefaultsThermalEj
 .text._ZN6eeprom20setDefaultLedEffectsEj
                0x00006990       0x4a build/mighty_one-2560/MightyBoard/Motherboard/EepromMap.o
                0x00006990                _ZN6eeprom20setDefaultLedEffectsEj
 .text._ZN6eeprom14setCustomColorEhhh
                0x000069da       0x4a build/mighty_one-2560/MightyBoard/Motherboard/EepromMap.o
                0x000069da                _ZN6eeprom14setCustomColorEhhh
 .text._ZN6eeprom18eeprom_write_soundE5Soundj
                0x00006a24       0x32 build/mighty_one-2560/MightyBoard/Motherboard/EepromMap.o
                0x00006a24                _ZN6eeprom18eeprom_write_soundE5Soundj
 .text._ZN6eeprom21setDefaultBuzzEffectsEj
                0x00006a56       0x10 build/mighty_one-2560/MightyBoard/Motherboard/EepromMap.o
                0x00006a56                _ZN6eeprom21setDefaultBuzzEffectsEj
 .text._ZN6eeprom18setDefaultsPreheatEj
                0x00006a66       0x36 build/mighty_one-2560/MightyBoard/Motherboard/EepromMap.o
                0x00006a66                _ZN6eeprom18setDefaultsPreheatEj
 .text._ZN6eeprom23setDefaultsAccelerationEv
                0x00006a9c       0xe8 build/mighty_one-2560/MightyBoard/Motherboard/EepromMap.o
                0x00006a9c                _ZN6eeprom23setDefaultsAccelerationEv
 .text._ZN6eeprom19setDefaultsProfilesEj
                0x00006b84       0xea build/mighty_one-2560/MightyBoard/Motherboard/EepromMap.o
                0x00006b84                _ZN6eeprom19setDefaultsProfilesEj
 .text._ZN6eeprom12isSingleToolEv
                0x00006c6e       0x16 build/mighty_one-2560/MightyBoard/Motherboard/EepromMap.o
                0x00006c6e                _ZN6eeprom12isSingleToolEv
 .text._ZN6eeprom27setDefaultAxisHomePositionsEv
                0x00006c84       0x70 build/mighty_one-2560/MightyBoard/Motherboard/EepromMap.o
                0x00006c84                _ZN6eeprom27setDefaultAxisHomePositionsEv
 .text._ZN6eeprom16setToolHeadCountEh
                0x00006cf4       0x10 build/mighty_one-2560/MightyBoard/Motherboard/EepromMap.o
                0x00006cf4                _ZN6eeprom16setToolHeadCountEh
 .text._ZN6eeprom18factoryResetEEPROMEv
                0x00006d04      0x190 build/mighty_one-2560/MightyBoard/Motherboard/EepromMap.o
                0x00006d04                _ZN6eeprom18factoryResetEEPROMEv
 .text._ZN6eeprom6hasHBPEv
                0x00006e94       0x16 build/mighty_one-2560/MightyBoard/Motherboard/EepromMap.o
                0x00006e94                _ZN6eeprom6hasHBPEv
 .text._ZN6eeprom30storeToolheadToleranceDefaultsEv
                0x00006eaa       0x4e build/mighty_one-2560/MightyBoard/Motherboard/EepromMap.o
                0x00006eaa                _ZN6eeprom30storeToolheadToleranceDefaultsEv
 .text._ZN6eeprom12getBuildTimeEPjPh
                0x00006ef8       0x34 build/mighty_one-2560/MightyBoard/Motherboard/EepromMap.o
                0x00006ef8                _ZN6eeprom12getBuildTimeEPjPh
 .text._ZN6eeprom12setBuildTimeEjh
                0x00006f2c       0x1e build/mighty_one-2560/MightyBoard/Motherboard/EepromMap.o
                0x00006f2c                _ZN6eeprom12setBuildTimeEjh
 .text._ZN6eeprom15updateBuildTimeEhh
                0x00006f4a       0x5e build/mighty_one-2560/MightyBoard/Motherboard/EepromMap.o
                0x00006f4a                _ZN6eeprom15updateBuildTimeEhh
 .text._ZN6eeprom15fullResetEEPROMEv
                0x00006fa8       0x62 build/mighty_one-2560/MightyBoard/Motherboard/EepromMap.o
                0x00006fa8                _ZN6eeprom15fullResetEEPROMEv
 .text._ZN6eeprom10heatLightsEv
                0x0000700a       0x24 build/mighty_one-2560/MightyBoard/Motherboard/EepromMap.o
                0x0000700a                _ZN6eeprom10heatLightsEv
 .text.startup._GLOBAL__sub_I__ZN6eeprom20setDefaultCoolingFanEj
                0x0000702e       0x10 build/mighty_one-2560/MightyBoard/Motherboard/EepromMap.o
 .text._ZN4host20processCommandPacketERK8InPacketR9OutPacket
                0x0000703e       0x9a build/mighty_one-2560/MightyBoard/Motherboard/Host.o
                0x0000703e                _ZN4host20processCommandPacketERK8InPacketR9OutPacket
 .text._ZN4host12heatShutdownEv
                0x000070d8        0xe build/mighty_one-2560/MightyBoard/Motherboard/Host.o
                0x000070d8                _ZN4host12heatShutdownEv
 .text._ZN4host17handleGetPositionERK8InPacketR9OutPacket
                0x000070e6       0xaa build/mighty_one-2560/MightyBoard/Motherboard/Host.o
                0x000070e6                _ZN4host17handleGetPositionERK8InPacketR9OutPacket
 .text._ZN4host20handleGetPositionExtERK8InPacketR9OutPacket
                0x00007190       0xe4 build/mighty_one-2560/MightyBoard/Motherboard/Host.o
                0x00007190                _ZN4host20handleGetPositionExtERK8InPacketR9OutPacket
 .text._ZN4host18handleNextFilenameERK8InPacketR9OutPacket
                0x00007274       0xbe build/mighty_one-2560/MightyBoard/Motherboard/Host.o
                0x00007274                _ZN4host18handleNextFilenameERK8InPacketR9OutPacket
 .text._ZN4host16handleReadEepromERK8InPacketR9OutPacket
                0x00007332       0xb6 build/mighty_one-2560/MightyBoard/Motherboard/Host.o
                0x00007332                _ZN4host16handleReadEepromERK8InPacketR9OutPacket
 .text._ZN4host17handleWriteEepromERK8InPacketR9OutPacket
                0x000073e8      0x102 build/mighty_one-2560/MightyBoard/Motherboard/Host.o
                0x000073e8                _ZN4host17handleWriteEepromERK8InPacketR9OutPacket
 .text._ZN4host14getMachineNameEv
                0x000074ea       0x66 build/mighty_one-2560/MightyBoard/Motherboard/Host.o
                0x000074ea                _ZN4host14getMachineNameEv
 .text._ZN4host12getBuildNameEv
                0x00007550        0x6 build/mighty_one-2560/MightyBoard/Motherboard/Host.o
                0x00007550                _ZN4host12getBuildNameEv
 .text._ZN4host12getHostStateEv
                0x00007556        0x6 build/mighty_one-2560/MightyBoard/Motherboard/Host.o
                0x00007556                _ZN4host12getHostStateEv
 .text._ZN4host13getBuildStateEv
                0x0000755c        0x6 build/mighty_one-2560/MightyBoard/Motherboard/Host.o
                0x0000755c                _ZN4host13getBuildStateEv
 .text._ZN4host16startBuildFromSDEPch
                0x00007562       0x6e build/mighty_one-2560/MightyBoard/Motherboard/Host.o
                0x00007562                _ZN4host16startBuildFromSDEPch
 .text._ZN4host17startOnboardBuildEh
                0x000075d0       0x26 build/mighty_one-2560/MightyBoard/Motherboard/Host.o
                0x000075d0                _ZN4host17startOnboardBuildEh
 .text._ZN4host10pauseBuildEbb
                0x000075f6       0x60 build/mighty_one-2560/MightyBoard/Motherboard/Host.o
                0x000075f6                _ZN4host10pauseBuildEbb
 .text._ZN4host14startPrintTimeEv
                0x00007656       0x16 build/mighty_one-2560/MightyBoard/Motherboard/Host.o
                0x00007656                _ZN4host14startPrintTimeEv
 .text._ZN4host28handleBuildStartNotificationER19CircularBufferTemplIhE
                0x0000766c       0xf6 build/mighty_one-2560/MightyBoard/Motherboard/Host.o
                0x0000766c                _ZN4host28handleBuildStartNotificationER19CircularBufferTemplIhE
 .text._ZN4host15managePrintTimeEv
                0x00007762       0x28 build/mighty_one-2560/MightyBoard/Motherboard/Host.o
                0x00007762                _ZN4host15managePrintTimeEv
 .text._ZN4host12getPrintTimeERhS0_
                0x0000778a       0x40 build/mighty_one-2560/MightyBoard/Motherboard/Host.o
                0x0000778a                _ZN4host12getPrintTimeERhS0_
 .text._ZN4host13stopPrintTimeEv
                0x000077ca       0x5c build/mighty_one-2560/MightyBoard/Motherboard/Host.o
                0x000077ca                _ZN4host13stopPrintTimeEv
 .text._ZN4host12stopBuildNowEv
                0x00007826       0x60 build/mighty_one-2560/MightyBoard/Motherboard/Host.o
                0x00007826                _ZN4host12stopBuildNowEv
 .text._ZN4host9stopBuildEv
                0x00007886       0x3c build/mighty_one-2560/MightyBoard/Motherboard/Host.o
                0x00007886                _ZN4host9stopBuildEv
 .text._ZN4host27handleBuildStopNotificationEh
                0x000078c2       0x6a build/mighty_one-2560/MightyBoard/Motherboard/Host.o
                0x000078c2                _ZN4host27handleBuildStopNotificationEh
 .text._ZN4host19handleGetBuildStatsER9OutPacket
                0x0000792c       0x88 build/mighty_one-2560/MightyBoard/Motherboard/Host.o
                0x0000792c                _ZN4host19handleGetBuildStatsER9OutPacket
 .text._ZN4host26processExtruderQueryPacketERK8InPacketR9OutPacket
                0x000079b4      0x27e build/mighty_one-2560/MightyBoard/Motherboard/Host.o
                0x000079b4                _ZN4host26processExtruderQueryPacketERK8InPacketR9OutPacket
 .text._ZN4host18processQueryPacketERK8InPacketR9OutPacket
                0x00007c32      0x25c build/mighty_one-2560/MightyBoard/Motherboard/Host.o
                0x00007c32                _ZN4host18processQueryPacketERK8InPacketR9OutPacket
 .text._ZN4host12runHostSliceEv
                0x00007e8e      0x20a build/mighty_one-2560/MightyBoard/Motherboard/Host.o
                0x00007e8e                _ZN4host12runHostSliceEv
 .text.startup._GLOBAL__sub_I__ZN4host17packet_in_timeoutE
                0x00008098       0x30 build/mighty_one-2560/MightyBoard/Motherboard/Host.o
 .text._Z10StackCountv
                0x000080c8       0x20 build/mighty_one-2560/MightyBoard/Motherboard/Main.o
                0x000080c8                _Z10StackCountv
 .text._Z5resetb
                0x000080e8       0x70 build/mighty_one-2560/MightyBoard/Motherboard/Main.o
                0x000080e8                _Z5resetb
 .text.startup.main
                0x00008158       0x2c build/mighty_one-2560/MightyBoard/Motherboard/Main.o
                0x00008158                main
 .text.startup._GLOBAL__sub_I__Z10StackPaintv
                0x00008184       0x10 build/mighty_one-2560/MightyBoard/Motherboard/Main.o
 .text._ZN27BuildPlatformHeatingElement17setHeatingElementEh
                0x00008194       0x4c build/mighty_one-2560/MightyBoard/Motherboard/Motherboard.o
                0x00008194                _ZN27BuildPlatformHeatingElement17setHeatingElementEh
 .text._ZN11MotherboardC2Ev
                0x000081e0      0x204 build/mighty_one-2560/MightyBoard/Motherboard/Motherboard.o
                0x000081e0                _ZN11MotherboardC2Ev
                0x000081e0                _ZN11MotherboardC1Ev
 .text._ZN11Motherboard22setupAccelStepperTimerEv
                0x000083e4       0x22 build/mighty_one-2560/MightyBoard/Motherboard/Motherboard.o
                0x000083e4                _ZN11Motherboard22setupAccelStepperTimerEv
 .text._ZN11Motherboard10initClocksEv
                0x00008406       0x9c build/mighty_one-2560/MightyBoard/Motherboard/Motherboard.o
                0x00008406                _ZN11Motherboard10initClocksEv
 .text._ZN11Motherboard4initEv
                0x000084a2      0x122 build/mighty_one-2560/MightyBoard/Motherboard/Motherboard.o
                0x000084a2                _ZN11Motherboard4initEv
 .text._ZN11Motherboard16getCurrentMicrosEv
                0x000085c4       0x24 build/mighty_one-2560/MightyBoard/Motherboard/Motherboard.o
                0x000085c4                _ZN11Motherboard16getCurrentMicrosEv
 .text._ZN11Motherboard18doStepperInterruptEv
                0x000085e8       0x5c build/mighty_one-2560/MightyBoard/Motherboard/Motherboard.o
                0x000085e8                _ZN11Motherboard18doStepperInterruptEv
 .text._ZN11Motherboard13HeatingAlertsEv
                0x00008644      0x226 build/mighty_one-2560/MightyBoard/Motherboard/Motherboard.o
                0x00008644                _ZN11Motherboard13HeatingAlertsEv
 .text._ZN11Motherboard10heaterFailE14HeaterFailModeh
                0x0000886a       0x26 build/mighty_one-2560/MightyBoard/Motherboard/Motherboard.o
                0x0000886a                _ZN11Motherboard10heaterFailE14HeaterFailModeh
 .text._ZN11Motherboard21resetUserInputTimeoutEv
                0x00008890       0x12 build/mighty_one-2560/MightyBoard/Motherboard/Motherboard.o
                0x00008890                _ZN11Motherboard21resetUserInputTimeoutEv
 .text.__vector_32
                0x000088a2       0x54 build/mighty_one-2560/MightyBoard/Motherboard/Motherboard.o
                0x000088a2                __vector_32
 .text._ZN11Motherboard14interfaceBlinkEhh
                0x000088f6       0x2e build/mighty_one-2560/MightyBoard/Motherboard/Motherboard.o
                0x000088f6                _ZN11Motherboard14interfaceBlinkEhh
 .text._ZN11Motherboard15startButtonWaitEv
                0x00008924       0x28 build/mighty_one-2560/MightyBoard/Motherboard/Motherboard.o
                0x00008924                _ZN11Motherboard15startButtonWaitEv
 .text._ZN11Motherboard13errorResponseEPKhS1_bb
                0x0000894c       0x2c build/mighty_one-2560/MightyBoard/Motherboard/Motherboard.o
                0x0000894c                _ZN11Motherboard13errorResponseEPKhS1_bb
 .text._ZN11Motherboard13errorResponseEPKhbb
                0x00008978       0x14 build/mighty_one-2560/MightyBoard/Motherboard/Motherboard.o
                0x00008978                _ZN11Motherboard13errorResponseEPKhbb
 .text.__vector_13
                0x0000898c       0x50 build/mighty_one-2560/MightyBoard/Motherboard/Motherboard.o
                0x0000898c                __vector_13
 .text.__vector_47
                0x000089dc      0x134 build/mighty_one-2560/MightyBoard/Motherboard/Motherboard.o
                0x000089dc                __vector_47
 .text._ZN11Motherboard16setUsingPlatformEb
                0x00008b10        0xa build/mighty_one-2560/MightyBoard/Motherboard/Motherboard.o
                0x00008b10                _ZN11Motherboard16setUsingPlatformEb
 .text._ZN11Motherboard8setExtraEb
                0x00008b1a       0x6e build/mighty_one-2560/MightyBoard/Motherboard/Motherboard.o
                0x00008b1a                _ZN11Motherboard8setExtraEb
 .text._ZN11Motherboard10heatersOffEb
                0x00008b88       0x4e build/mighty_one-2560/MightyBoard/Motherboard/Motherboard.o
                0x00008b88                _ZN11Motherboard10heatersOffEb
 .text._ZN11Motherboard19runMotherboardSliceEv
                0x00008bd6      0x308 build/mighty_one-2560/MightyBoard/Motherboard/Motherboard.o
                0x00008bd6                _ZN11Motherboard19runMotherboardSliceEv
 .text._ZN11Motherboard5resetEb
                0x00008ede      0x1b4 build/mighty_one-2560/MightyBoard/Motherboard/Motherboard.o
                0x00008ede                _ZN11Motherboard5resetEb
 .text._ZN11Motherboard16interfaceBlinkOnEv
                0x00009092        0xe build/mighty_one-2560/MightyBoard/Motherboard/Motherboard.o
                0x00009092                _ZN11Motherboard16interfaceBlinkOnEv
 .text._ZN11Motherboard17interfaceBlinkOffEv
                0x000090a0        0xe build/mighty_one-2560/MightyBoard/Motherboard/Motherboard.o
                0x000090a0                _ZN11Motherboard17interfaceBlinkOffEv
 .text._ZN11Motherboard12pauseHeatersEb
                0x000090ae       0x1c build/mighty_one-2560/MightyBoard/Motherboard/Motherboard.o
                0x000090ae                _ZN11Motherboard12pauseHeatersEb
 .text.startup._GLOBAL__sub_I_board_status
                0x000090ca       0x18 build/mighty_one-2560/MightyBoard/Motherboard/Motherboard.o
 .text._ZN5Piezo14shutdown_timerEv
                0x000090e2       0x10 build/mighty_one-2560/MightyBoard/Motherboard/Piezo.o
                0x000090e2                _ZN5Piezo14shutdown_timerEv
 .text._ZN5Piezo5resetEv
                0x000090f2       0x94 build/mighty_one-2560/MightyBoard/Motherboard/Piezo.o
                0x000090f2                _ZN5Piezo5resetEv
 .text._ZN5Piezo15processNextToneEv
                0x00009186      0x148 build/mighty_one-2560/MightyBoard/Motherboard/Piezo.o
                0x00009186                _ZN5Piezo15processNextToneEv
 .text._ZN5Piezo7setToneEjj
                0x000092ce       0xa2 build/mighty_one-2560/MightyBoard/Motherboard/Piezo.o
                0x000092ce                _ZN5Piezo7setToneEjj
 .text._ZN5Piezo9isPlayingEv
                0x00009370        0x6 build/mighty_one-2560/MightyBoard/Motherboard/Piezo.o
                0x00009370                _ZN5Piezo9isPlayingEv
 .text._ZN5Piezo13runPiezoSliceEv
                0x00009376       0x22 build/mighty_one-2560/MightyBoard/Motherboard/Piezo.o
                0x00009376                _ZN5Piezo13runPiezoSliceEv
 .text._ZN5Piezo8playTuneEh
                0x00009398       0x74 build/mighty_one-2560/MightyBoard/Motherboard/Piezo.o
                0x00009398                _ZN5Piezo8playTuneEh
 .text._ZN5Piezo9errorToneEh
                0x0000940c       0x3e build/mighty_one-2560/MightyBoard/Motherboard/Piezo.o
                0x0000940c                _ZN5Piezo9errorToneEh
 .text.startup._GLOBAL__sub_I__ZN5Piezo9tones_bufE
                0x0000944a       0x48 build/mighty_one-2560/MightyBoard/Motherboard/Piezo.o
 .text._ZN5PointC2Ev
                0x00009492        0x2 build/mighty_one-2560/MightyBoard/Motherboard/Point.o
                0x00009492                _ZN5PointC2Ev
                0x00009492                _ZN5PointC1Ev
 .text._ZN5PointC2Elllll
                0x00009494       0x68 build/mighty_one-2560/MightyBoard/Motherboard/Point.o
                0x00009494                _ZN5PointC1Elllll
                0x00009494                _ZN5PointC2Elllll
 .text._ZNK5PointixEj
                0x000094fc       0x10 build/mighty_one-2560/MightyBoard/Motherboard/Point.o
                0x000094fc                _ZNK5PointixEj
 .text._ZN5PointixEj
                0x0000950c       0x10 build/mighty_one-2560/MightyBoard/Motherboard/Point.o
                0x0000950c                _ZN5PointixEj
 .text._ZN6sdcardL10finishFileEv
                0x0000951c       0x1e build/mighty_one-2560/MightyBoard/Motherboard/SDCard.o
 .text._ZN6sdcardL16changeWorkingDirEP20fat_dir_entry_struct
                0x0000953a       0x92 build/mighty_one-2560/MightyBoard/Motherboard/SDCard.o
 .text._ZN6sdcardL13findFileInDirEPKcP20fat_dir_entry_struct.constprop.2
                0x000095cc       0x46 build/mighty_one-2560/MightyBoard/Motherboard/SDCard.o
 .text._ZN6sdcardL8openFileEPKc
                0x00009612       0x74 build/mighty_one-2560/MightyBoard/Motherboard/SDCard.o
 .text._ZN6sdcard15changeDirectoryEPKc
                0x00009686       0x56 build/mighty_one-2560/MightyBoard/Motherboard/SDCard.o
                0x00009686                _ZN6sdcard15changeDirectoryEPKc
 .text._ZN6sdcard9isPlayingEv
                0x000096dc        0x6 build/mighty_one-2560/MightyBoard/Motherboard/SDCard.o
                0x000096dc                _ZN6sdcard9isPlayingEv
 .text._ZN6sdcard9writeByteEh
                0x000096e2       0x36 build/mighty_one-2560/MightyBoard/Motherboard/SDCard.o
                0x000096e2                _ZN6sdcard9writeByteEh
 .text._ZN6sdcard13finishCaptureEv
                0x00009718       0x22 build/mighty_one-2560/MightyBoard/Motherboard/SDCard.o
                0x00009718                _ZN6sdcard13finishCaptureEv
 .text._ZN6sdcard13fetchNextByteEv
                0x0000973a       0x46 build/mighty_one-2560/MightyBoard/Motherboard/SDCard.o
                0x0000973a                _ZN6sdcard13fetchNextByteEv
 .text._ZN6sdcard15playbackHasNextEv
                0x00009780        0x6 build/mighty_one-2560/MightyBoard/Motherboard/SDCard.o
                0x00009780                _ZN6sdcard15playbackHasNextEv
 .text._ZN6sdcard12playbackNextEv
                0x00009786       0x1e build/mighty_one-2560/MightyBoard/Motherboard/SDCard.o
                0x00009786                _ZN6sdcard12playbackNextEv
 .text._ZN6sdcard14finishPlaybackEv
                0x000097a4       0x16 build/mighty_one-2560/MightyBoard/Motherboard/SDCard.o
                0x000097a4                _ZN6sdcard14finishPlaybackEv
 .text._ZN6sdcard5resetEv
                0x000097ba       0x60 build/mighty_one-2560/MightyBoard/Motherboard/SDCard.o
                0x000097ba                _ZN6sdcard5resetEv
 .text._ZN6sdcardL8initCardEv
                0x0000981a      0x112 build/mighty_one-2560/MightyBoard/Motherboard/SDCard.o
 .text._ZN6sdcard13startPlaybackEPc
                0x0000992c       0x52 build/mighty_one-2560/MightyBoard/Motherboard/SDCard.o
                0x0000992c                _ZN6sdcard13startPlaybackEPc
 .text._ZN6sdcard12startCaptureEPc
                0x0000997e       0xae build/mighty_one-2560/MightyBoard/Motherboard/SDCard.o
                0x0000997e                _ZN6sdcard12startCaptureEPc
 .text._ZN6sdcard18directoryNextEntryEPchPhPb
                0x00009a2c       0xea build/mighty_one-2560/MightyBoard/Motherboard/SDCard.o
                0x00009a2c                _ZN6sdcard18directoryNextEntryEPchPhPb
 .text._ZN6sdcard14directoryResetEv
                0x00009b16       0x20 build/mighty_one-2560/MightyBoard/Motherboard/SDCard.o
                0x00009b16                _ZN6sdcard14directoryResetEv
 .text._ZN6sdcard10fileExistsEPKc
                0x00009b36       0x48 build/mighty_one-2560/MightyBoard/Motherboard/SDCard.o
                0x00009b36                _ZN6sdcard10fileExistsEPKc
 .text.startup._GLOBAL__sub_I__ZN6sdcard10mustReinitE
                0x00009b7e       0x10 build/mighty_one-2560/MightyBoard/Motherboard/SDCard.o
 .text._ZN14SoftI2cManagerC2Ev
                0x00009b8e      0x10e build/mighty_one-2560/MightyBoard/Motherboard/SoftI2cManager.o
                0x00009b8e                _ZN14SoftI2cManagerC2Ev
                0x00009b8e                _ZN14SoftI2cManagerC1Ev
 .text._ZN14SoftI2cManager4initEv
                0x00009c9c       0x60 build/mighty_one-2560/MightyBoard/Motherboard/SoftI2cManager.o
                0x00009c9c                _ZN14SoftI2cManager4initEv
 .text._ZN14SoftI2cManager4readEbRK3Pin
                0x00009cfc       0xa0 build/mighty_one-2560/MightyBoard/Motherboard/SoftI2cManager.o
                0x00009cfc                _ZN14SoftI2cManager4readEbRK3Pin
 .text._ZN14SoftI2cManager4stopEv
                0x00009d9c       0x54 build/mighty_one-2560/MightyBoard/Motherboard/SoftI2cManager.o
                0x00009d9c                _ZN14SoftI2cManager4stopEv
 .text._ZN14SoftI2cManager5writeEhRK3Pin
                0x00009df0       0xa8 build/mighty_one-2560/MightyBoard/Motherboard/SoftI2cManager.o
                0x00009df0                _ZN14SoftI2cManager5writeEhRK3Pin
 .text._ZN14SoftI2cManager5startEhRK3Pin
                0x00009e98       0x62 build/mighty_one-2560/MightyBoard/Motherboard/SoftI2cManager.o
                0x00009e98                _ZN14SoftI2cManager5startEhRK3Pin
 .text.startup._GLOBAL__sub_I__ZN14SoftI2cManager10i2cManagerE
                0x00009efa       0x18 build/mighty_one-2560/MightyBoard/Motherboard/SoftI2cManager.o
 .text._Z12st_interruptv
                0x00009f12     0x2208 build/mighty_one-2560/MightyBoard/Motherboard/StepperAccel.o
                0x00009f12                _Z12st_interruptv
 .text._Z21st_extruder_interruptv
                0x0000c11a      0x274 build/mighty_one-2560/MightyBoard/Motherboard/StepperAccel.o
                0x0000c11a                _Z21st_extruder_interruptv
 .text._Z7st_initv
                0x0000c38e      0x196 build/mighty_one-2560/MightyBoard/Motherboard/StepperAccel.o
                0x0000c38e                _Z7st_initv
 .text._Z8st_emptyv
                0x0000c524       0x10 build/mighty_one-2560/MightyBoard/Motherboard/StepperAccel.o
                0x0000c524                _Z8st_emptyv
 .text._Z15st_set_positionRKlS0_S0_S0_S0_
                0x0000c534       0xaa build/mighty_one-2560/MightyBoard/Motherboard/StepperAccel.o
                0x0000c534                _Z15st_set_positionRKlS0_S0_S0_S0_
 .text._Z15st_get_positionPlS_S_S_S_Ph
                0x0000c5de       0xb6 build/mighty_one-2560/MightyBoard/Motherboard/StepperAccel.o
                0x0000c5de                _Z15st_get_positionPlS_S_S_S_Ph
 .text._Z9quickStopv
                0x0000c694       0xf0 build/mighty_one-2560/MightyBoard/Motherboard/StepperAccel.o
                0x0000c694                _Z9quickStopv
 .text._Z17st_deprime_enableb
                0x0000c784       0x10 build/mighty_one-2560/MightyBoard/Motherboard/StepperAccel.o
                0x0000c784                _Z17st_deprime_enableb
 .text.startup._GLOBAL__sub_I_current_block
                0x0000c794       0x10 build/mighty_one-2560/MightyBoard/Motherboard/StepperAccel.o
 .text._ZL6isqrt1i
                0x0000c7a4       0x28 build/mighty_one-2560/MightyBoard/Motherboard/StepperAccelPlanner.o
 .text._Z29calculate_trapezoid_for_blockP7block_tll
                0x0000c7cc      0x630 build/mighty_one-2560/MightyBoard/Motherboard/StepperAccelPlanner.o
                0x0000c7cc                _Z29calculate_trapezoid_for_blockP7block_tll
 .text._Z27planner_reverse_pass_kernelP7block_tS0_
                0x0000cdfc      0x3ce build/mighty_one-2560/MightyBoard/Motherboard/StepperAccelPlanner.o
                0x0000cdfc                _Z27planner_reverse_pass_kernelP7block_tS0_
 .text._Z20planner_reverse_passv
                0x0000d1ca       0x5e build/mighty_one-2560/MightyBoard/Motherboard/StepperAccelPlanner.o
                0x0000d1ca                _Z20planner_reverse_passv
 .text._Z27planner_forward_pass_kernelP7block_tS0_
                0x0000d228      0x3f6 build/mighty_one-2560/MightyBoard/Motherboard/StepperAccelPlanner.o
                0x0000d228                _Z27planner_forward_pass_kernelP7block_tS0_
 .text._Z20planner_forward_passv
                0x0000d61e       0x54 build/mighty_one-2560/MightyBoard/Motherboard/StepperAccelPlanner.o
                0x0000d61e                _Z20planner_forward_passv
 .text._Z30planner_recalculate_trapezoidsv
                0x0000d672      0x13a build/mighty_one-2560/MightyBoard/Motherboard/StepperAccelPlanner.o
                0x0000d672                _Z30planner_recalculate_trapezoidsv
 .text._Z19planner_recalculatev
                0x0000d7ac        0xe build/mighty_one-2560/MightyBoard/Motherboard/StepperAccelPlanner.o
                0x0000d7ac                _Z19planner_recalculatev
 .text._Z9plan_initllb
                0x0000d7ba       0xec build/mighty_one-2560/MightyBoard/Motherboard/StepperAccelPlanner.o
                0x0000d7ba                _Z9plan_initllb
 .text._Z16plan_buffer_linelRKmRKhbh
                0x0000d8a6     0x170e build/mighty_one-2560/MightyBoard/Motherboard/StepperAccelPlanner.o
                0x0000d8a6                _Z16plan_buffer_linelRKmRKhbh
 .text._Z17plan_set_positionRKlS0_S0_S0_S0_
                0x0000efb4       0xc4 build/mighty_one-2560/MightyBoard/Motherboard/StepperAccelPlanner.o
                0x0000efb4                _Z17plan_set_positionRKlS0_S0_S0_S0_
 .text.startup._GLOBAL__sub_I_max_acceleration_units_per_sq_second
                0x0000f078       0x10 build/mighty_one-2560/MightyBoard/Motherboard/StepperAccelPlanner.o
 .text._Z15stepperAxisInitb
                0x0000f088      0x530 build/mighty_one-2560/MightyBoard/Motherboard/StepperAxis.o
                0x0000f088                _Z15stepperAxisInitb
 .text._Z21stepperAxisStepsPerMMh
                0x0000f5b8       0x3c build/mighty_one-2560/MightyBoard/Motherboard/StepperAxis.o
                0x0000f5b8                _Z21stepperAxisStepsPerMMh
 .text._Z20stepperAxisStepsToMMlh
                0x0000f5f4       0x5a build/mighty_one-2560/MightyBoard/Motherboard/StepperAxis.o
                0x0000f5f4                _Z20stepperAxisStepsToMMlh
 .text._Z20stepperAxisMMToStepsfh
                0x0000f64e       0xc0 build/mighty_one-2560/MightyBoard/Motherboard/StepperAxis.o
                0x0000f64e                _Z20stepperAxisMMToStepsfh
 .text.startup._GLOBAL__sub_I_stepperAxisPorts
                0x0000f70e       0x10 build/mighty_one-2560/MightyBoard/Motherboard/StepperAxis.o
 .text._ZN8steppers8initPotsEv
                0x0000f71e       0x3a build/mighty_one-2560/MightyBoard/Motherboard/Steppers.o
                0x0000f71e                _ZN8steppers8initPotsEv
 .text._ZN8steppers9isRunningEv
                0x0000f758       0x12 build/mighty_one-2560/MightyBoard/Motherboard/Steppers.o
                0x0000f758                _ZN8steppers9isRunningEv
 .text._ZN8steppers20loadToleranceOffsetsEv
                0x0000f76a      0x276 build/mighty_one-2560/MightyBoard/Motherboard/Steppers.o
                0x0000f76a                _ZN8steppers20loadToleranceOffsetsEv
 .text._ZN8steppers4initEv
                0x0000f9e0       0x3c build/mighty_one-2560/MightyBoard/Motherboard/Steppers.o
                0x0000f9e0                _ZN8steppers4initEv
 .text._ZN8steppers13removeOffsetsERK5Point
                0x0000fa1c       0x86 build/mighty_one-2560/MightyBoard/Motherboard/Steppers.o
                0x0000fa1c                _ZN8steppers13removeOffsetsERK5Point
 .text._ZN8steppers14definePositionERK5Pointb
                0x0000faa2      0x124 build/mighty_one-2560/MightyBoard/Motherboard/Steppers.o
                0x0000faa2                _ZN8steppers14definePositionERK5Pointb
 .text._ZN8steppers18getPlannerPositionEv
                0x0000fbc6      0x13c build/mighty_one-2560/MightyBoard/Motherboard/Steppers.o
                0x0000fbc6                _ZN8steppers18getPlannerPositionEv
 .text._ZN8steppers18getStepperPositionEPh
                0x0000fd02      0x136 build/mighty_one-2560/MightyBoard/Motherboard/Steppers.o
                0x0000fd02                _ZN8steppers18getStepperPositionEPh
 .text._ZN8steppers8setHoldZEb
                0x0000fe38        0x6 build/mighty_one-2560/MightyBoard/Motherboard/Steppers.o
                0x0000fe38                _ZN8steppers8setHoldZEb
 .text._ZN8steppers12setTargetNewERK5Pointllh
                0x0000fe3e      0x25e build/mighty_one-2560/MightyBoard/Motherboard/Steppers.o
                0x0000fe3e                _ZN8steppers12setTargetNewERK5Pointllh
 .text._ZN8steppers15setTargetNewExtERK5Pointlhfi
                0x0001009c      0x3e4 build/mighty_one-2560/MightyBoard/Motherboard/Steppers.o
                0x0001009c                _ZN8steppers15setTargetNewExtERK5Pointlhfi
 .text._ZN8steppers11startHomingEbhm
                0x00010480      0x126 build/mighty_one-2560/MightyBoard/Motherboard/Steppers.o
                0x00010480                _ZN8steppers11startHomingEbhm
 .text._ZN8steppers10enableAxisEhb
                0x000105a6       0x2c build/mighty_one-2560/MightyBoard/Motherboard/Steppers.o
                0x000105a6                _ZN8steppers10enableAxisEhb
 .text._ZN8steppers10enableAxesEhb
                0x000105d2       0x5a build/mighty_one-2560/MightyBoard/Motherboard/Steppers.o
                0x000105d2                _ZN8steppers10enableAxesEhb
 .text._ZN8steppers14allAxesEnabledEv
                0x0001062c        0x6 build/mighty_one-2560/MightyBoard/Motherboard/Steppers.o
                0x0001062c                _ZN8steppers14allAxesEnabledEv
 .text._ZN8steppers15setAxisPotValueEhh
                0x00010632       0x24 build/mighty_one-2560/MightyBoard/Motherboard/Steppers.o
                0x00010632                _ZN8steppers15setAxisPotValueEhh
 .text._ZN8steppers15getAxisPotValueEh
                0x00010656       0x28 build/mighty_one-2560/MightyBoard/Motherboard/Steppers.o
                0x00010656                _ZN8steppers15getAxisPotValueEh
 .text._ZN8steppers12resetAxisPotEh
                0x0001067e       0x24 build/mighty_one-2560/MightyBoard/Motherboard/Steppers.o
                0x0001067e                _ZN8steppers12resetAxisPotEh
 .text._ZN8steppers20setSegmentAccelStateEb
                0x000106a2        0x6 build/mighty_one-2560/MightyBoard/Motherboard/Steppers.o
                0x000106a2                _ZN8steppers20setSegmentAccelStateEb
 .text._ZN8steppers15changeToolIndexEh
                0x000106a8       0x1e build/mighty_one-2560/MightyBoard/Motherboard/Steppers.o
                0x000106a8                _ZN8steppers15changeToolIndexEh
 .text._ZN8steppers16getEndstopStatusEv
                0x000106c6      0x16a build/mighty_one-2560/MightyBoard/Motherboard/Steppers.o
                0x000106c6                _ZN8steppers16getEndstopStatusEv
 .text._ZN8steppers13deprimeEnableEb
                0x00010830       0x10 build/mighty_one-2560/MightyBoard/Motherboard/Steppers.o
                0x00010830                _ZN8steppers13deprimeEnableEb
 .text._ZN8steppers5abortEv
                0x00010840       0x22 build/mighty_one-2560/MightyBoard/Motherboard/Steppers.o
                0x00010840                _ZN8steppers5abortEv
 .text._ZN8steppers5resetEv
                0x00010862      0x5e8 build/mighty_one-2560/MightyBoard/Motherboard/Steppers.o
                0x00010862                _ZN8steppers5resetEv
 .text._ZN8steppers16runSteppersSliceEv
                0x00010e4a        0x2 build/mighty_one-2560/MightyBoard/Motherboard/Steppers.o
                0x00010e4a                _ZN8steppers16runSteppersSliceEv
 .text._ZN8steppers18doStepperInterruptEv
                0x00010e4c       0x6a build/mighty_one-2560/MightyBoard/Motherboard/Steppers.o
                0x00010e4c                _ZN8steppers18doStepperInterruptEv
 .text._ZN8steppers19doExtruderInterruptEv
                0x00010eb6        0x6 build/mighty_one-2560/MightyBoard/Motherboard/Steppers.o
                0x00010eb6                _ZN8steppers19doExtruderInterruptEv
 .text.startup._GLOBAL__sub_I__ZN8steppers10alterSpeedE
                0x00010ebc      0x100 build/mighty_one-2560/MightyBoard/Motherboard/Steppers.o
 .text._Z14TWI_write_datahPhh
                0x00010fbc       0x7a build/mighty_one-2560/MightyBoard/Motherboard/TWI.o
                0x00010fbc                _Z14TWI_write_datahPhh
 .text._Z8TWI_initv
                0x00011036        0xc build/mighty_one-2560/MightyBoard/Motherboard/TWI.o
                0x00011036                _Z8TWI_initv
 .text._ZN7utility9isPlayingEv
                0x00011042        0x6 build/mighty_one-2560/MightyBoard/Motherboard/UtilityScripts.o
                0x00011042                _ZN7utility9isPlayingEv
 .text._ZN7utility5resetEv
                0x00011048       0x16 build/mighty_one-2560/MightyBoard/Motherboard/UtilityScripts.o
                0x00011048                _ZN7utility5resetEv
 .text._ZN7utility15playbackHasNextEv
                0x0001105e       0x1c build/mighty_one-2560/MightyBoard/Motherboard/UtilityScripts.o
                0x0001105e                _ZN7utility15playbackHasNextEv
 .text._ZN7utility12playbackNextEv
                0x0001107a       0x34 build/mighty_one-2560/MightyBoard/Motherboard/UtilityScripts.o
                0x0001107a                _ZN7utility12playbackNextEv
 .text._ZN7utility13startPlaybackEh
                0x000110ae       0x42 build/mighty_one-2560/MightyBoard/Motherboard/UtilityScripts.o
                0x000110ae                _ZN7utility13startPlaybackEh
 .text._ZN7utility14finishPlaybackEv
                0x000110f0        0x6 build/mighty_one-2560/MightyBoard/Motherboard/UtilityScripts.o
                0x000110f0                _ZN7utility14finishPlaybackEv
 .text.startup._GLOBAL__sub_I__ZN7utility10is_playingE
                0x000110f6       0x10 build/mighty_one-2560/MightyBoard/Motherboard/UtilityScripts.o
 .text._ZN11ButtonArray4initEv
                0x00011106       0x32 build/mighty_one-2560/MightyBoard/Motherboard/boards/mighty_one/ButtonArray.o
                0x00011106                _ZN11ButtonArray4initEv
 .text._ZN11ButtonArray11scanButtonsEv
                0x00011138       0xd8 build/mighty_one-2560/MightyBoard/Motherboard/boards/mighty_one/ButtonArray.o
                0x00011138                _ZN11ButtonArray11scanButtonsEv
 .text._ZN11ButtonArray9getButtonERNS_10ButtonNameE
                0x00011210       0x16 build/mighty_one-2560/MightyBoard/Motherboard/boards/mighty_one/ButtonArray.o
                0x00011210                _ZN11ButtonArray9getButtonERNS_10ButtonNameE
 .text._ZN11ButtonArray16clearButtonPressEv
                0x00011226        0x8 build/mighty_one-2560/MightyBoard/Motherboard/boards/mighty_one/ButtonArray.o
                0x00011226                _ZN11ButtonArray16clearButtonPressEv
 .text._ZN11ButtonArray15isButtonPressedENS_10ButtonNameE
                0x0001122e       0x18 build/mighty_one-2560/MightyBoard/Motherboard/boards/mighty_one/ButtonArray.o
                0x0001122e                _ZN11ButtonArray15isButtonPressedENS_10ButtonNameE
 .text._ZN11ButtonArray14setButtonDelayEm
                0x00011246       0x12 build/mighty_one-2560/MightyBoard/Motherboard/boards/mighty_one/ButtonArray.o
                0x00011246                _ZN11ButtonArray14setButtonDelayEm
 .text.startup._GLOBAL__sub_I__ZN11ButtonArray4initEv
                0x00011258       0x10 build/mighty_one-2560/MightyBoard/Motherboard/boards/mighty_one/ButtonArray.o
 .text._ZN6Cutoff11resetCutoffEv
                0x00011268       0x9c build/mighty_one-2560/MightyBoard/Motherboard/boards/mighty_one/Cutoff.o
                0x00011268                _ZN6Cutoff11resetCutoffEv
 .text._ZN6Cutoff7disableEv
                0x00011304       0x9c build/mighty_one-2560/MightyBoard/Motherboard/boards/mighty_one/Cutoff.o
                0x00011304                _ZN6Cutoff7disableEv
 .text._ZN6Cutoff4initEv
                0x000113a0       0xae build/mighty_one-2560/MightyBoard/Motherboard/boards/mighty_one/Cutoff.o
                0x000113a0                _ZN6Cutoff4initEv
 .text.startup._GLOBAL__sub_I__ZN6Cutoff4initEv
                0x0001144e       0x10 build/mighty_one-2560/MightyBoard/Motherboard/boards/mighty_one/Cutoff.o
 .text._ZN13ExtruderBoardC2Eh3PinS0_hj
                0x0001145e       0xc0 build/mighty_one-2560/MightyBoard/Motherboard/boards/mighty_one/ExtruderBoard.o
                0x0001145e                _ZN13ExtruderBoardC1Eh3PinS0_hj
                0x0001145e                _ZN13ExtruderBoardC2Eh3PinS0_hj
 .text._ZN13ExtruderBoard5resetEv
                0x0001151e       0x42 build/mighty_one-2560/MightyBoard/Motherboard/boards/mighty_one/ExtruderBoard.o
                0x0001151e                _ZN13ExtruderBoard5resetEv
 .text._ZN13ExtruderBoard16runExtruderSliceEv
                0x00011560       0x1c build/mighty_one-2560/MightyBoard/Motherboard/boards/mighty_one/ExtruderBoard.o
                0x00011560                _ZN13ExtruderBoard16runExtruderSliceEv
 .text._ZN13ExtruderBoard6setFanEh
                0x0001157c       0x14 build/mighty_one-2560/MightyBoard/Motherboard/boards/mighty_one/ExtruderBoard.o
                0x0001157c                _ZN13ExtruderBoard6setFanEh
 .text._Z9pwmEx2_Onb
                0x00011590       0x18 build/mighty_one-2560/MightyBoard/Motherboard/boards/mighty_one/ExtruderBoard.o
                0x00011590                _Z9pwmEx2_Onb
 .text._Z9pwmEx1_Onb
                0x000115a8       0x18 build/mighty_one-2560/MightyBoard/Motherboard/boards/mighty_one/ExtruderBoard.o
                0x000115a8                _Z9pwmEx1_Onb
 .text._ZN22ExtruderHeatingElement17setHeatingElementEh
                0x000115c0       0xbc build/mighty_one-2560/MightyBoard/Motherboard/boards/mighty_one/ExtruderBoard.o
                0x000115c0                _ZN22ExtruderHeatingElement17setHeatingElementEh
 .text.startup._GLOBAL__sub_I__ZN13ExtruderBoardC2Eh3PinS0_hj
                0x0001167c       0x10 build/mighty_one-2560/MightyBoard/Motherboard/boards/mighty_one/ExtruderBoard.o
 .text._ZN7RGB_LED12setBlinkRateEhhh
                0x0001168c       0x7e build/mighty_one-2560/MightyBoard/Motherboard/boards/mighty_one/RGB_LED.o
                0x0001168c                _ZN7RGB_LED12setBlinkRateEhhh
 .text._ZN7RGB_LED14toggleLEDNoPWMEbh
                0x0001170a       0x42 build/mighty_one-2560/MightyBoard/Motherboard/boards/mighty_one/RGB_LED.o
                0x0001170a                _ZN7RGB_LED14toggleLEDNoPWMEbh
 .text._ZN7RGB_LED13setBrightnessEhhh
                0x0001174c       0x94 build/mighty_one-2560/MightyBoard/Motherboard/boards/mighty_one/RGB_LED.o
                0x0001174c                _ZN7RGB_LED13setBrightnessEhhh
 .text._ZN7RGB_LED5clearEv
                0x000117e0        0xc build/mighty_one-2560/MightyBoard/Motherboard/boards/mighty_one/RGB_LED.o
                0x000117e0                _ZN7RGB_LED5clearEv
 .text._ZN7RGB_LED13errorSequenceEv
                0x000117ec       0x1a build/mighty_one-2560/MightyBoard/Motherboard/boards/mighty_one/RGB_LED.o
                0x000117ec                _ZN7RGB_LED13errorSequenceEv
 .text._ZN7RGB_LED8setColorEhhhb
                0x00011806      0x1be build/mighty_one-2560/MightyBoard/Motherboard/boards/mighty_one/RGB_LED.o
                0x00011806                _ZN7RGB_LED8setColorEhhhb
 .text._ZN7RGB_LED14setCustomColorEhhh
                0x000119c4       0x2a build/mighty_one-2560/MightyBoard/Motherboard/boards/mighty_one/RGB_LED.o
                0x000119c4                _ZN7RGB_LED14setCustomColorEhhh
 .text._ZN7RGB_LED15setDefaultColorEv
                0x000119ee      0x13a build/mighty_one-2560/MightyBoard/Motherboard/boards/mighty_one/RGB_LED.o
                0x000119ee                _ZN7RGB_LED15setDefaultColorEv
 .text._ZN7RGB_LED11setLEDBlinkEh
                0x00011b28        0xa build/mighty_one-2560/MightyBoard/Motherboard/boards/mighty_one/RGB_LED.o
                0x00011b28                _ZN7RGB_LED11setLEDBlinkEh
 .text._ZN7RGB_LED4initEv
                0x00011b32        0xa build/mighty_one-2560/MightyBoard/Motherboard/boards/mighty_one/RGB_LED.o
                0x00011b32                _ZN7RGB_LED4initEv
 .text.startup._GLOBAL__sub_I__ZN7RGB_LED9LEDSelectE
                0x00011b3c       0x10 build/mighty_one-2560/MightyBoard/Motherboard/boards/mighty_one/RGB_LED.o
 .text._ZL20fat_get_next_clusterPK13fat_fs_structm
                0x00011b4c      0x304 build/mighty_one-2560/MightyBoard/Motherboard/lib_sd/fat.o
 .text._ZL17fat_free_clustersP13fat_fs_structm
                0x00011e50      0x3e4 build/mighty_one-2560/MightyBoard/Motherboard/lib_sd/fat.o
 .text._ZL19fat_append_clustersP13fat_fs_structmm
                0x00012234      0x6ac build/mighty_one-2560/MightyBoard/Motherboard/lib_sd/fat.o
 .text._ZL26fat_clear_cluster_callbackPhyPv
                0x000128e0        0x6 build/mighty_one-2560/MightyBoard/Motherboard/lib_sd/fat.o
 .text._ZL18fat_cluster_offsetPK13fat_fs_structm
                0x000128e6      0x152 build/mighty_one-2560/MightyBoard/Motherboard/lib_sd/fat.o
 .text._ZL27fat_dir_entry_read_callbackPhyPv
                0x00012a38      0x2b4 build/mighty_one-2560/MightyBoard/Motherboard/lib_sd/fat.o
 .text._ZL19fat_write_dir_entryPK13fat_fs_structP20fat_dir_entry_struct
                0x00012cec      0x3de build/mighty_one-2560/MightyBoard/Motherboard/lib_sd/fat.o
 .text._ZL17fat_clear_clusterPK13fat_fs_structm.part.0
                0x000130ca       0x8a build/mighty_one-2560/MightyBoard/Motherboard/lib_sd/fat.o
 .text._ZL29fat_find_offset_for_dir_entryP13fat_fs_structPK14fat_dir_structPK20fat_dir_entry_struct.isra.1
                0x00013154      0x516 build/mighty_one-2560/MightyBoard/Motherboard/lib_sd/fat.o
 .text.fat_open
                0x0001366a      0x7c0 build/mighty_one-2560/MightyBoard/Motherboard/lib_sd/fat.o
                0x0001366a                fat_open
 .text.fat_close
                0x00013e2a        0xc build/mighty_one-2560/MightyBoard/Motherboard/lib_sd/fat.o
                0x00013e2a                fat_close
 .text.fat_open_file
                0x00013e36       0x98 build/mighty_one-2560/MightyBoard/Motherboard/lib_sd/fat.o
                0x00013e36                fat_open_file
 .text.fat_close_file
                0x00013ece       0x20 build/mighty_one-2560/MightyBoard/Motherboard/lib_sd/fat.o
                0x00013ece                fat_close_file
 .text.fat_read_file
                0x00013eee      0x5d0 build/mighty_one-2560/MightyBoard/Motherboard/lib_sd/fat.o
                0x00013eee                fat_read_file
 .text.fat_write_file
                0x000144be      0x63a build/mighty_one-2560/MightyBoard/Motherboard/lib_sd/fat.o
                0x000144be                fat_write_file
 .text.fat_open_dir
                0x00014af8       0x82 build/mighty_one-2560/MightyBoard/Motherboard/lib_sd/fat.o
                0x00014af8                fat_open_dir
 .text.fat_close_dir
                0x00014b7a        0xc build/mighty_one-2560/MightyBoard/Motherboard/lib_sd/fat.o
                0x00014b7a                fat_close_dir
 .text.fat_read_dir
                0x00014b86      0x376 build/mighty_one-2560/MightyBoard/Motherboard/lib_sd/fat.o
                0x00014b86                fat_read_dir
 .text.fat_get_dir_entry_of_path
                0x00014efc      0x116 build/mighty_one-2560/MightyBoard/Motherboard/lib_sd/fat.o
                0x00014efc                fat_get_dir_entry_of_path
 .text.fat_reset_dir
                0x00015012       0x22 build/mighty_one-2560/MightyBoard/Motherboard/lib_sd/fat.o
                0x00015012                fat_reset_dir
 .text.fat_create_file
                0x00015034       0xd4 build/mighty_one-2560/MightyBoard/Motherboard/lib_sd/fat.o
                0x00015034                fat_create_file
 .text.fat_delete_file
                0x00015108      0x1a4 build/mighty_one-2560/MightyBoard/Motherboard/lib_sd/fat.o
                0x00015108                fat_delete_file
 .text.startup._GLOBAL__sub_I_fat_errno
                0x000152ac       0x10 build/mighty_one-2560/MightyBoard/Motherboard/lib_sd/fat.o
 .text.partition_open
                0x000152bc      0x1c0 build/mighty_one-2560/MightyBoard/Motherboard/lib_sd/partition.o
                0x000152bc                partition_open
 .text.partition_close
                0x0001547c       0x10 build/mighty_one-2560/MightyBoard/Motherboard/lib_sd/partition.o
                0x0001547c                partition_close
 .text.startup._GLOBAL__sub_I_partition_open
                0x0001548c       0x10 build/mighty_one-2560/MightyBoard/Motherboard/lib_sd/partition.o
 .text._Z7sd_crc7PKhh
                0x0001549c       0x34 build/mighty_one-2560/MightyBoard/Motherboard/lib_sd/sd_crc.o
                0x0001549c                _Z7sd_crc7PKhh
 .text._Z8sd_crc16PKhj
                0x000154d0       0x34 build/mighty_one-2560/MightyBoard/Motherboard/lib_sd/sd_crc.o
                0x000154d0                _Z8sd_crc16PKhj
 .text._ZL16sd_raw_send_byteh
                0x00015504       0x20 build/mighty_one-2560/MightyBoard/Motherboard/lib_sd/sd_raw.o
 .text._ZL15sd_raw_rec_bytev
                0x00015524       0x24 build/mighty_one-2560/MightyBoard/Motherboard/lib_sd/sd_raw.o
 .text._ZL19sd_raw_send_commandhm
                0x00015548       0xce build/mighty_one-2560/MightyBoard/Motherboard/lib_sd/sd_raw.o
 .text.sd_raw_available
                0x00015616       0x38 build/mighty_one-2560/MightyBoard/Motherboard/lib_sd/sd_raw.o
                0x00015616                sd_raw_available
 .text.sd_raw_locked
                0x0001564e       0x34 build/mighty_one-2560/MightyBoard/Motherboard/lib_sd/sd_raw.o
                0x0001564e                sd_raw_locked
 .text.sd_raw_sync
                0x00015682       0x5a build/mighty_one-2560/MightyBoard/Motherboard/lib_sd/sd_raw.o
                0x00015682                sd_raw_sync
 .text.sd_raw_read
                0x000156dc      0x386 build/mighty_one-2560/MightyBoard/Motherboard/lib_sd/sd_raw.o
                0x000156dc                sd_raw_read
 .text.sd_raw_read_interval
                0x00015a62      0x17a build/mighty_one-2560/MightyBoard/Motherboard/lib_sd/sd_raw.o
                0x00015a62                sd_raw_read_interval
 .text.sd_raw_init
                0x00015bdc      0x2de build/mighty_one-2560/MightyBoard/Motherboard/lib_sd/sd_raw.o
                0x00015bdc                sd_raw_init
 .text.sd_raw_write
                0x00015eba      0x3ae build/mighty_one-2560/MightyBoard/Motherboard/lib_sd/sd_raw.o
                0x00015eba                sd_raw_write
 .text.sd_raw_write_interval
                0x00016268      0x178 build/mighty_one-2560/MightyBoard/Motherboard/lib_sd/sd_raw.o
                0x00016268                sd_raw_write_interval
 .text.startup._GLOBAL__sub_I_sd_errno
                0x000163e0       0x10 build/mighty_one-2560/MightyBoard/Motherboard/lib_sd/sd_raw.o
 .text._Z13initAnalogPinh
                0x000163f0       0x6e build/mighty_one-2560/MightyBoard/shared/AnalogPin.o
                0x000163f0                _Z13initAnalogPinh
 .text._Z15startAnalogReadhPViPVb
                0x0001645e       0x52 build/mighty_one-2560/MightyBoard/shared/AnalogPin.o
                0x0001645e                _Z15startAnalogReadhPViPVb
 .text.__vector_29
                0x000164b0       0x5e build/mighty_one-2560/MightyBoard/shared/AnalogPin.o
                0x000164b0                __vector_29
 .text.startup._GLOBAL__sub_I_PortA
                0x0001650e       0x92 build/mighty_one-2560/MightyBoard/shared/AvrPort.o
 .text._ZN10CoolingFan11setSetpointEi
                0x000165a0       0x1c build/mighty_one-2560/MightyBoard/shared/CoolingFan.o
                0x000165a0                _ZN10CoolingFan11setSetpointEi
 .text._ZN10CoolingFan6enableEv
                0x000165bc        0x8 build/mighty_one-2560/MightyBoard/shared/CoolingFan.o
                0x000165bc                _ZN10CoolingFan6enableEv
 .text._ZN10CoolingFan9enableFanEv
                0x000165c4        0xa build/mighty_one-2560/MightyBoard/shared/CoolingFan.o
                0x000165c4                _ZN10CoolingFan9enableFanEv
 .text._ZN10CoolingFan10disableFanEv
                0x000165ce        0xa build/mighty_one-2560/MightyBoard/shared/CoolingFan.o
                0x000165ce                _ZN10CoolingFan10disableFanEv
 .text._ZN10CoolingFan16manageCoolingFanEv
                0x000165d8       0x7c build/mighty_one-2560/MightyBoard/shared/CoolingFan.o
                0x000165d8                _ZN10CoolingFan16manageCoolingFanEv
 .text._ZN10CoolingFan7disableEv
                0x00016654        0xa build/mighty_one-2560/MightyBoard/shared/CoolingFan.o
                0x00016654                _ZN10CoolingFan7disableEv
 .text._ZN10CoolingFan5resetEv
                0x0001665e       0x62 build/mighty_one-2560/MightyBoard/shared/CoolingFan.o
                0x0001665e                _ZN10CoolingFan5resetEv
 .text._ZN10CoolingFanC2ER6HeaterjRK3Pin
                0x000166c0       0x26 build/mighty_one-2560/MightyBoard/shared/CoolingFan.o
                0x000166c0                _ZN10CoolingFanC1ER6HeaterjRK3Pin
                0x000166c0                _ZN10CoolingFanC2ER6HeaterjRK3Pin
 .text.startup._GLOBAL__sub_I__ZN10CoolingFanC2ER6HeaterjRK3Pin
                0x000166e6       0x10 build/mighty_one-2560/MightyBoard/shared/CoolingFan.o
 .text._ZN8DigiPotsC2ERK3PinRKj
                0x000166f6       0x24 build/mighty_one-2560/MightyBoard/shared/DigiPots.o
                0x000166f6                _ZN8DigiPotsC1ERK3PinRKj
                0x000166f6                _ZN8DigiPotsC2ERK3PinRKj
 .text._ZN8DigiPots11setPotValueEh
                0x0001671a      0x104 build/mighty_one-2560/MightyBoard/shared/DigiPots.o
                0x0001671a                _ZN8DigiPots11setPotValueEh
 .text._ZN8DigiPots9resetPotsEv
                0x0001681e       0x28 build/mighty_one-2560/MightyBoard/shared/DigiPots.o
                0x0001681e                _ZN8DigiPots9resetPotsEv
 .text._ZN8DigiPots4initEh
                0x00016846        0xc build/mighty_one-2560/MightyBoard/shared/DigiPots.o
                0x00016846                _ZN8DigiPots4initEh
 .text._ZN8DigiPots11getPotValueEv
                0x00016852        0x6 build/mighty_one-2560/MightyBoard/shared/DigiPots.o
                0x00016852                _ZN8DigiPots11getPotValueEv
 .text.startup._GLOBAL__sub_I__ZN8DigiPotsC2ERK3PinRKj
                0x00016858       0x10 build/mighty_one-2560/MightyBoard/shared/DigiPots.o
 .text._ZN6eeprom4initEv
                0x00016868       0x7c build/mighty_one-2560/MightyBoard/shared/Eeprom.o
                0x00016868                _ZN6eeprom4initEv
 .text._ZN6eeprom5eraseEv
                0x000168e4       0x22 build/mighty_one-2560/MightyBoard/shared/Eeprom.o
                0x000168e4                _ZN6eeprom5eraseEv
 .text._ZN6eeprom12saveToSDFileEPKc
                0x00016906       0x40 build/mighty_one-2560/MightyBoard/shared/Eeprom.o
                0x00016906                _ZN6eeprom12saveToSDFileEPKc
 .text._ZN6eeprom17restoreFromSDFileEPKc
                0x00016946       0x40 build/mighty_one-2560/MightyBoard/shared/Eeprom.o
                0x00016946                _ZN6eeprom17restoreFromSDFileEPKc
 .text._ZN6eeprom10getEeprom8Ejh
                0x00016986       0x32 build/mighty_one-2560/MightyBoard/shared/Eeprom.o
                0x00016986                _ZN6eeprom10getEeprom8Ejh
 .text._ZN6eeprom11getEeprom16Ejj
                0x000169b8       0x44 build/mighty_one-2560/MightyBoard/shared/Eeprom.o
                0x000169b8                _ZN6eeprom11getEeprom16Ejj
 .text._ZN6eeprom11getEeprom32Ejm
                0x000169fc       0x50 build/mighty_one-2560/MightyBoard/shared/Eeprom.o
                0x000169fc                _ZN6eeprom11getEeprom32Ejm
 .text._ZN6eeprom16getEepromFixed16Ejf
                0x00016a4c       0x9e build/mighty_one-2560/MightyBoard/shared/Eeprom.o
                0x00016a4c                _ZN6eeprom16getEepromFixed16Ejf
 .text._ZN6eeprom16setEepromFixed16Ejf
                0x00016aea       0x74 build/mighty_one-2560/MightyBoard/shared/Eeprom.o
                0x00016aea                _ZN6eeprom16setEepromFixed16Ejf
 .text._ZN6eeprom14getEepromInt64Ejx
                0x00016b5e       0xb2 build/mighty_one-2560/MightyBoard/shared/Eeprom.o
                0x00016b5e                _ZN6eeprom14getEepromInt64Ejx
 .text._ZN6eeprom14setEepromInt64Ejx
                0x00016c10       0x4e build/mighty_one-2560/MightyBoard/shared/Eeprom.o
                0x00016c10                _ZN6eeprom14setEepromInt64Ejx
 .text.startup._GLOBAL__sub_I__ZN6eeprom4initEv
                0x00016c5e       0x10 build/mighty_one-2560/MightyBoard/shared/Eeprom.o
 .text._ZN6Heater5abortEv
                0x00016c6e      0x1dc build/mighty_one-2560/MightyBoard/shared/Heater.o
                0x00016c6e                _ZN6Heater5abortEv
 .text._ZN6Heater5resetEv
                0x00016e4a       0x14 build/mighty_one-2560/MightyBoard/shared/Heater.o
                0x00016e4a                _ZN6Heater5resetEv
 .text._ZN6HeaterC2ER17TemperatureSensorR14HeatingElementmjbh
                0x00016e5e       0x8c build/mighty_one-2560/MightyBoard/shared/Heater.o
                0x00016e5e                _ZN6HeaterC1ER17TemperatureSensorR14HeatingElementmjbh
                0x00016e5e                _ZN6HeaterC2ER17TemperatureSensorR14HeatingElementmjbh
 .text._ZN6Heater7disableEb
                0x00016eea       0x30 build/mighty_one-2560/MightyBoard/shared/Heater.o
                0x00016eea                _ZN6Heater7disableEb
 .text._ZN6Heater22set_target_temperatureEi
                0x00016f1a      0x176 build/mighty_one-2560/MightyBoard/shared/Heater.o
                0x00016f1a                _ZN6Heater22set_target_temperatureEi
 .text._ZN6Heater30has_reached_target_temperatureEv
                0x00017090       0x68 build/mighty_one-2560/MightyBoard/shared/Heater.o
                0x00017090                _ZN6Heater30has_reached_target_temperatureEv
 .text._ZN6Heater9isHeatingEv
                0x000170f8       0x34 build/mighty_one-2560/MightyBoard/shared/Heater.o
                0x000170f8                _ZN6Heater9isHeatingEv
 .text._ZN6Heater9isCoolingEv
                0x0001712c       0x4a build/mighty_one-2560/MightyBoard/shared/Heater.o
                0x0001712c                _ZN6Heater9isCoolingEv
 .text._ZN6Heater8getDeltaEv
                0x00017176       0x48 build/mighty_one-2560/MightyBoard/shared/Heater.o
                0x00017176                _ZN6Heater8getDeltaEv
 .text._ZN6Heater5PauseEb
                0x000171be      0x104 build/mighty_one-2560/MightyBoard/shared/Heater.o
                0x000171be                _ZN6Heater5PauseEb
 .text._ZN6Heater10set_outputEh
                0x000172c2       0x1a build/mighty_one-2560/MightyBoard/shared/Heater.o
                0x000172c2                _ZN6Heater10set_outputEh
 .text._ZN6Heater4failEv
                0x000172dc       0x3e build/mighty_one-2560/MightyBoard/shared/Heater.o
                0x000172dc                _ZN6Heater4failEv
 .text._ZN6Heater18manage_temperatureEv
                0x0001731a      0x24e build/mighty_one-2560/MightyBoard/shared/Heater.o
                0x0001731a                _ZN6Heater18manage_temperatureEv
 .text.startup._GLOBAL__sub_I__ZN6HeaterC2ER17TemperatureSensorR14HeatingElementmjbh
                0x00017568       0x10 build/mighty_one-2560/MightyBoard/shared/Heater.o
 .text._ZN9interface11isConnectedEv
                0x00017578       0x48 build/mighty_one-2560/MightyBoard/shared/Interface.o
                0x00017578                _ZN9interface11isConnectedEv
 .text._ZN9interface4initEP14InterfaceBoardP19LiquidCrystalSerial
                0x000175c0       0x12 build/mighty_one-2560/MightyBoard/shared/Interface.o
                0x000175c0                _ZN9interface4initEP14InterfaceBoardP19LiquidCrystalSerial
 .text._ZN9interface10pushScreenEP6Screen
                0x000175d2       0x10 build/mighty_one-2560/MightyBoard/shared/Interface.o
                0x000175d2                _ZN9interface10pushScreenEP6Screen
 .text._ZN9interface9popScreenEv
                0x000175e2        0xe build/mighty_one-2560/MightyBoard/shared/Interface.o
                0x000175e2                _ZN9interface9popScreenEv
 .text._ZN9interface15isButtonPressedEN11ButtonArray10ButtonNameE
                0x000175f0       0x10 build/mighty_one-2560/MightyBoard/shared/Interface.o
                0x000175f0                _ZN9interface15isButtonPressedEN11ButtonArray10ButtonNameE
 .text.startup._GLOBAL__sub_I__ZN9interface3lcdE
                0x00017600       0x10 build/mighty_one-2560/MightyBoard/shared/Interface.o
 .text._ZN14InterfaceBoardC2ER11ButtonArrayR19LiquidCrystalSerialP6ScreenS5_P13MessageScreenS5_
                0x00017610       0x36 build/mighty_one-2560/MightyBoard/shared/InterfaceBoard.o
                0x00017610                _ZN14InterfaceBoardC1ER11ButtonArrayR19LiquidCrystalSerialP6ScreenS5_P13MessageScreenS5_
                0x00017610                _ZN14InterfaceBoardC2ER11ButtonArrayR19LiquidCrystalSerialP6ScreenS5_P13MessageScreenS5_
 .text._ZN14InterfaceBoard11doInterruptEv
                0x00017646        0xc build/mighty_one-2560/MightyBoard/shared/InterfaceBoard.o
                0x00017646                _ZN14InterfaceBoard11doInterruptEv
 .text._ZN14InterfaceBoard15isButtonPressedEN11ButtonArray10ButtonNameE
                0x00017652        0xc build/mighty_one-2560/MightyBoard/shared/InterfaceBoard.o
                0x00017652                _ZN14InterfaceBoard15isButtonPressedEN11ButtonArray10ButtonNameE
 .text._ZN14InterfaceBoard13getUpdateRateEv
                0x0001765e       0x2a build/mighty_one-2560/MightyBoard/shared/InterfaceBoard.o
                0x0001765e                _ZN14InterfaceBoard13getUpdateRateEv
 .text._ZN14InterfaceBoard10pushScreenEP6Screen
                0x00017688       0x88 build/mighty_one-2560/MightyBoard/shared/InterfaceBoard.o
                0x00017688                _ZN14InterfaceBoard10pushScreenEP6Screen
 .text._ZN14InterfaceBoard12errorMessageEPKhS1_b
                0x00017710       0x78 build/mighty_one-2560/MightyBoard/shared/InterfaceBoard.o
                0x00017710                _ZN14InterfaceBoard12errorMessageEPKhS1_b
 .text._ZN14InterfaceBoard12errorMessageEPKhb
                0x00017788        0xc build/mighty_one-2560/MightyBoard/shared/InterfaceBoard.o
                0x00017788                _ZN14InterfaceBoard12errorMessageEPKhb
 .text._ZN14InterfaceBoard4initEv
                0x00017794       0x4c build/mighty_one-2560/MightyBoard/shared/InterfaceBoard.o
                0x00017794                _ZN14InterfaceBoard4initEv
 .text._ZN14InterfaceBoard9popScreenEv
                0x000177e0       0x50 build/mighty_one-2560/MightyBoard/shared/InterfaceBoard.o
                0x000177e0                _ZN14InterfaceBoard9popScreenEv
 .text._ZN14InterfaceBoard8doUpdateEv
                0x00017830      0x2bc build/mighty_one-2560/MightyBoard/shared/InterfaceBoard.o
                0x00017830                _ZN14InterfaceBoard8doUpdateEv
 .text._ZN14InterfaceBoard13waitForButtonEh
                0x00017aec        0x6 build/mighty_one-2560/MightyBoard/shared/InterfaceBoard.o
                0x00017aec                _ZN14InterfaceBoard13waitForButtonEh
 .text._ZN14InterfaceBoard12buttonPushedEv
                0x00017af2        0xe build/mighty_one-2560/MightyBoard/shared/InterfaceBoard.o
                0x00017af2                _ZN14InterfaceBoard12buttonPushedEv
 .text._ZN14InterfaceBoard20getButtonRepetitionsEv
                0x00017b00        0x8 build/mighty_one-2560/MightyBoard/shared/InterfaceBoard.o
                0x00017b00                _ZN14InterfaceBoard20getButtonRepetitionsEv
 .text.startup._GLOBAL__sub_I_button_timeout
                0x00017b08       0x18 build/mighty_one-2560/MightyBoard/shared/InterfaceBoard.o
 .text._ZN19LiquidCrystalSerial4initE3PinS0_S0_
                0x00017b20       0x5c build/mighty_one-2560/MightyBoard/shared/LiquidCrystalSerial.o
                0x00017b20                _ZN19LiquidCrystalSerial4initE3PinS0_S0_
 .text._ZN19LiquidCrystalSerialC2E3PinS0_S0_
                0x00017b7c       0xa4 build/mighty_one-2560/MightyBoard/shared/LiquidCrystalSerial.o
                0x00017b7c                _ZN19LiquidCrystalSerialC2E3PinS0_S0_
                0x00017b7c                _ZN19LiquidCrystalSerialC1E3PinS0_S0_
 .text._ZN19LiquidCrystalSerial8writeIntEjh
                0x00017c20      0x10c build/mighty_one-2560/MightyBoard/shared/LiquidCrystalSerial.o
                0x00017c20                _ZN19LiquidCrystalSerial8writeIntEjh
 .text._ZN19LiquidCrystalSerial10writeInt32Emh
                0x00017d2c      0x164 build/mighty_one-2560/MightyBoard/shared/LiquidCrystalSerial.o
                0x00017d2c                _ZN19LiquidCrystalSerial10writeInt32Emh
 .text._ZN19LiquidCrystalSerial9writeLineEPc
                0x00017e90       0x34 build/mighty_one-2560/MightyBoard/shared/LiquidCrystalSerial.o
                0x00017e90                _ZN19LiquidCrystalSerial9writeLineEPc
 .text._ZN19LiquidCrystalSerial11writeStringEPc
                0x00017ec4       0x2e build/mighty_one-2560/MightyBoard/shared/LiquidCrystalSerial.o
                0x00017ec4                _ZN19LiquidCrystalSerial11writeStringEPc
 .text._ZN19LiquidCrystalSerial17writeFromPgmspaceEPKh
                0x00017ef2       0x30 build/mighty_one-2560/MightyBoard/shared/LiquidCrystalSerial.o
                0x00017ef2                _ZN19LiquidCrystalSerial17writeFromPgmspaceEPKh
 .text._ZN19LiquidCrystalSerial11writeSerialEh
                0x00017f22       0xa2 build/mighty_one-2560/MightyBoard/shared/LiquidCrystalSerial.o
                0x00017f22                _ZN19LiquidCrystalSerial11writeSerialEh
 .text._ZN19LiquidCrystalSerial11pulseEnableEh
                0x00017fc4       0x3c build/mighty_one-2560/MightyBoard/shared/LiquidCrystalSerial.o
                0x00017fc4                _ZN19LiquidCrystalSerial11pulseEnableEh
 .text._ZN19LiquidCrystalSerial4loadEh
                0x00018000       0x1e build/mighty_one-2560/MightyBoard/shared/LiquidCrystalSerial.o
                0x00018000                _ZN19LiquidCrystalSerial4loadEh
 .text._ZN19LiquidCrystalSerial4sendEhb
                0x0001801e       0x3a build/mighty_one-2560/MightyBoard/shared/LiquidCrystalSerial.o
                0x0001801e                _ZN19LiquidCrystalSerial4sendEhb
 .text._ZN19LiquidCrystalSerial7commandEh
                0x00018058        0x8 build/mighty_one-2560/MightyBoard/shared/LiquidCrystalSerial.o
                0x00018058                _ZN19LiquidCrystalSerial7commandEh
 .text._ZN19LiquidCrystalSerial10createCharEhPh
                0x00018060       0x72 build/mighty_one-2560/MightyBoard/shared/LiquidCrystalSerial.o
                0x00018060                _ZN19LiquidCrystalSerial10createCharEhPh
 .text._ZN19LiquidCrystalSerial7displayEv
                0x000180d2       0x12 build/mighty_one-2560/MightyBoard/shared/LiquidCrystalSerial.o
                0x000180d2                _ZN19LiquidCrystalSerial7displayEv
 .text._ZN19LiquidCrystalSerial9setCursorEhh
                0x000180e4       0x62 build/mighty_one-2560/MightyBoard/shared/LiquidCrystalSerial.o
                0x000180e4                _ZN19LiquidCrystalSerial9setCursorEhh
 .text._ZN19LiquidCrystalSerial21moveWriteFromPgmspaceEhhPKh
                0x00018146       0x34 build/mighty_one-2560/MightyBoard/shared/LiquidCrystalSerial.o
                0x00018146                _ZN19LiquidCrystalSerial21moveWriteFromPgmspaceEhhPKh
 .text._ZN19LiquidCrystalSerial12setCursorExtEaa
                0x0001817a       0x16 build/mighty_one-2560/MightyBoard/shared/LiquidCrystalSerial.o
                0x0001817a                _ZN19LiquidCrystalSerial12setCursorExtEaa
 .text._ZN19LiquidCrystalSerial10writeFloatEfhh
                0x00018190      0x2f8 build/mighty_one-2560/MightyBoard/shared/LiquidCrystalSerial.o
                0x00018190                _ZN19LiquidCrystalSerial10writeFloatEfhh
 .text._ZN19LiquidCrystalSerial6setRowEh
                0x00018488        0xa build/mighty_one-2560/MightyBoard/shared/LiquidCrystalSerial.o
                0x00018488                _ZN19LiquidCrystalSerial6setRowEh
 .text._ZN19LiquidCrystalSerial4homeEv
                0x00018492       0x10 build/mighty_one-2560/MightyBoard/shared/LiquidCrystalSerial.o
                0x00018492                _ZN19LiquidCrystalSerial4homeEv
 .text._ZN19LiquidCrystalSerial5clearEv
                0x000184a2       0x10 build/mighty_one-2560/MightyBoard/shared/LiquidCrystalSerial.o
                0x000184a2                _ZN19LiquidCrystalSerial5clearEv
 .text._ZN19LiquidCrystalSerial15clearHomeCursorEv
                0x000184b2       0x1a build/mighty_one-2560/MightyBoard/shared/LiquidCrystalSerial.o
                0x000184b2                _ZN19LiquidCrystalSerial15clearHomeCursorEv
 .text._ZN19LiquidCrystalSerial5writeEh
                0x000184cc       0x2a build/mighty_one-2560/MightyBoard/shared/LiquidCrystalSerial.o
                0x000184cc                _ZN19LiquidCrystalSerial5writeEh
 .text._ZN19LiquidCrystalSerial5beginEhhh
                0x000184f6      0x258 build/mighty_one-2560/MightyBoard/shared/LiquidCrystalSerial.o
                0x000184f6                _ZN19LiquidCrystalSerial5beginEhhh
 .text.startup._GLOBAL__sub_I__ZN19LiquidCrystalSerialC2E3PinS0_S0_
                0x0001874e       0x10 build/mighty_one-2560/MightyBoard/shared/LiquidCrystalSerial.o
 .text._ZN4Menu13getUpdateRateEv
                0x0001875e        0xa build/mighty_one-2560/MightyBoard/shared/Menu.o
                0x0001875e                _ZN4Menu13getUpdateRateEv
 .text._ZN11CounterMenu13getUpdateRateEv
                0x00018768        0xa build/mighty_one-2560/MightyBoard/shared/Menu.o
                0x00018768                _ZN11CounterMenu13getUpdateRateEv
 .text._ZN12SplashScreen13getUpdateRateEv
                0x00018772        0xa build/mighty_one-2560/MightyBoard/shared/Menu.o
                0x00018772                _ZN12SplashScreen13getUpdateRateEv
 .text._ZN16BuildStatsScreen13getUpdateRateEv
                0x0001877c        0xa build/mighty_one-2560/MightyBoard/shared/Menu.o
                0x0001877c                _ZN16BuildStatsScreen13getUpdateRateEv
 .text._ZN14FilamentScreen13getUpdateRateEv
                0x00018786        0xa build/mighty_one-2560/MightyBoard/shared/Menu.o
                0x00018786                _ZN14FilamentScreen13getUpdateRateEv
 .text._ZN17PauseAtZPosScreen13getUpdateRateEv
                0x00018790        0xa build/mighty_one-2560/MightyBoard/shared/Menu.o
                0x00018790                _ZN17PauseAtZPosScreen13getUpdateRateEv
 .text._ZN17ChangeSpeedScreen13getUpdateRateEv
                0x0001879a        0xa build/mighty_one-2560/MightyBoard/shared/Menu.o
                0x0001879a                _ZN17ChangeSpeedScreen13getUpdateRateEv
 .text._ZN16ChangeTempScreen13getUpdateRateEv
                0x000187a4        0xa build/mighty_one-2560/MightyBoard/shared/Menu.o
                0x000187a4                _ZN16ChangeTempScreen13getUpdateRateEv
 .text._ZN15ActiveBuildMenu13getUpdateRateEv
                0x000187ae        0xa build/mighty_one-2560/MightyBoard/shared/Menu.o
                0x000187ae                _ZN15ActiveBuildMenu13getUpdateRateEv
 .text._ZN13MessageScreen13getUpdateRateEv
                0x000187b8        0xa build/mighty_one-2560/MightyBoard/shared/Menu.o
                0x000187b8                _ZN13MessageScreen13getUpdateRateEv
 .text._ZN13JogModeScreen13getUpdateRateEv
                0x000187c2        0xa build/mighty_one-2560/MightyBoard/shared/Menu.o
                0x000187c2                _ZN13JogModeScreen13getUpdateRateEv
 .text._ZN22FilamentOdometerScreen13getUpdateRateEv
                0x000187cc        0xa build/mighty_one-2560/MightyBoard/shared/Menu.o
                0x000187cc                _ZN22FilamentOdometerScreen13getUpdateRateEv
 .text._ZN6SDMenu13getUpdateRateEv
                0x000187d6        0xa build/mighty_one-2560/MightyBoard/shared/Menu.o
                0x000187d6                _ZN6SDMenu13getUpdateRateEv
 .text._ZN17FinishedPrintMenu13getUpdateRateEv
                0x000187e0        0xa build/mighty_one-2560/MightyBoard/shared/Menu.o
                0x000187e0                _ZN17FinishedPrintMenu13getUpdateRateEv
 .text._ZN19PreheatSettingsMenu13getUpdateRateEv
                0x000187ea        0xa build/mighty_one-2560/MightyBoard/shared/Menu.o
                0x000187ea                _ZN19PreheatSettingsMenu13getUpdateRateEv
 .text._ZN27ProfileChangeNameModeScreen13getUpdateRateEv
                0x000187f4        0xa build/mighty_one-2560/MightyBoard/shared/Menu.o
                0x000187f4                _ZN27ProfileChangeNameModeScreen13getUpdateRateEv
 .text._ZN21HomeOffsetsModeScreen13getUpdateRateEv
                0x000187fe        0xa build/mighty_one-2560/MightyBoard/shared/Menu.o
                0x000187fe                _ZN21HomeOffsetsModeScreen13getUpdateRateEv
 .text._ZN17MonitorModeScreen13getUpdateRateEv
                0x00018808        0xa build/mighty_one-2560/MightyBoard/shared/Menu.o
                0x00018808                _ZN17MonitorModeScreen13getUpdateRateEv