Archive member included because of file (symbol)

/home/jin/local/avr/lib/gcc/avr/4.6.3/../../../../avr/lib/avr6/libm.a(addsf3.o)
                              build/mighty_one-2560/MightyBoard/Motherboard/Command.o (__subsf3)
/home/jin/local/avr/lib/gcc/avr/4.6.3/../../../../avr/lib/avr6/libm.a(addsf3x.o)
                              /home/jin/local/avr/lib/gcc/avr/4.6.3/../../../../avr/lib/avr6/libm.a(addsf3.o) (__addsf3x)
/home/jin/local/avr/lib/gcc/avr/4.6.3/../../../../avr/lib/avr6/libm.a(ceil.o)
                              build/mighty_one-2560/MightyBoard/Motherboard/StepperAccel.o (ceil)
/home/jin/local/avr/lib/gcc/avr/4.6.3/../../../../avr/lib/avr6/libm.a(cmpsf2.o)
                              build/mighty_one-2560/MightyBoard/Motherboard/Steppers.o (__eqsf2)
/home/jin/local/avr/lib/gcc/avr/4.6.3/../../../../avr/lib/avr6/libm.a(divsf3.o)
                              build/mighty_one-2560/MightyBoard/Motherboard/Command.o (__divsf3)
/home/jin/local/avr/lib/gcc/avr/4.6.3/../../../../avr/lib/avr6/libm.a(divsf3x.o)
                              /home/jin/local/avr/lib/gcc/avr/4.6.3/../../../../avr/lib/avr6/libm.a(divsf3.o) (__divsf3x)
/home/jin/local/avr/lib/gcc/avr/4.6.3/../../../../avr/lib/avr6/libm.a(fixsfdi.o)
                              build/mighty_one-2560/MightyBoard/Motherboard/StepperAxis.o (__fixsfdi)
/home/jin/local/avr/lib/gcc/avr/4.6.3/../../../../avr/lib/avr6/libm.a(fixsfsi.o)
                              build/mighty_one-2560/MightyBoard/Motherboard/Command.o (__fixsfsi)
/home/jin/local/avr/lib/gcc/avr/4.6.3/../../../../avr/lib/avr6/libm.a(fixunssfsi.o)
                              build/mighty_one-2560/MightyBoard/Motherboard/Command.o (__fixunssfsi)
/home/jin/local/avr/lib/gcc/avr/4.6.3/../../../../avr/lib/avr6/libm.a(floatsisf.o)
                              build/mighty_one-2560/MightyBoard/Motherboard/Command.o (__floatunsisf)
/home/jin/local/avr/lib/gcc/avr/4.6.3/../../../../avr/lib/avr6/libm.a(fp_cmp.o)
                              /home/jin/local/avr/lib/gcc/avr/4.6.3/../../../../avr/lib/avr6/libm.a(cmpsf2.o) (__fp_cmp)
/home/jin/local/avr/lib/gcc/avr/4.6.3/../../../../avr/lib/avr6/libm.a(fp_inf.o)
                              /home/jin/local/avr/lib/gcc/avr/4.6.3/../../../../avr/lib/avr6/libm.a(addsf3x.o) (__fp_inf)
/home/jin/local/avr/lib/gcc/avr/4.6.3/../../../../avr/lib/avr6/libm.a(fp_mintl.o)
                              /home/jin/local/avr/lib/gcc/avr/4.6.3/../../../../avr/lib/avr6/libm.a(ceil.o) (__fp_mintl)
/home/jin/local/avr/lib/gcc/avr/4.6.3/../../../../avr/lib/avr6/libm.a(fp_mpack.o)
                              /home/jin/local/avr/lib/gcc/avr/4.6.3/../../../../avr/lib/avr6/libm.a(ceil.o) (__fp_mpack)
/home/jin/local/avr/lib/gcc/avr/4.6.3/../../../../avr/lib/avr6/libm.a(fp_nan.o)
                              /home/jin/local/avr/lib/gcc/avr/4.6.3/../../../../avr/lib/avr6/libm.a(addsf3x.o) (__fp_nan)
/home/jin/local/avr/lib/gcc/avr/4.6.3/../../../../avr/lib/avr6/libm.a(fp_negdi.o)
                              /home/jin/local/avr/lib/gcc/avr/4.6.3/../../../../avr/lib/avr6/libm.a(fixsfdi.o) (__fp_negdi)
/home/jin/local/avr/lib/gcc/avr/4.6.3/../../../../avr/lib/avr6/libm.a(fp_pscA.o)
                              /home/jin/local/avr/lib/gcc/avr/4.6.3/../../../../avr/lib/avr6/libm.a(addsf3x.o) (__fp_pscA)
/home/jin/local/avr/lib/gcc/avr/4.6.3/../../../../avr/lib/avr6/libm.a(fp_pscB.o)
                              /home/jin/local/avr/lib/gcc/avr/4.6.3/../../../../avr/lib/avr6/libm.a(addsf3x.o) (__fp_pscB)
/home/jin/local/avr/lib/gcc/avr/4.6.3/../../../../avr/lib/avr6/libm.a(fp_round.o)
                              /home/jin/local/avr/lib/gcc/avr/4.6.3/../../../../avr/lib/avr6/libm.a(addsf3.o) (__fp_round)
/home/jin/local/avr/lib/gcc/avr/4.6.3/../../../../avr/lib/avr6/libm.a(fp_split3.o)
                              /home/jin/local/avr/lib/gcc/avr/4.6.3/../../../../avr/lib/avr6/libm.a(addsf3x.o) (__fp_split3)
/home/jin/local/avr/lib/gcc/avr/4.6.3/../../../../avr/lib/avr6/libm.a(fp_trunc.o)
                              /home/jin/local/avr/lib/gcc/avr/4.6.3/../../../../avr/lib/avr6/libm.a(ceil.o) (__fp_trunc)
/home/jin/local/avr/lib/gcc/avr/4.6.3/../../../../avr/lib/avr6/libm.a(fp_zero.o)
                              /home/jin/local/avr/lib/gcc/avr/4.6.3/../../../../avr/lib/avr6/libm.a(addsf3x.o) (__fp_zero)
/home/jin/local/avr/lib/gcc/avr/4.6.3/../../../../avr/lib/avr6/libm.a(gesf2.o)
                              build/mighty_one-2560/MightyBoard/Motherboard/StepperAccel.o (__gtsf2)
/home/jin/local/avr/lib/gcc/avr/4.6.3/../../../../avr/lib/avr6/libm.a(log.o)
                              build/mighty_one-2560/MightyBoard/shared/Thermistor.o (log)
/home/jin/local/avr/lib/gcc/avr/4.6.3/../../../../avr/lib/avr6/libm.a(mulsf3.o)
                              build/mighty_one-2560/MightyBoard/Motherboard/Command.o (__mulsf3)
/home/jin/local/avr/lib/gcc/avr/4.6.3/../../../../avr/lib/avr6/libm.a(mulsf3x.o)
[...]
Memory Configuration

Name             Origin             Length             Attributes
text             0x00000000         0x00100000         xr
data             0x00800200         0x0000fe00         rw !x
eeprom           0x00810000         0x00010000         rw !x
fuse             0x00820000         0x00000400         rw !x
lock             0x00830000         0x00000400         rw !x
signature        0x00840000         0x00000400         rw !x
*default*        0x00000000         0xffffffff

Linker script and memory map

Address of section .data set to 0x800200
LOAD /home/jin/local/avr/lib/gcc/avr/4.6.3/../../../../avr/lib/avr6/crtm2560.o
LOAD build/mighty_one-2560/MightyBoard/Motherboard/Command.o
LOAD build/mighty_one-2560/MightyBoard/Motherboard/DebugPacketProcessor.o
LOAD build/mighty_one-2560/MightyBoard/Motherboard/EepromMap.o
LOAD build/mighty_one-2560/MightyBoard/Motherboard/Host.o
LOAD build/mighty_one-2560/MightyBoard/Motherboard/Main.o
LOAD build/mighty_one-2560/MightyBoard/Motherboard/Motherboard.o
LOAD build/mighty_one-2560/MightyBoard/Motherboard/Piezo.o
LOAD build/mighty_one-2560/MightyBoard/Motherboard/Point.o
LOAD build/mighty_one-2560/MightyBoard/Motherboard/SDCard.o
LOAD build/mighty_one-2560/MightyBoard/Motherboard/SkewTilt.o
LOAD build/mighty_one-2560/MightyBoard/Motherboard/SoftI2cManager.o
LOAD build/mighty_one-2560/MightyBoard/Motherboard/StepperAccel.o
LOAD build/mighty_one-2560/MightyBoard/Motherboard/StepperAccelPlanner.o
LOAD build/mighty_one-2560/MightyBoard/Motherboard/StepperAxis.o
LOAD build/mighty_one-2560/MightyBoard/Motherboard/Steppers.o
LOAD build/mighty_one-2560/MightyBoard/Motherboard/TWI.o
LOAD build/mighty_one-2560/MightyBoard/Motherboard/UtilityScripts.o
LOAD build/mighty_one-2560/MightyBoard/Motherboard/boards/mighty_one/ButtonArray.o
LOAD build/mighty_one-2560/MightyBoard/Motherboard/boards/mighty_one/Cutoff.o
LOAD build/mighty_one-2560/MightyBoard/Motherboard/boards/mighty_one/ExtruderBoard.o
LOAD build/mighty_one-2560/MightyBoard/Motherboard/boards/mighty_one/RGB_LED.o
LOAD build/mighty_one-2560/MightyBoard/Motherboard/lib_sd/byteordering.o
LOAD build/mighty_one-2560/MightyBoard/Motherboard/lib_sd/fat.o
LOAD build/mighty_one-2560/MightyBoard/Motherboard/lib_sd/partition.o
LOAD build/mighty_one-2560/MightyBoard/Motherboard/lib_sd/sd_crc.o
LOAD build/mighty_one-2560/MightyBoard/Motherboard/lib_sd/sd_raw.o
LOAD build/mighty_one-2560/MightyBoard/shared/AnalogPin.o
LOAD build/mighty_one-2560/MightyBoard/shared/AvrPort.o
LOAD build/mighty_one-2560/MightyBoard/shared/CoolingFan.o
LOAD build/mighty_one-2560/MightyBoard/shared/DigiPots.o
LOAD build/mighty_one-2560/MightyBoard/shared/Eeprom.o
LOAD build/mighty_one-2560/MightyBoard/shared/Heater.o
LOAD build/mighty_one-2560/MightyBoard/shared/Interface.o
LOAD build/mighty_one-2560/MightyBoard/shared/InterfaceBoard.o
LOAD build/mighty_one-2560/MightyBoard/shared/LiquidCrystalSerial.o
LOAD build/mighty_one-2560/MightyBoard/shared/Menu.o
LOAD build/mighty_one-2560/MightyBoard/shared/PID.o
LOAD build/mighty_one-2560/MightyBoard/shared/PSU.o
LOAD build/mighty_one-2560/MightyBoard/shared/Packet.o
LOAD build/mighty_one-2560/MightyBoard/shared/Pin.o
LOAD build/mighty_one-2560/MightyBoard/shared/TemperatureTable.o
LOAD build/mighty_one-2560/MightyBoard/shared/Thermistor.o
LOAD build/mighty_one-2560/MightyBoard/shared/Thermocouple.o
LOAD build/mighty_one-2560/MightyBoard/shared/Timeout.o
LOAD build/mighty_one-2560/MightyBoard/shared/UART.o
LOAD build/mighty_one-2560/MightyBoard/Motherboard/avrfix/avrfix.o
LOAD /home/jin/local/avr/lib/gcc/avr/4.6.3/../../../../avr/lib/avr6/libm.a
LOAD /home/jin/local/avr/lib/gcc/avr/4.6.3/avr6/libgcc.a
LOAD /home/jin/local/avr/lib/gcc/avr/4.6.3/../../../../avr/lib/avr6/libc.a
LOAD /home/jin/local/avr/lib/gcc/avr/4.6.3/avr6/libgcc.a

.hash
 *(.hash)

.dynsym
 *(.dynsym)

.dynstr
 *(.dynstr)

.gnu.version
 *(.gnu.version)

.gnu.version_d
 *(.gnu.version_d)

.gnu.version_r
 *(.gnu.version_r)

.rel.init
 *(.rel.init)

.rela.init
 *(.rela.init)

.rel.text
 *(.rel.text)
 *(.rel.text.*)
 *(.rel.gnu.linkonce.t*)

.rela.text
 *(.rela.text)
 *(.rela.text.*)
 *(.rela.gnu.linkonce.t*)

.rel.fini
 *(.rel.fini)

.rela.fini
 *(.rela.fini)

.rel.rodata
 *(.rel.rodata)
 *(.rel.rodata.*)
 *(.rel.gnu.linkonce.r*)

.rela.rodata
 *(.rela.rodata)
 *(.rela.rodata.*)
 *(.rela.gnu.linkonce.r*)

.rel.data
 *(.rel.data)
 *(.rel.data.*)
 *(.rel.gnu.linkonce.d*)

.rela.data
 *(.rela.data)
 *(.rela.data.*)
 *(.rela.gnu.linkonce.d*)

.rel.ctors
 *(.rel.ctors)

.rela.ctors
 *(.rela.ctors)

.rel.dtors
 *(.rel.dtors)

.rela.dtors
 *(.rela.dtors)

.rel.got
 *(.rel.got)

.rela.got
 *(.rela.got)

.rel.bss
 *(.rel.bss)

.rela.bss
 *(.rela.bss)

.rel.plt
 *(.rel.plt)

.rela.plt
 *(.rela.plt)

.text           0x00000000    0x1e2b0
 *(.vectors)
 .vectors       0x00000000       0xe4 /home/jin/local/avr/lib/gcc/avr/4.6.3/../../../../avr/lib/avr6/crtm2560.o
                0x00000000                __vectors
                0x00000000                __vector_default
 *(.vectors)
 *(.progmem.gcc*)
 .progmem.gcc_sw_table
                0x000000e4       0x38 build/mighty_one-2560/MightyBoard/Motherboard/Host.o
 .progmem.gcc_fplib
                0x0000011c       0x5a /home/jin/local/avr/lib/gcc/avr/4.6.3/../../../../avr/lib/avr6/libm.a(log.o)
 *(.progmem*)
 .progmem.data  0x00000176      0x1cb build/mighty_one-2560/MightyBoard/Motherboard/Command.o
 .progmem.data  0x00000341      0x131 build/mighty_one-2560/MightyBoard/Motherboard/Motherboard.o
 .progmem.data  0x00000472      0x144 build/mighty_one-2560/MightyBoard/Motherboard/Piezo.o
 .progmem.data  0x000005b6      0x800 build/mighty_one-2560/MightyBoard/Motherboard/StepperAccel.o
 .progmem.data  0x00000db6       0x9f build/mighty_one-2560/MightyBoard/Motherboard/UtilityScripts.o
 .progmem.data  0x00000e55      0x200 build/mighty_one-2560/MightyBoard/Motherboard/lib_sd/sd_crc.o
 .progmem.data  0x00001055      0x1ce build/mighty_one-2560/MightyBoard/shared/InterfaceBoard.o
 .progmem.data  0x00001223     0x1250 build/mighty_one-2560/MightyBoard/shared/LiquidCrystalSerial.o
 .progmem.data  0x00002473      0xd95 build/mighty_one-2560/MightyBoard/shared/Menu.o
                0x00003208                . = ALIGN (0x2)
                0x00003208                __trampolines_start = .
 *(.trampolines)
 .trampolines   0x00003208        0x0 linker stubs
 *(.trampolines*)
                0x00003208                __trampolines_end = .
 *(.jumptables)
 *(.jumptables*)
 *(.lowtext)
 *(.lowtext*)
                0x00003208                __ctors_start = .
 *(.ctors)
 .ctors         0x00003208        0x2 build/mighty_one-2560/MightyBoard/Motherboard/Command.o
 .ctors         0x0000320a        0x2 build/mighty_one-2560/MightyBoard/Motherboard/EepromMap.o
 .ctors         0x0000320c        0x2 build/mighty_one-2560/MightyBoard/Motherboard/Host.o
 .ctors         0x0000320e        0x2 build/mighty_one-2560/MightyBoard/Motherboard/Main.o
 .ctors         0x00003210        0x2 build/mighty_one-2560/MightyBoard/Motherboard/Motherboard.o
 .ctors         0x00003212        0x2 build/mighty_one-2560/MightyBoard/Motherboard/Piezo.o
 .ctors         0x00003214        0x2 build/mighty_one-2560/MightyBoard/Motherboard/SDCard.o
 .ctors         0x00003216        0x2 build/mighty_one-2560/MightyBoard/Motherboard/SoftI2cManager.o
 .ctors         0x00003218        0x2 build/mighty_one-2560/MightyBoard/Motherboard/StepperAccel.o
 .ctors         0x0000321a        0x2 build/mighty_one-2560/MightyBoard/Motherboard/StepperAccelPlanner.o
 .ctors         0x0000321c        0x2 build/mighty_one-2560/MightyBoard/Motherboard/StepperAxis.o
 .ctors         0x0000321e        0x2 build/mighty_one-2560/MightyBoard/Motherboard/Steppers.o
 .ctors         0x00003220        0x2 build/mighty_one-2560/MightyBoard/Motherboard/UtilityScripts.o
 .ctors         0x00003222        0x2 build/mighty_one-2560/MightyBoard/Motherboard/boards/mighty_one/ButtonArray.o
 .ctors         0x00003224        0x2 build/mighty_one-2560/MightyBoard/Motherboard/boards/mighty_one/Cutoff.o
 .ctors         0x00003226        0x2 build/mighty_one-2560/MightyBoard/Motherboard/boards/mighty_one/ExtruderBoard.o
 .ctors         0x00003228        0x2 build/mighty_one-2560/MightyBoard/Motherboard/boards/mighty_one/RGB_LED.o
 .ctors         0x0000322a        0x2 build/mighty_one-2560/MightyBoard/Motherboard/lib_sd/fat.o
 .ctors         0x0000322c        0x2 build/mighty_one-2560/MightyBoard/Motherboard/lib_sd/partition.o
 .ctors         0x0000322e        0x2 build/mighty_one-2560/MightyBoard/Motherboard/lib_sd/sd_raw.o
 .ctors         0x00003230        0x2 build/mighty_one-2560/MightyBoard/shared/AvrPort.o
 .ctors         0x00003232        0x2 build/mighty_one-2560/MightyBoard/shared/CoolingFan.o
 .ctors         0x00003234        0x2 build/mighty_one-2560/MightyBoard/shared/DigiPots.o
 .ctors         0x00003236        0x2 build/mighty_one-2560/MightyBoard/shared/Eeprom.o
 .ctors         0x00003238        0x2 build/mighty_one-2560/MightyBoard/shared/Heater.o
 .ctors         0x0000323a        0x2 build/mighty_one-2560/MightyBoard/shared/Interface.o
 .ctors         0x0000323c        0x2 build/mighty_one-2560/MightyBoard/shared/InterfaceBoard.o
 .ctors         0x0000323e        0x2 build/mighty_one-2560/MightyBoard/shared/LiquidCrystalSerial.o
 .ctors         0x00003240        0x2 build/mighty_one-2560/MightyBoard/shared/Menu.o
 .ctors         0x00003242        0x2 build/mighty_one-2560/MightyBoard/shared/PSU.o
 .ctors         0x00003244        0x2 build/mighty_one-2560/MightyBoard/shared/Pin.o
 .ctors         0x00003246        0x2 build/mighty_one-2560/MightyBoard/shared/Thermocouple.o
 .ctors         0x00003248        0x2 build/mighty_one-2560/MightyBoard/shared/Timeout.o
 .ctors         0x0000324a        0x2 build/mighty_one-2560/MightyBoard/shared/UART.o
                0x0000324c                __ctors_end = .
                0x0000324c                __dtors_start = .
 *(.dtors)
                0x0000324c                __dtors_end = .
 SORT(*)(.ctors)
 SORT(*)(.dtors)
 *(.init0)
 .init0         0x0000324c        0x0 /home/jin/local/avr/lib/gcc/avr/4.6.3/../../../../avr/lib/avr6/crtm2560.o
                0x0000324c                __init
 *(.init0)
 *(.init1)
 .init1         0x0000324c       0x14 build/mighty_one-2560/MightyBoard/Motherboard/Main.o
                0x0000324c                _Z10StackPaintv
 *(.init1)
 *(.init2)
 .init2         0x00003260       0x10 /home/jin/local/avr/lib/gcc/avr/4.6.3/../../../../avr/lib/avr6/crtm2560.o
 *(.init2)
 *(.init3)
 *(.init3)
 *(.init4)
 .init4         0x00003270       0x1a /home/jin/local/avr/lib/gcc/avr/4.6.3/avr6/libgcc.a(_copy_data.o)
                0x00003270                __do_copy_data
 .init4         0x0000328a       0x10 /home/jin/local/avr/lib/gcc/avr/4.6.3/avr6/libgcc.a(_clear_bss.o)
                0x0000328a                __do_clear_bss
 *(.init4)
 *(.init5)
 *(.init5)
 *(.init6)
 .init6         0x0000329a       0x20 /home/jin/local/avr/lib/gcc/avr/4.6.3/avr6/libgcc.a(_ctors.o)
                0x0000329a                __do_global_ctors
 *(.init6)
 *(.init7)
 *(.init7)
 *(.init8)
 *(.init8)
 *(.init9)
 .init9         0x000032ba        0x8 /home/jin/local/avr/lib/gcc/avr/4.6.3/../../../../avr/lib/avr6/crtm2560.o
 *(.init9)
 *(.text)
 .text          0x000032c2        0x4 /home/jin/local/avr/lib/gcc/avr/4.6.3/../../../../avr/lib/avr6/crtm2560.o
                0x000032c2                __vector_38
                0x000032c2                __vector_22
                0x000032c2                __vector_28
                0x000032c2                __vector_1
                0x000032c2                __vector_34
                0x000032c2                __vector_24
                0x000032c2                __vector_12
                0x000032c2                __vector_55
                0x000032c2                __vector_46
                0x000032c2                __bad_interrupt
                0x000032c2                __vector_6
                0x000032c2                __vector_31
                0x000032c2                __vector_35
                0x000032c2                __vector_39
                0x000032c2                __vector_3
                0x000032c2                __vector_23
                0x000032c2                __vector_30
                0x000032c2                __vector_45
                0x000032c2                __vector_11
                0x000032c2                __vector_54
                0x000032c2                __vector_17
                0x000032c2                __vector_19
                0x000032c2                __vector_56
                0x000032c2                __vector_7
                0x000032c2                __vector_49
                0x000032c2                __vector_41
                0x000032c2                __vector_43
                0x000032c2                __vector_5
                0x000032c2                __vector_33
                0x000032c2                __vector_52
                0x000032c2                __vector_37
                0x000032c2                __vector_4
                0x000032c2                __vector_44
                0x000032c2                __vector_51
                0x000032c2                __vector_9
                0x000032c2                __vector_2
                0x000032c2                __vector_21
                0x000032c2                __vector_15
                0x000032c2                __vector_36
                0x000032c2                __vector_40
                0x000032c2                __vector_8
                0x000032c2                __vector_26
                0x000032c2                __vector_48
                0x000032c2                __vector_14
                0x000032c2                __vector_53
                0x000032c2                __vector_10
                0x000032c2                __vector_50
                0x000032c2                __vector_16
                0x000032c2                __vector_18
                0x000032c2                __vector_20
                0x000032c2                __vector_42
 .text          0x000032c6      0x1a6 /home/jin/local/avr/lib/gcc/avr/4.6.3/avr6/libgcc.a(_muldi3.o)
                0x000032c6                __muldi3
 .text          0x0000346c       0xf4 /home/jin/local/avr/lib/gcc/avr/4.6.3/avr6/libgcc.a(_lshrdi3.o)
                0x0000346c                __lshrdi3
 .text          0x00003560       0xf4 /home/jin/local/avr/lib/gcc/avr/4.6.3/avr6/libgcc.a(_ashldi3.o)
                0x00003560                __ashldi3
 .text          0x00003654       0xdc /home/jin/local/avr/lib/gcc/avr/4.6.3/avr6/libgcc.a(_ashrdi3.o)
                0x00003654                __ashrdi3
 .text          0x00003730      0xf7e /home/jin/local/avr/lib/gcc/avr/4.6.3/avr6/libgcc.a(_divdi3.o)
                0x00003730                __divdi3
                0x000046ae                . = ALIGN (0x2)
 *(.text.*)
 .text._ZN7commandL10pstop_incrEv
                0x000046ae       0x1e build/mighty_one-2560/MightyBoard/Motherboard/Command.o
 .text._ZN7commandL10heatersOffEv
                0x000046cc       0x12 build/mighty_one-2560/MightyBoard/Motherboard/Command.o
 .text._ZN7commandL14cancelMidBuildEv
                0x000046de       0x2a build/mighty_one-2560/MightyBoard/Motherboard/Command.o
 .text._ZN7command20getRemainingCapacityEv
                0x00004708       0x1a build/mighty_one-2560/MightyBoard/Motherboard/Command.o
                0x00004708                _ZN7command20getRemainingCapacityEv
 .text._ZN7command20displayStatusMessageEPKhS1_
                0x00004722       0x70 build/mighty_one-2560/MightyBoard/Motherboard/Command.o
                0x00004722                _ZN7command20displayStatusMessageEPKhS1_
 .text._ZN7command19removeStatusMessageEv
                0x00004792       0x50 build/mighty_one-2560/MightyBoard/Motherboard/Command.o
                0x00004792                _ZN7command19removeStatusMessageEv
 .text._ZN7command18getBuildPercentageEv
                0x000047e2        0x6 build/mighty_one-2560/MightyBoard/Motherboard/Command.o
                0x000047e2                _ZN7command18getBuildPercentageEv
 .text._ZN7command13alevel_updateER5Point
                0x000047e8      0x140 build/mighty_one-2560/MightyBoard/Motherboard/Command.o
                0x000047e8                _ZN7command13alevel_updateER5Point
 .text._ZN7command19pauseUnRetractClearEv
                0x00004928        0x6 build/mighty_one-2560/MightyBoard/Motherboard/Command.o
                0x00004928                _ZN7command19pauseUnRetractClearEv
 .text._ZN7command5pauseEbb
                0x0000492e       0x18 build/mighty_one-2560/MightyBoard/Motherboard/Command.o
                0x0000492e                _ZN7command5pauseEbb
 .text._ZN7command12heatShutdownEv
                0x00004946        0x8 build/mighty_one-2560/MightyBoard/Motherboard/Command.o
                0x00004946                _ZN7command12heatShutdownEv
 .text._ZN7command8isPausedEv
                0x0000494e       0x1c build/mighty_one-2560/MightyBoard/Motherboard/Command.o
                0x0000494e                _ZN7command8isPausedEv
 .text._ZN7command10pauseStateEv
                0x0000496a        0x6 build/mighty_one-2560/MightyBoard/Motherboard/Command.o
                0x0000496a                _ZN7command10pauseStateEv
 .text._ZN7command22pauseIntermediateStateEv
                0x00004970        0xe build/mighty_one-2560/MightyBoard/Motherboard/Command.o
                0x00004970                _ZN7command22pauseIntermediateStateEv
 .text._ZN7command11pauseAtZPosEl
                0x0000497e       0x7e build/mighty_one-2560/MightyBoard/Motherboard/Command.o
                0x0000497e                _ZN7command11pauseAtZPosEl
 .text._ZN7command7isEmptyEv
                0x000049fc       0x14 build/mighty_one-2560/MightyBoard/Motherboard/Command.o
                0x000049fc                _ZN7command7isEmptyEv
 .text._ZN7command4pushEh
                0x00004a10       0x5c build/mighty_one-2560/MightyBoard/Motherboard/Command.o
                0x00004a10                _ZN7command4pushEh
 .text._ZN7command10buildResetEv
                0x00004a6c      0x152 build/mighty_one-2560/MightyBoard/Motherboard/Command.o
                0x00004a6c                _ZN7command10buildResetEv
 .text._ZN7command5resetEv
                0x00004bbe       0x28 build/mighty_one-2560/MightyBoard/Motherboard/Command.o
                0x00004bbe                _ZN7command5resetEv
 .text._ZN7command9isWaitingEv
                0x00004be6        0xe build/mighty_one-2560/MightyBoard/Motherboard/Command.o
                0x00004be6                _ZN7command9isWaitingEv
 .text._ZN7command15retractFilamentEb
                0x00004bf4      0x278 build/mighty_one-2560/MightyBoard/Motherboard/Command.o
                0x00004bf4                _ZN7command15retractFilamentEb
 .text._ZN7command14platformAccessEb
                0x00004e6c      0x594 build/mighty_one-2560/MightyBoard/Motherboard/Command.o
                0x00004e6c                _ZN7command14platformAccessEb
 .text._ZN7command17getFilamentLengthEh
                0x00005400       0xe0 build/mighty_one-2560/MightyBoard/Motherboard/Command.o
                0x00005400                _ZN7command17getFilamentLengthEh
 .text._ZN7command26addFilamentUsedForExtruderEh
                0x000054e0      0x19e build/mighty_one-2560/MightyBoard/Motherboard/Command.o
                0x000054e0                _ZN7command26addFilamentUsedForExtruderEh
 .text._ZN7command15addFilamentUsedEv
                0x0000567e        0xe build/mighty_one-2560/MightyBoard/Motherboard/Command.o
                0x0000567e                _ZN7command15addFilamentUsedEv
 .text._ZN7command21getLastFilamentLengthEh
                0x0000568c       0xe0 build/mighty_one-2560/MightyBoard/Motherboard/Command.o
                0x0000568c                _ZN7command21getLastFilamentLengthEh
 .text._ZN7command12filamentUsedEv
                0x0000576c       0xb4 build/mighty_one-2560/MightyBoard/Motherboard/Command.o
                0x0000576c                _ZN7command12filamentUsedEv
 .text._ZN7command20saveDigiPotsAndPowerEb
                0x00005820       0x42 build/mighty_one-2560/MightyBoard/Motherboard/Command.o
                0x00005820                _ZN7command20saveDigiPotsAndPowerEb
 .text._ZN7command15restoreDigiPotsEv
                0x00005862       0x24 build/mighty_one-2560/MightyBoard/Motherboard/Command.o
                0x00005862                _ZN7command15restoreDigiPotsEv
 .text._ZN7command28processExtruderCommandPacketEa
                0x00005886      0x2ac build/mighty_one-2560/MightyBoard/Motherboard/Command.o
                0x00005886                _ZN7command28processExtruderCommandPacketEa
 .text._ZN7command16handlePauseStateEv
                0x00005b32      0x42a build/mighty_one-2560/MightyBoard/Motherboard/Command.o
                0x00005b32                _ZN7command16handlePauseStateEv
 .text._ZN19CircularBufferTemplIhE3popEv
                0x00005f5c       0x4e build/mighty_one-2560/MightyBoard/Motherboard/Command.o
                0x00005f5c                _ZN19CircularBufferTemplIhE3popEv
 .text._ZN7command5pop32Ev
                0x00005faa       0x54 build/mighty_one-2560/MightyBoard/Motherboard/Command.o
                0x00005faa                _ZN7command5pop32Ev
 .text._ZN7command5pop16Ev
                0x00005ffe       0x24 build/mighty_one-2560/MightyBoard/Motherboard/Command.o
                0x00005ffe                _ZN7command5pop16Ev
 .text._ZN7command4pop8Ev
                0x00006022        0xa build/mighty_one-2560/MightyBoard/Motherboard/Command.o
                0x00006022                _ZN7command4pop8Ev
 .text._ZN7command15runCommandSliceEv
                0x0000602c     0x1e4e build/mighty_one-2560/MightyBoard/Motherboard/Command.o
                0x0000602c                _ZN7command15runCommandSliceEv
 .text.startup._GLOBAL__sub_I__ZN7command15pstop_triggeredE
                0x00007e7a       0x68 build/mighty_one-2560/MightyBoard/Motherboard/Command.o
 .text._ZN6eeprom20setDefaultCoolingFanEj
                0x00007ee2       0x2c build/mighty_one-2560/MightyBoard/Motherboard/EepromMap.o
                0x00007ee2                _ZN6eeprom20setDefaultCoolingFanEj
 .text._ZN6eeprom13setDefaultPIDEj
                0x00007f0e       0x38 build/mighty_one-2560/MightyBoard/Motherboard/EepromMap.o
                0x00007f0e                _ZN6eeprom13setDefaultPIDEj
 .text._ZN6eeprom19setDefaultsExtruderEij
                0x00007f46       0x82 build/mighty_one-2560/MightyBoard/Motherboard/EepromMap.o
                0x00007f46                _ZN6eeprom19setDefaultsExtruderEij
 .text._ZN6eeprom18SetDefaultsThermalEj
                0x00007fc8       0x38 build/mighty_one-2560/MightyBoard/Motherboard/EepromMap.o
                0x00007fc8                _ZN6eeprom18SetDefaultsThermalEj
 .text._ZN6eeprom20setDefaultLedEffectsEj
                0x00008000       0x4a build/mighty_one-2560/MightyBoard/Motherboard/EepromMap.o
                0x00008000                _ZN6eeprom20setDefaultLedEffectsEj
 .text._ZN6eeprom18eeprom_write_soundE5Soundj
                0x0000804a       0x32 build/mighty_one-2560/MightyBoard/Motherboard/EepromMap.o
                0x0000804a                _ZN6eeprom18eeprom_write_soundE5Soundj
 .text._ZN6eeprom21setDefaultBuzzEffectsEj
                0x0000807c       0x10 build/mighty_one-2560/MightyBoard/Motherboard/EepromMap.o
                0x0000807c                _ZN6eeprom21setDefaultBuzzEffectsEj
 .text._ZN6eeprom18setDefaultsPreheatEj
                0x0000808c       0x36 build/mighty_one-2560/MightyBoard/Motherboard/EepromMap.o
                0x0000808c                _ZN6eeprom18setDefaultsPreheatEj
 .text._ZN6eeprom23setDefaultsAccelerationEv
                0x000080c2       0xf2 build/mighty_one-2560/MightyBoard/Motherboard/EepromMap.o
                0x000080c2                _ZN6eeprom23setDefaultsAccelerationEv
 .text._ZN6eeprom27setDefaultAxisHomePositionsEv
                0x000081b4       0x60 build/mighty_one-2560/MightyBoard/Motherboard/EepromMap.o
                0x000081b4                _ZN6eeprom27setDefaultAxisHomePositionsEv
 .text._ZN6eeprom19setDefaultsProfilesEj
                0x00008214       0xea build/mighty_one-2560/MightyBoard/Motherboard/EepromMap.o
                0x00008214                _ZN6eeprom19setDefaultsProfilesEj
 .text._ZN6eeprom16setToolHeadCountEh
                0x000082fe       0x10 build/mighty_one-2560/MightyBoard/Motherboard/EepromMap.o
                0x000082fe                _ZN6eeprom16setToolHeadCountEh
 .text._ZN6eeprom18factoryResetEEPROMEv
                0x0000830e      0x1a4 build/mighty_one-2560/MightyBoard/Motherboard/EepromMap.o
                0x0000830e                _ZN6eeprom18factoryResetEEPROMEv
 .text._ZN6eeprom12isSingleToolEv
                0x000084b2        0x4 build/mighty_one-2560/MightyBoard/Motherboard/EepromMap.o
                0x000084b2                _ZN6eeprom12isSingleToolEv
 .text._ZN6eeprom6hasHBPEv
                0x000084b6       0x16 build/mighty_one-2560/MightyBoard/Motherboard/EepromMap.o
                0x000084b6                _ZN6eeprom6hasHBPEv
 .text._ZN6eeprom11setLanguageEh
                0x000084cc        0xc build/mighty_one-2560/MightyBoard/Motherboard/EepromMap.o
                0x000084cc                _ZN6eeprom11setLanguageEh
 .text._ZN6eeprom12isLanguageCHEv
                0x000084d8       0x16 build/mighty_one-2560/MightyBoard/Motherboard/EepromMap.o
                0x000084d8                _ZN6eeprom12isLanguageCHEv
 .text._ZN6eeprom11isFirstTimeEv
                0x000084ee       0x16 build/mighty_one-2560/MightyBoard/Motherboard/EepromMap.o
                0x000084ee                _ZN6eeprom11isFirstTimeEv
 .text._ZN6eeprom30storeToolheadToleranceDefaultsEv
                0x00008504       0x4e build/mighty_one-2560/MightyBoard/Motherboard/EepromMap.o
                0x00008504                _ZN6eeprom30storeToolheadToleranceDefaultsEv
 .text._ZN6eeprom12getBuildTimeEPjPh
                0x00008552       0x34 build/mighty_one-2560/MightyBoard/Motherboard/EepromMap.o
                0x00008552                _ZN6eeprom12getBuildTimeEPjPh
 .text._ZN6eeprom12setBuildTimeEjh
                0x00008586       0x1e build/mighty_one-2560/MightyBoard/Motherboard/EepromMap.o
                0x00008586                _ZN6eeprom12setBuildTimeEjh
 .text._ZN6eeprom15updateBuildTimeEhh
                0x000085a4       0x5e build/mighty_one-2560/MightyBoard/Motherboard/EepromMap.o
                0x000085a4                _ZN6eeprom15updateBuildTimeEhh
 .text._ZN6eeprom15fullResetEEPROMEv
                0x00008602       0x62 build/mighty_one-2560/MightyBoard/Motherboard/EepromMap.o
                0x00008602                _ZN6eeprom15fullResetEEPROMEv
 .text._ZN6eeprom10heatLightsEv
                0x00008664       0x24 build/mighty_one-2560/MightyBoard/Motherboard/EepromMap.o
                0x00008664                _ZN6eeprom10heatLightsEv
 .text.startup._GLOBAL__sub_I__ZN6eeprom20setDefaultCoolingFanEj
                0x00008688       0x10 build/mighty_one-2560/MightyBoard/Motherboard/EepromMap.o
 .text._ZN4host20processCommandPacketERK8InPacketR9OutPacket
                0x00008698       0x9a build/mighty_one-2560/MightyBoard/Motherboard/Host.o
                0x00008698                _ZN4host20processCommandPacketERK8InPacketR9OutPacket
 .text._ZN4host12heatShutdownEv
                0x00008732        0xe build/mighty_one-2560/MightyBoard/Motherboard/Host.o
                0x00008732                _ZN4host12heatShutdownEv
 .text._ZN4host17handleGetPositionERK8InPacketR9OutPacket
                0x00008740       0xaa build/mighty_one-2560/MightyBoard/Motherboard/Host.o
                0x00008740                _ZN4host17handleGetPositionERK8InPacketR9OutPacket
 .text._ZN4host20handleGetPositionExtERK8InPacketR9OutPacket
                0x000087ea       0xe4 build/mighty_one-2560/MightyBoard/Motherboard/Host.o
                0x000087ea                _ZN4host20handleGetPositionExtERK8InPacketR9OutPacket
 .text._ZN4host18handleNextFilenameERK8InPacketR9OutPacket
                0x000088ce       0xbe build/mighty_one-2560/MightyBoard/Motherboard/Host.o
                0x000088ce                _ZN4host18handleNextFilenameERK8InPacketR9OutPacket
 .text._ZN4host16handleReadEepromERK8InPacketR9OutPacket
                0x0000898c       0xb6 build/mighty_one-2560/MightyBoard/Motherboard/Host.o
                0x0000898c                _ZN4host16handleReadEepromERK8InPacketR9OutPacket
 .text._ZN4host17handleWriteEepromERK8InPacketR9OutPacket
                0x00008a42      0x102 build/mighty_one-2560/MightyBoard/Motherboard/Host.o
                0x00008a42                _ZN4host17handleWriteEepromERK8InPacketR9OutPacket
 .text._ZN4host12getBuildNameEv
                0x00008b44        0x6 build/mighty_one-2560/MightyBoard/Motherboard/Host.o
                0x00008b44                _ZN4host12getBuildNameEv
 .text._ZN4host12getHostStateEv
                0x00008b4a        0x6 build/mighty_one-2560/MightyBoard/Motherboard/Host.o
                0x00008b4a                _ZN4host12getHostStateEv
 .text._ZN4host13getBuildStateEv
                0x00008b50        0x6 build/mighty_one-2560/MightyBoard/Motherboard/Host.o
                0x00008b50                _ZN4host13getBuildStateEv
 .text._ZN4host16startBuildFromSDEPch
                0x00008b56       0x6e build/mighty_one-2560/MightyBoard/Motherboard/Host.o
                0x00008b56                _ZN4host16startBuildFromSDEPch
 .text._ZN4host17startOnboardBuildEh
                0x00008bc4       0x26 build/mighty_one-2560/MightyBoard/Motherboard/Host.o
                0x00008bc4                _ZN4host17startOnboardBuildEh
 .text._ZN4host10pauseBuildEbb
                0x00008bea       0x60 build/mighty_one-2560/MightyBoard/Motherboard/Host.o
                0x00008bea                _ZN4host10pauseBuildEbb
 .text._ZN4host14startPrintTimeEv
                0x00008c4a       0x16 build/mighty_one-2560/MightyBoard/Motherboard/Host.o
                0x00008c4a                _ZN4host14startPrintTimeEv
 .text._ZN4host28handleBuildStartNotificationER19CircularBufferTemplIhE
                0x00008c60       0xf2 build/mighty_one-2560/MightyBoard/Motherboard/Host.o
                0x00008c60                _ZN4host28handleBuildStartNotificationER19CircularBufferTemplIhE
 .text._ZN4host15managePrintTimeEv
                0x00008d52       0x28 build/mighty_one-2560/MightyBoard/Motherboard/Host.o
                0x00008d52                _ZN4host15managePrintTimeEv
 .text._ZN4host12getPrintTimeERhS0_
                0x00008d7a       0x40 build/mighty_one-2560/MightyBoard/Motherboard/Host.o
                0x00008d7a                _ZN4host12getPrintTimeERhS0_
 .text._ZN4host13stopPrintTimeEv
                0x00008dba       0x5c build/mighty_one-2560/MightyBoard/Motherboard/Host.o
                0x00008dba                _ZN4host13stopPrintTimeEv
 .text._ZN4host12stopBuildNowEv
                0x00008e16       0x48 build/mighty_one-2560/MightyBoard/Motherboard/Host.o
                0x00008e16                _ZN4host12stopBuildNowEv
 .text._ZN4host9stopBuildEv
                0x00008e5e       0x3c build/mighty_one-2560/MightyBoard/Motherboard/Host.o
                0x00008e5e                _ZN4host9stopBuildEv
 .text._ZN4host27handleBuildStopNotificationEh
                0x00008e9a       0x52 build/mighty_one-2560/MightyBoard/Motherboard/Host.o
                0x00008e9a                _ZN4host27handleBuildStopNotificationEh
 .text._ZN4host15getPrintSecondsEv
                0x00008eec       0x60 build/mighty_one-2560/MightyBoard/Motherboard/Host.o
                0x00008eec                _ZN4host15getPrintSecondsEv
 .text._ZN4host26processExtruderQueryPacketERK8InPacketR9OutPacket
                0x00008f4c      0x27e build/mighty_one-2560/MightyBoard/Motherboard/Host.o
                0x00008f4c                _ZN4host26processExtruderQueryPacketERK8InPacketR9OutPacket
 .text._ZN4host18processQueryPacketERK8InPacketR9OutPacket
                0x000091ca      0x2a2 build/mighty_one-2560/MightyBoard/Motherboard/Host.o
                0x000091ca                _ZN4host18processQueryPacketERK8InPacketR9OutPacket
 .text._ZN4host12runHostSliceEv
                0x0000946c      0x20a build/mighty_one-2560/MightyBoard/Motherboard/Host.o
                0x0000946c                _ZN4host12runHostSliceEv
 .text.startup._GLOBAL__sub_I__ZN4host17packet_in_timeoutE
                0x00009676       0x30 build/mighty_one-2560/MightyBoard/Motherboard/Host.o
 .text._Z5resetb
                0x000096a6       0x70 build/mighty_one-2560/MightyBoard/Motherboard/Main.o
                0x000096a6                _Z5resetb
 .text.startup.main
                0x00009716       0x2c build/mighty_one-2560/MightyBoard/Motherboard/Main.o
                0x00009716                main
 .text.startup._GLOBAL__sub_I__Z10StackPaintv
                0x00009742       0x10 build/mighty_one-2560/MightyBoard/Motherboard/Main.o
 .text._ZN27BuildPlatformHeatingElement17setHeatingElementEh
                0x00009752       0x4c build/mighty_one-2560/MightyBoard/Motherboard/Motherboard.o
                0x00009752                _ZN27BuildPlatformHeatingElement17setHeatingElementEh
 .text._ZN11MotherboardC2Ev
                0x0000979e      0x230 build/mighty_one-2560/MightyBoard/Motherboard/Motherboard.o
                0x0000979e                _ZN11MotherboardC2Ev
                0x0000979e                _ZN11MotherboardC1Ev
 .text._ZN11Motherboard22setupAccelStepperTimerEv
                0x000099ce       0x22 build/mighty_one-2560/MightyBoard/Motherboard/Motherboard.o
                0x000099ce                _ZN11Motherboard22setupAccelStepperTimerEv
 .text._ZN11Motherboard10initClocksEv
                0x000099f0       0x9c build/mighty_one-2560/MightyBoard/Motherboard/Motherboard.o
                0x000099f0                _ZN11Motherboard10initClocksEv
 .text._ZN11Motherboard4initEv
                0x00009a8c      0x122 build/mighty_one-2560/MightyBoard/Motherboard/Motherboard.o
                0x00009a8c                _ZN11Motherboard4initEv
 .text._ZN11Motherboard16getCurrentMicrosEv
                0x00009bae       0x24 build/mighty_one-2560/MightyBoard/Motherboard/Motherboard.o
                0x00009bae                _ZN11Motherboard16getCurrentMicrosEv
 .text._ZN11Motherboard18doStepperInterruptEv
                0x00009bd2       0x5c build/mighty_one-2560/MightyBoard/Motherboard/Motherboard.o
                0x00009bd2                _ZN11Motherboard18doStepperInterruptEv
 .text._ZN11Motherboard13HeatingAlertsEv
                0x00009c2e      0x226 build/mighty_one-2560/MightyBoard/Motherboard/Motherboard.o
                0x00009c2e                _ZN11Motherboard13HeatingAlertsEv
 .text._ZN11Motherboard10heaterFailE14HeaterFailModeh
                0x00009e54       0x26 build/mighty_one-2560/MightyBoard/Motherboard/Motherboard.o
                0x00009e54                _ZN11Motherboard10heaterFailE14HeaterFailModeh
 .text._ZN11Motherboard21resetUserInputTimeoutEv
                0x00009e7a       0x12 build/mighty_one-2560/MightyBoard/Motherboard/Motherboard.o
                0x00009e7a                _ZN11Motherboard21resetUserInputTimeoutEv
 .text.__vector_32
                0x00009e8c       0x54 build/mighty_one-2560/MightyBoard/Motherboard/Motherboard.o
                0x00009e8c                __vector_32
 .text._ZN11Motherboard14interfaceBlinkEhh
                0x00009ee0       0x2e build/mighty_one-2560/MightyBoard/Motherboard/Motherboard.o
                0x00009ee0                _ZN11Motherboard14interfaceBlinkEhh
 .text._ZN11Motherboard15startButtonWaitEv
                0x00009f0e       0x28 build/mighty_one-2560/MightyBoard/Motherboard/Motherboard.o
                0x00009f0e                _ZN11Motherboard15startButtonWaitEv
 .text._ZN11Motherboard13errorResponseEPKhS1_bb
                0x00009f36       0x2c build/mighty_one-2560/MightyBoard/Motherboard/Motherboard.o
                0x00009f36                _ZN11Motherboard13errorResponseEPKhS1_bb
 .text._ZN11Motherboard13errorResponseEPKhbb
                0x00009f62       0x14 build/mighty_one-2560/MightyBoard/Motherboard/Motherboard.o
                0x00009f62                _ZN11Motherboard13errorResponseEPKhbb
 .text.__vector_13
                0x00009f76       0x50 build/mighty_one-2560/MightyBoard/Motherboard/Motherboard.o
                0x00009f76                __vector_13
 .text.__vector_47
                0x00009fc6      0x134 build/mighty_one-2560/MightyBoard/Motherboard/Motherboard.o
                0x00009fc6                __vector_47
 .text._ZN11Motherboard8setExtraEb
                0x0000a0fa       0x6e build/mighty_one-2560/MightyBoard/Motherboard/Motherboard.o
                0x0000a0fa                _ZN11Motherboard8setExtraEb
 .text._ZN11Motherboard10heatersOffEb
                0x0000a168       0x4e build/mighty_one-2560/MightyBoard/Motherboard/Motherboard.o
                0x0000a168                _ZN11Motherboard10heatersOffEb
 .text._ZN11Motherboard19runMotherboardSliceEv
                0x0000a1b6      0x308 build/mighty_one-2560/MightyBoard/Motherboard/Motherboard.o
                0x0000a1b6                _ZN11Motherboard19runMotherboardSliceEv
 .text._ZN11Motherboard5resetEb
                0x0000a4be      0x192 build/mighty_one-2560/MightyBoard/Motherboard/Motherboard.o
                0x0000a4be                _ZN11Motherboard5resetEb
 .text._ZN11Motherboard16interfaceBlinkOnEv
                0x0000a650        0xe build/mighty_one-2560/MightyBoard/Motherboard/Motherboard.o
                0x0000a650                _ZN11Motherboard16interfaceBlinkOnEv
 .text._ZN11Motherboard17interfaceBlinkOffEv
                0x0000a65e        0xe build/mighty_one-2560/MightyBoard/Motherboard/Motherboard.o
                0x0000a65e                _ZN11Motherboard17interfaceBlinkOffEv
 .text._ZN11Motherboard12pauseHeatersEb
                0x0000a66c       0x1c build/mighty_one-2560/MightyBoard/Motherboard/Motherboard.o
                0x0000a66c                _ZN11Motherboard12pauseHeatersEb
 .text.startup._GLOBAL__sub_I_board_status
                0x0000a688       0x18 build/mighty_one-2560/MightyBoard/Motherboard/Motherboard.o
 .text._ZN5Piezo14shutdown_timerEv
                0x0000a6a0       0x10 build/mighty_one-2560/MightyBoard/Motherboard/Piezo.o
                0x0000a6a0                _ZN5Piezo14shutdown_timerEv
 .text._ZN5Piezo5resetEv
                0x0000a6b0       0x94 build/mighty_one-2560/MightyBoard/Motherboard/Piezo.o
                0x0000a6b0                _ZN5Piezo5resetEv
 .text._ZN5Piezo15processNextToneEv
                0x0000a744      0x148 build/mighty_one-2560/MightyBoard/Motherboard/Piezo.o
                0x0000a744                _ZN5Piezo15processNextToneEv
 .text._ZN5Piezo7setToneEjj
                0x0000a88c       0xa2 build/mighty_one-2560/MightyBoard/Motherboard/Piezo.o
                0x0000a88c                _ZN5Piezo7setToneEjj
 .text._ZN5Piezo9isPlayingEv
                0x0000a92e        0x6 build/mighty_one-2560/MightyBoard/Motherboard/Piezo.o
                0x0000a92e                _ZN5Piezo9isPlayingEv
 .text._ZN5Piezo13runPiezoSliceEv
                0x0000a934       0x22 build/mighty_one-2560/MightyBoard/Motherboard/Piezo.o
                0x0000a934                _ZN5Piezo13runPiezoSliceEv
 .text._ZN5Piezo8playTuneEh
                0x0000a956       0x74 build/mighty_one-2560/MightyBoard/Motherboard/Piezo.o
                0x0000a956                _ZN5Piezo8playTuneEh
 .text._ZN5Piezo9errorToneEh
                0x0000a9ca       0x3e build/mighty_one-2560/MightyBoard/Motherboard/Piezo.o
                0x0000a9ca                _ZN5Piezo9errorToneEh
 .text.startup._GLOBAL__sub_I__ZN5Piezo9tones_bufE
                0x0000aa08       0x48 build/mighty_one-2560/MightyBoard/Motherboard/Piezo.o
 .text._ZN5PointC2Ev
                0x0000aa50        0x2 build/mighty_one-2560/MightyBoard/Motherboard/Point.o
                0x0000aa50                _ZN5PointC2Ev
                0x0000aa50                _ZN5PointC1Ev
 .text._ZN5PointC2Elllll
                0x0000aa52       0x68 build/mighty_one-2560/MightyBoard/Motherboard/Point.o
                0x0000aa52                _ZN5PointC1Elllll
                0x0000aa52                _ZN5PointC2Elllll
 .text._ZNK5PointixEj
                0x0000aaba       0x10 build/mighty_one-2560/MightyBoard/Motherboard/Point.o
                0x0000aaba                _ZNK5PointixEj
 .text._ZN5PointixEj
                0x0000aaca       0x10 build/mighty_one-2560/MightyBoard/Motherboard/Point.o
                0x0000aaca                _ZN5PointixEj
 .text._ZN6sdcardL10finishFileEv
                0x0000aada       0x1e build/mighty_one-2560/MightyBoard/Motherboard/SDCard.o
 .text._ZN6sdcardL16changeWorkingDirEP20fat_dir_entry_struct
                0x0000aaf8       0x92 build/mighty_one-2560/MightyBoard/Motherboard/SDCard.o
 .text._ZN6sdcardL13findFileInDirEPKcP20fat_dir_entry_struct.constprop.2
                0x0000ab8a       0x46 build/mighty_one-2560/MightyBoard/Motherboard/SDCard.o
 .text._ZN6sdcardL8openFileEPKc
                0x0000abd0       0x74 build/mighty_one-2560/MightyBoard/Motherboard/SDCard.o
 .text._ZN6sdcard15changeDirectoryEPKc
                0x0000ac44       0x56 build/mighty_one-2560/MightyBoard/Motherboard/SDCard.o
                0x0000ac44                _ZN6sdcard15changeDirectoryEPKc
 .text._ZN6sdcard9isPlayingEv
                0x0000ac9a        0x6 build/mighty_one-2560/MightyBoard/Motherboard/SDCard.o
                0x0000ac9a                _ZN6sdcard9isPlayingEv
 .text._ZN6sdcard13finishCaptureEv
                0x0000aca0       0x22 build/mighty_one-2560/MightyBoard/Motherboard/SDCard.o
                0x0000aca0                _ZN6sdcard13finishCaptureEv
 .text._ZN6sdcard13fetchNextByteEv
                0x0000acc2       0x46 build/mighty_one-2560/MightyBoard/Motherboard/SDCard.o
                0x0000acc2                _ZN6sdcard13fetchNextByteEv
 .text._ZN6sdcard15playbackHasNextEv
                0x0000ad08        0x6 build/mighty_one-2560/MightyBoard/Motherboard/SDCard.o
                0x0000ad08                _ZN6sdcard15playbackHasNextEv
 .text._ZN6sdcard12playbackNextEv
                0x0000ad0e       0x1e build/mighty_one-2560/MightyBoard/Motherboard/SDCard.o
                0x0000ad0e                _ZN6sdcard12playbackNextEv
 .text._ZN6sdcard14finishPlaybackEv
                0x0000ad2c       0x16 build/mighty_one-2560/MightyBoard/Motherboard/SDCard.o
                0x0000ad2c                _ZN6sdcard14finishPlaybackEv
 .text._ZN6sdcard5resetEv
                0x0000ad42       0x60 build/mighty_one-2560/MightyBoard/Motherboard/SDCard.o
                0x0000ad42                _ZN6sdcard5resetEv
 .text._ZN6sdcardL8initCardEv
                0x0000ada2      0x112 build/mighty_one-2560/MightyBoard/Motherboard/SDCard.o
 .text._ZN6sdcard13startPlaybackEPc
                0x0000aeb4       0x52 build/mighty_one-2560/MightyBoard/Motherboard/SDCard.o
                0x0000aeb4                _ZN6sdcard13startPlaybackEPc
 .text._ZN6sdcard18directoryNextEntryEPchPhPb
                0x0000af06       0xea build/mighty_one-2560/MightyBoard/Motherboard/SDCard.o
                0x0000af06                _ZN6sdcard18directoryNextEntryEPchPhPb
 .text._ZN6sdcard14directoryResetEv
                0x0000aff0       0x20 build/mighty_one-2560/MightyBoard/Motherboard/SDCard.o
                0x0000aff0                _ZN6sdcard14directoryResetEv
 .text.startup._GLOBAL__sub_I__ZN6sdcard10mustReinitE
                0x0000b010       0x10 build/mighty_one-2560/MightyBoard/Motherboard/SDCard.o
 .text._ZL13skew_constantv
                0x0000b020      0x100 build/mighty_one-2560/MightyBoard/Motherboard/SkewTilt.o
 .text._Z4skewPKl
                0x0000b120       0xe0 build/mighty_one-2560/MightyBoard/Motherboard/SkewTilt.o
                0x0000b120                _Z4skewPKl
 .text._Z11skew_updatePKl
                0x0000b200       0x98 build/mighty_one-2560/MightyBoard/Motherboard/SkewTilt.o
                0x0000b200                _Z11skew_updatePKl
 .text._Z11skew_deinitv
                0x0000b298       0x6e build/mighty_one-2560/MightyBoard/Motherboard/SkewTilt.o
                0x0000b298                _Z11skew_deinitv
 .text._Z9skew_initllPKlS0_S0_
                0x0000b306      0x412 build/mighty_one-2560/MightyBoard/Motherboard/SkewTilt.o
                0x0000b306                _Z9skew_initllPKlS0_S0_
 .text._Z11skew_statusv
                0x0000b718       0x12 build/mighty_one-2560/MightyBoard/Motherboard/SkewTilt.o
                0x0000b718                _Z11skew_statusv
 .text._ZN14SoftI2cManagerC2Ev
                0x0000b72a      0x10e build/mighty_one-2560/MightyBoard/Motherboard/SoftI2cManager.o
                0x0000b72a                _ZN14SoftI2cManagerC2Ev
                0x0000b72a                _ZN14SoftI2cManagerC1Ev
 .text._ZN14SoftI2cManager4initEv
                0x0000b838       0x60 build/mighty_one-2560/MightyBoard/Motherboard/SoftI2cManager.o
                0x0000b838                _ZN14SoftI2cManager4initEv
 .text._ZN14SoftI2cManager4readEbRK3Pin
                0x0000b898       0xa0 build/mighty_one-2560/MightyBoard/Motherboard/SoftI2cManager.o
                0x0000b898                _ZN14SoftI2cManager4readEbRK3Pin
 .text._ZN14SoftI2cManager4stopEv
                0x0000b938       0x54 build/mighty_one-2560/MightyBoard/Motherboard/SoftI2cManager.o
                0x0000b938                _ZN14SoftI2cManager4stopEv
 .text._ZN14SoftI2cManager5writeEhRK3Pin
                0x0000b98c       0xa8 build/mighty_one-2560/MightyBoard/Motherboard/SoftI2cManager.o
                0x0000b98c                _ZN14SoftI2cManager5writeEhRK3Pin
 .text._ZN14SoftI2cManager5startEhRK3Pin
                0x0000ba34       0x62 build/mighty_one-2560/MightyBoard/Motherboard/SoftI2cManager.o
                0x0000ba34                _ZN14SoftI2cManager5startEhRK3Pin
 .text.startup._GLOBAL__sub_I__ZN14SoftI2cManager10i2cManagerE
                0x0000ba96       0x18 build/mighty_one-2560/MightyBoard/Motherboard/SoftI2cManager.o
 .text._Z12st_interruptv
                0x0000baae     0x2218 build/mighty_one-2560/MightyBoard/Motherboard/StepperAccel.o
                0x0000baae                _Z12st_interruptv
 .text._Z21st_extruder_interruptv
                0x0000dcc6      0x274 build/mighty_one-2560/MightyBoard/Motherboard/StepperAccel.o
                0x0000dcc6                _Z21st_extruder_interruptv
 .text._Z7st_initv
                0x0000df3a      0x196 build/mighty_one-2560/MightyBoard/Motherboard/StepperAccel.o
                0x0000df3a                _Z7st_initv
 .text._Z8st_emptyv
                0x0000e0d0       0x10 build/mighty_one-2560/MightyBoard/Motherboard/StepperAccel.o
                0x0000e0d0                _Z8st_emptyv
 .text._Z15st_set_positionRKlS0_S0_S0_S0_
                0x0000e0e0       0xaa build/mighty_one-2560/MightyBoard/Motherboard/StepperAccel.o
                0x0000e0e0                _Z15st_set_positionRKlS0_S0_S0_S0_
 .text._Z15st_get_positionPlS_S_S_S_Ph
                0x0000e18a       0xb6 build/mighty_one-2560/MightyBoard/Motherboard/StepperAccel.o
                0x0000e18a                _Z15st_get_positionPlS_S_S_S_Ph
 .text._Z9quickStopv
                0x0000e240       0xf0 build/mighty_one-2560/MightyBoard/Motherboard/StepperAccel.o
                0x0000e240                _Z9quickStopv
 .text._Z17st_deprime_enableb
                0x0000e330       0x10 build/mighty_one-2560/MightyBoard/Motherboard/StepperAccel.o
                0x0000e330                _Z17st_deprime_enableb
 .text.startup._GLOBAL__sub_I_current_block
                0x0000e340       0x10 build/mighty_one-2560/MightyBoard/Motherboard/StepperAccel.o
 .text._ZL6isqrt1i
                0x0000e350       0x28 build/mighty_one-2560/MightyBoard/Motherboard/StepperAccelPlanner.o
 .text._Z29calculate_trapezoid_for_blockP7block_tll
                0x0000e378      0x630 build/mighty_one-2560/MightyBoard/Motherboard/StepperAccelPlanner.o
                0x0000e378                _Z29calculate_trapezoid_for_blockP7block_tll
 .text._Z27planner_reverse_pass_kernelP7block_tS0_
                0x0000e9a8      0x3ce build/mighty_one-2560/MightyBoard/Motherboard/StepperAccelPlanner.o
                0x0000e9a8                _Z27planner_reverse_pass_kernelP7block_tS0_
 .text._Z20planner_reverse_passv
                0x0000ed76       0x5e build/mighty_one-2560/MightyBoard/Motherboard/StepperAccelPlanner.o
                0x0000ed76                _Z20planner_reverse_passv
 .text._Z27planner_forward_pass_kernelP7block_tS0_
                0x0000edd4      0x3f6 build/mighty_one-2560/MightyBoard/Motherboard/StepperAccelPlanner.o
                0x0000edd4                _Z27planner_forward_pass_kernelP7block_tS0_
 .text._Z20planner_forward_passv
                0x0000f1ca       0x54 build/mighty_one-2560/MightyBoard/Motherboard/StepperAccelPlanner.o
                0x0000f1ca                _Z20planner_forward_passv
 .text._Z30planner_recalculate_trapezoidsv
                0x0000f21e      0x13a build/mighty_one-2560/MightyBoard/Motherboard/StepperAccelPlanner.o
                0x0000f21e                _Z30planner_recalculate_trapezoidsv
 .text._Z19planner_recalculatev
                0x0000f358        0xe build/mighty_one-2560/MightyBoard/Motherboard/StepperAccelPlanner.o
                0x0000f358                _Z19planner_recalculatev
 .text._Z9plan_initllb
                0x0000f366       0xec build/mighty_one-2560/MightyBoard/Motherboard/StepperAccelPlanner.o
                0x0000f366                _Z9plan_initllb
 .text._Z16plan_buffer_linelRKmRKhbh
                0x0000f452     0x1646 build/mighty_one-2560/MightyBoard/Motherboard/StepperAccelPlanner.o
                0x0000f452                _Z16plan_buffer_linelRKmRKhbh
 .text._Z17plan_set_positionRKlS0_S0_S0_S0_
                0x00010a98       0xc4 build/mighty_one-2560/MightyBoard/Motherboard/StepperAccelPlanner.o
                0x00010a98                _Z17plan_set_positionRKlS0_S0_S0_S0_
 .text.startup._GLOBAL__sub_I_max_acceleration_units_per_sq_second
                0x00010b5c       0x10 build/mighty_one-2560/MightyBoard/Motherboard/StepperAccelPlanner.o
 .text._Z15stepperAxisInitb
                0x00010b6c      0x588 build/mighty_one-2560/MightyBoard/Motherboard/StepperAxis.o
                0x00010b6c                _Z15stepperAxisInitb
 .text._Z21stepperAxisStepsPerMMh
                0x000110f4       0x3c build/mighty_one-2560/MightyBoard/Motherboard/StepperAxis.o
                0x000110f4                _Z21stepperAxisStepsPerMMh
 .text._Z20stepperAxisStepsToMMlh
                0x00011130       0x5a build/mighty_one-2560/MightyBoard/Motherboard/StepperAxis.o
                0x00011130                _Z20stepperAxisStepsToMMlh
 .text._Z20stepperAxisMMToStepsfh
                0x0001118a       0xc0 build/mighty_one-2560/MightyBoard/Motherboard/StepperAxis.o
                0x0001118a                _Z20stepperAxisMMToStepsfh
 .text.startup._GLOBAL__sub_I_stepperAxisPorts
                0x0001124a       0x10 build/mighty_one-2560/MightyBoard/Motherboard/StepperAxis.o
 .text._ZN8steppers8initPotsEv
                0x0001125a       0x38 build/mighty_one-2560/MightyBoard/Motherboard/Steppers.o
                0x0001125a                _ZN8steppers8initPotsEv
 .text._ZN8steppers9isRunningEv
                0x00011292       0x12 build/mighty_one-2560/MightyBoard/Motherboard/Steppers.o
                0x00011292                _ZN8steppers9isRunningEv
 .text._ZN8steppers20loadToleranceOffsetsEv
                0x000112a4      0x16e build/mighty_one-2560/MightyBoard/Motherboard/Steppers.o
                0x000112a4                _ZN8steppers20loadToleranceOffsetsEv
 .text._ZN8steppers4initEv
                0x00011412       0x3c build/mighty_one-2560/MightyBoard/Motherboard/Steppers.o
                0x00011412                _ZN8steppers4initEv
 .text._ZN8steppers13removeOffsetsERK5Point
                0x0001144e       0x86 build/mighty_one-2560/MightyBoard/Motherboard/Steppers.o
                0x0001144e                _ZN8steppers13removeOffsetsERK5Point
 .text._ZN8steppers14definePositionERK5Pointb
                0x000114d4      0x162 build/mighty_one-2560/MightyBoard/Motherboard/Steppers.o
                0x000114d4                _ZN8steppers14definePositionERK5Pointb
 .text._ZN8steppers18getPlannerPositionEv
                0x00011636      0x17e build/mighty_one-2560/MightyBoard/Motherboard/Steppers.o
                0x00011636                _ZN8steppers18getPlannerPositionEv
 .text._ZN8steppers18getStepperPositionEPh
                0x000117b4      0x162 build/mighty_one-2560/MightyBoard/Motherboard/Steppers.o
                0x000117b4                _ZN8steppers18getStepperPositionEPh
 .text._ZN8steppers12setTargetNewERK5Pointllh
                0x00011916      0x32c build/mighty_one-2560/MightyBoard/Motherboard/Steppers.o
                0x00011916                _ZN8steppers12setTargetNewERK5Pointllh
 .text._ZN8steppers15setTargetNewExtERK5Pointlhfi
                0x00011c42      0x4c2 build/mighty_one-2560/MightyBoard/Motherboard/Steppers.o
                0x00011c42                _ZN8steppers15setTargetNewExtERK5Pointlhfi
 .text._ZN8steppers11startHomingEbhm
                0x00012104      0x13e build/mighty_one-2560/MightyBoard/Motherboard/Steppers.o
                0x00012104                _ZN8steppers11startHomingEbhm
 .text._ZN8steppers10enableAxisEhb
                0x00012242       0x2c build/mighty_one-2560/MightyBoard/Motherboard/Steppers.o
                0x00012242                _ZN8steppers10enableAxisEhb
 .text._ZN8steppers10enableAxesEhb
                0x0001226e       0x5a build/mighty_one-2560/MightyBoard/Motherboard/Steppers.o
                0x0001226e                _ZN8steppers10enableAxesEhb
 .text._ZN8steppers14allAxesEnabledEv
                0x000122c8        0x6 build/mighty_one-2560/MightyBoard/Motherboard/Steppers.o
                0x000122c8                _ZN8steppers14allAxesEnabledEv
 .text._ZN8steppers15setAxisPotValueEhh
                0x000122ce       0x24 build/mighty_one-2560/MightyBoard/Motherboard/Steppers.o
                0x000122ce                _ZN8steppers15setAxisPotValueEhh
 .text._ZN8steppers15getAxisPotValueEh
                0x000122f2       0x28 build/mighty_one-2560/MightyBoard/Motherboard/Steppers.o
                0x000122f2                _ZN8steppers15getAxisPotValueEh
 .text._ZN8steppers12resetAxisPotEh
                0x0001231a       0x24 build/mighty_one-2560/MightyBoard/Motherboard/Steppers.o
                0x0001231a                _ZN8steppers12resetAxisPotEh
 .text._ZN8steppers20setSegmentAccelStateEb
                0x0001233e        0x6 build/mighty_one-2560/MightyBoard/Motherboard/Steppers.o
                0x0001233e                _ZN8steppers20setSegmentAccelStateEb
 .text._ZN8steppers15changeToolIndexEh
                0x00012344       0x1e build/mighty_one-2560/MightyBoard/Motherboard/Steppers.o
                0x00012344                _ZN8steppers15changeToolIndexEh
 .text._ZN8steppers16getEndstopStatusEv
                0x00012362      0x16a build/mighty_one-2560/MightyBoard/Motherboard/Steppers.o
                0x00012362                _ZN8steppers16getEndstopStatusEv
 .text._ZN8steppers13deprimeEnableEb
                0x000124cc       0x10 build/mighty_one-2560/MightyBoard/Motherboard/Steppers.o
                0x000124cc                _ZN8steppers13deprimeEnableEb
 .text._ZN8steppers5abortEv
                0x000124dc       0x22 build/mighty_one-2560/MightyBoard/Motherboard/Steppers.o
                0x000124dc                _ZN8steppers5abortEv
 .text._ZN8steppers5resetEv
                0x000124fe      0x57e build/mighty_one-2560/MightyBoard/Motherboard/Steppers.o
                0x000124fe                _ZN8steppers5resetEv
 .text._ZN8steppers16runSteppersSliceEv
                0x00012a7c        0x2 build/mighty_one-2560/MightyBoard/Motherboard/Steppers.o
                0x00012a7c                _ZN8steppers16runSteppersSliceEv
 .text._ZN8steppers18doStepperInterruptEv
                0x00012a7e       0x6a build/mighty_one-2560/MightyBoard/Motherboard/Steppers.o
                0x00012a7e                _ZN8steppers18doStepperInterruptEv
 .text._ZN8steppers19doExtruderInterruptEv
                0x00012ae8        0x6 build/mighty_one-2560/MightyBoard/Motherboard/Steppers.o
                0x00012ae8                _ZN8steppers19doExtruderInterruptEv
 .text.startup._GLOBAL__sub_I__ZN8steppers10alterSpeedE
                0x00012aee      0x12c build/mighty_one-2560/MightyBoard/Motherboard/Steppers.o
 .text._Z14TWI_write_datahPhh
                0x00012c1a       0x7a build/mighty_one-2560/MightyBoard/Motherboard/TWI.o
                0x00012c1a                _Z14TWI_write_datahPhh
 .text._Z8TWI_initv
                0x00012c94        0xc build/mighty_one-2560/MightyBoard/Motherboard/TWI.o
                0x00012c94                _Z8TWI_initv
 .text._ZN7utility9isPlayingEv
                0x00012ca0        0x6 build/mighty_one-2560/MightyBoard/Motherboard/UtilityScripts.o
                0x00012ca0                _ZN7utility9isPlayingEv
 .text._ZN7utility5resetEv
                0x00012ca6       0x16 build/mighty_one-2560/MightyBoard/Motherboard/UtilityScripts.o
                0x00012ca6                _ZN7utility5resetEv
 .text._ZN7utility15playbackHasNextEv
                0x00012cbc       0x1c build/mighty_one-2560/MightyBoard/Motherboard/UtilityScripts.o
                0x00012cbc                _ZN7utility15playbackHasNextEv
 .text._ZN7utility12playbackNextEv
                0x00012cd8       0x34 build/mighty_one-2560/MightyBoard/Motherboard/UtilityScripts.o
                0x00012cd8                _ZN7utility12playbackNextEv
 .text._ZN7utility13startPlaybackEh
                0x00012d0c       0x42 build/mighty_one-2560/MightyBoard/Motherboard/UtilityScripts.o
                0x00012d0c                _ZN7utility13startPlaybackEh
 .text._ZN7utility14finishPlaybackEv
                0x00012d4e        0x6 build/mighty_one-2560/MightyBoard/Motherboard/UtilityScripts.o
                0x00012d4e                _ZN7utility14finishPlaybackEv
 .text.startup._GLOBAL__sub_I__ZN7utility10is_playingE
                0x00012d54       0x10 build/mighty_one-2560/MightyBoard/Motherboard/UtilityScripts.o
 .text._ZN11ButtonArray4initEv
                0x00012d64       0x32 build/mighty_one-2560/MightyBoard/Motherboard/boards/mighty_one/ButtonArray.o
                0x00012d64                _ZN11ButtonArray4initEv
 .text._ZN11ButtonArray9getButtonERNS_10ButtonNameE
                0x00012d96       0x16 build/mighty_one-2560/MightyBoard/Motherboard/boards/mighty_one/ButtonArray.o
                0x00012d96                _ZN11ButtonArray9getButtonERNS_10ButtonNameE
 .text._ZN11ButtonArray16clearButtonPressEv
                0x00012dac        0x8 build/mighty_one-2560/MightyBoard/Motherboard/boards/mighty_one/ButtonArray.o
                0x00012dac                _ZN11ButtonArray16clearButtonPressEv
 .text._ZN11ButtonArray15isButtonPressedENS_10ButtonNameE
                0x00012db4       0x18 build/mighty_one-2560/MightyBoard/Motherboard/boards/mighty_one/ButtonArray.o
                0x00012db4                _ZN11ButtonArray15isButtonPressedENS_10ButtonNameE
 .text._ZN11ButtonArray11scanButtonsEv
                0x00012dcc       0xda build/mighty_one-2560/MightyBoard/Motherboard/boards/mighty_one/ButtonArray.o
                0x00012dcc                _ZN11ButtonArray11scanButtonsEv
 .text._ZN11ButtonArray14setButtonDelayEm
                0x00012ea6       0x12 build/mighty_one-2560/MightyBoard/Motherboard/boards/mighty_one/ButtonArray.o
                0x00012ea6                _ZN11ButtonArray14setButtonDelayEm
 .text.startup._GLOBAL__sub_I__ZN11ButtonArray4initEv
                0x00012eb8       0x10 build/mighty_one-2560/MightyBoard/Motherboard/boards/mighty_one/ButtonArray.o
 .text._ZN6Cutoff11resetCutoffEv
                0x00012ec8       0x9c build/mighty_one-2560/MightyBoard/Motherboard/boards/mighty_one/Cutoff.o
                0x00012ec8                _ZN6Cutoff11resetCutoffEv
 .text._ZN6Cutoff7disableEv
                0x00012f64       0x9c build/mighty_one-2560/MightyBoard/Motherboard/boards/mighty_one/Cutoff.o
                0x00012f64                _ZN6Cutoff7disableEv
 .text._ZN6Cutoff4initEv
                0x00013000       0xae build/mighty_one-2560/MightyBoard/Motherboard/boards/mighty_one/Cutoff.o
                0x00013000                _ZN6Cutoff4initEv
 .text.startup._GLOBAL__sub_I__ZN6Cutoff4initEv
                0x000130ae       0x10 build/mighty_one-2560/MightyBoard/Motherboard/boards/mighty_one/Cutoff.o
 .text._ZN13ExtruderBoardC2Eh3PinS0_hj
                0x000130be       0xc0 build/mighty_one-2560/MightyBoard/Motherboard/boards/mighty_one/ExtruderBoard.o
                0x000130be                _ZN13ExtruderBoardC1Eh3PinS0_hj
                0x000130be                _ZN13ExtruderBoardC2Eh3PinS0_hj
 .text._ZN13ExtruderBoard5resetEv
                0x0001317e       0x42 build/mighty_one-2560/MightyBoard/Motherboard/boards/mighty_one/ExtruderBoard.o
                0x0001317e                _ZN13ExtruderBoard5resetEv
 .text._ZN13ExtruderBoard16runExtruderSliceEv
                0x000131c0       0x1c build/mighty_one-2560/MightyBoard/Motherboard/boards/mighty_one/ExtruderBoard.o
                0x000131c0                _ZN13ExtruderBoard16runExtruderSliceEv
 .text._ZN13ExtruderBoard6setFanEh
                0x000131dc       0x14 build/mighty_one-2560/MightyBoard/Motherboard/boards/mighty_one/ExtruderBoard.o
                0x000131dc                _ZN13ExtruderBoard6setFanEh
 .text._Z9pwmEx2_Onb
                0x000131f0       0x18 build/mighty_one-2560/MightyBoard/Motherboard/boards/mighty_one/ExtruderBoard.o
                0x000131f0                _Z9pwmEx2_Onb
 .text._Z9pwmEx1_Onb
                0x00013208       0x18 build/mighty_one-2560/MightyBoard/Motherboard/boards/mighty_one/ExtruderBoard.o
                0x00013208                _Z9pwmEx1_Onb
 .text._ZN22ExtruderHeatingElement17setHeatingElementEh
                0x00013220       0xbc build/mighty_one-2560/MightyBoard/Motherboard/boards/mighty_one/ExtruderBoard.o
                0x00013220                _ZN22ExtruderHeatingElement17setHeatingElementEh
 .text.startup._GLOBAL__sub_I__ZN13ExtruderBoardC2Eh3PinS0_hj
                0x000132dc       0x10 build/mighty_one-2560/MightyBoard/Motherboard/boards/mighty_one/ExtruderBoard.o
 .text._ZN7RGB_LED12setBlinkRateEhhh
                0x000132ec       0x7e build/mighty_one-2560/MightyBoard/Motherboard/boards/mighty_one/RGB_LED.o
                0x000132ec                _ZN7RGB_LED12setBlinkRateEhhh
 .text._ZN7RGB_LED14toggleLEDNoPWMEbh
                0x0001336a       0x42 build/mighty_one-2560/MightyBoard/Motherboard/boards/mighty_one/RGB_LED.o
                0x0001336a                _ZN7RGB_LED14toggleLEDNoPWMEbh
 .text._ZN7RGB_LED13setBrightnessEhhh
                0x000133ac       0x94 build/mighty_one-2560/MightyBoard/Motherboard/boards/mighty_one/RGB_LED.o
                0x000133ac                _ZN7RGB_LED13setBrightnessEhhh
 .text._ZN7RGB_LED5clearEv
                0x00013440        0xc build/mighty_one-2560/MightyBoard/Motherboard/boards/mighty_one/RGB_LED.o
                0x00013440                _ZN7RGB_LED5clearEv
 .text._ZN7RGB_LED13errorSequenceEv
                0x0001344c       0x1a build/mighty_one-2560/MightyBoard/Motherboard/boards/mighty_one/RGB_LED.o
                0x0001344c                _ZN7RGB_LED13errorSequenceEv
 .text._ZN7RGB_LED8setColorEhhhb
                0x00013466      0x1be build/mighty_one-2560/MightyBoard/Motherboard/boards/mighty_one/RGB_LED.o
                0x00013466                _ZN7RGB_LED8setColorEhhhb
 .text._ZN7RGB_LED15setDefaultColorEv
                0x00013624      0x13a build/mighty_one-2560/MightyBoard/Motherboard/boards/mighty_one/RGB_LED.o
                0x00013624                _ZN7RGB_LED15setDefaultColorEv
 .text._ZN7RGB_LED4initEv
                0x0001375e        0xa build/mighty_one-2560/MightyBoard/Motherboard/boards/mighty_one/RGB_LED.o
                0x0001375e                _ZN7RGB_LED4initEv
 .text.startup._GLOBAL__sub_I__ZN7RGB_LED9LEDSelectE
                0x00013768       0x10 build/mighty_one-2560/MightyBoard/Motherboard/boards/mighty_one/RGB_LED.o
 .text._ZL20fat_get_next_clusterPK13fat_fs_structm
                0x00013778      0x304 build/mighty_one-2560/MightyBoard/Motherboard/lib_sd/fat.o
 .text._ZL18fat_cluster_offsetPK13fat_fs_structm
                0x00013a7c      0x152 build/mighty_one-2560/MightyBoard/Motherboard/lib_sd/fat.o
 .text._ZL27fat_dir_entry_read_callbackPhyPv
                0x00013bce      0x2b4 build/mighty_one-2560/MightyBoard/Motherboard/lib_sd/fat.o
 .text._ZL19fat_write_dir_entryPK13fat_fs_structP20fat_dir_entry_struct
                0x00013e82      0x3de build/mighty_one-2560/MightyBoard/Motherboard/lib_sd/fat.o
 .text.fat_open
                0x00014260      0x7c0 build/mighty_one-2560/MightyBoard/Motherboard/lib_sd/fat.o
                0x00014260                fat_open
 .text.fat_close
                0x00014a20        0xc build/mighty_one-2560/MightyBoard/Motherboard/lib_sd/fat.o
                0x00014a20                fat_close
 .text.fat_open_file
                0x00014a2c       0x98 build/mighty_one-2560/MightyBoard/Motherboard/lib_sd/fat.o
                0x00014a2c                fat_open_file
 .text.fat_close_file
                0x00014ac4       0x20 build/mighty_one-2560/MightyBoard/Motherboard/lib_sd/fat.o
                0x00014ac4                fat_close_file
 .text.fat_read_file
                0x00014ae4      0x5d0 build/mighty_one-2560/MightyBoard/Motherboard/lib_sd/fat.o
                0x00014ae4                fat_read_file
 .text.fat_open_dir
                0x000150b4       0x82 build/mighty_one-2560/MightyBoard/Motherboard/lib_sd/fat.o
                0x000150b4                fat_open_dir
 .text.fat_close_dir
                0x00015136        0xc build/mighty_one-2560/MightyBoard/Motherboard/lib_sd/fat.o
                0x00015136                fat_close_dir
 .text.fat_read_dir
                0x00015142      0x376 build/mighty_one-2560/MightyBoard/Motherboard/lib_sd/fat.o
                0x00015142                fat_read_dir
 .text.fat_get_dir_entry_of_path
                0x000154b8      0x116 build/mighty_one-2560/MightyBoard/Motherboard/lib_sd/fat.o
                0x000154b8                fat_get_dir_entry_of_path
 .text.fat_reset_dir
                0x000155ce       0x22 build/mighty_one-2560/MightyBoard/Motherboard/lib_sd/fat.o
                0x000155ce                fat_reset_dir
 .text.startup._GLOBAL__sub_I_fat_errno
                0x000155f0       0x10 build/mighty_one-2560/MightyBoard/Motherboard/lib_sd/fat.o
 .text.partition_open
                0x00015600      0x1c0 build/mighty_one-2560/MightyBoard/Motherboard/lib_sd/partition.o
                0x00015600                partition_open
 .text.partition_close
                0x000157c0       0x10 build/mighty_one-2560/MightyBoard/Motherboard/lib_sd/partition.o
                0x000157c0                partition_close
 .text.startup._GLOBAL__sub_I_partition_open
                0x000157d0       0x10 build/mighty_one-2560/MightyBoard/Motherboard/lib_sd/partition.o
 .text._Z7sd_crc7PKhh
                0x000157e0       0x34 build/mighty_one-2560/MightyBoard/Motherboard/lib_sd/sd_crc.o
                0x000157e0                _Z7sd_crc7PKhh
 .text._Z8sd_crc16PKhj
                0x00015814       0x34 build/mighty_one-2560/MightyBoard/Motherboard/lib_sd/sd_crc.o
                0x00015814                _Z8sd_crc16PKhj
 .text._ZL16sd_raw_send_byteh
                0x00015848       0x20 build/mighty_one-2560/MightyBoard/Motherboard/lib_sd/sd_raw.o
 .text._ZL15sd_raw_rec_bytev
                0x00015868       0x24 build/mighty_one-2560/MightyBoard/Motherboard/lib_sd/sd_raw.o
 .text._ZL19sd_raw_send_commandhm
                0x0001588c       0xce build/mighty_one-2560/MightyBoard/Motherboard/lib_sd/sd_raw.o
 .text.sd_raw_available
                0x0001595a       0x38 build/mighty_one-2560/MightyBoard/Motherboard/lib_sd/sd_raw.o
                0x0001595a                sd_raw_available
 .text.sd_raw_locked
                0x00015992       0x34 build/mighty_one-2560/MightyBoard/Motherboard/lib_sd/sd_raw.o
                0x00015992                sd_raw_locked
 .text.sd_raw_sync
                0x000159c6       0x5a build/mighty_one-2560/MightyBoard/Motherboard/lib_sd/sd_raw.o
                0x000159c6                sd_raw_sync
 .text.sd_raw_read
                0x00015a20      0x386 build/mighty_one-2560/MightyBoard/Motherboard/lib_sd/sd_raw.o
                0x00015a20                sd_raw_read
 .text.sd_raw_read_interval
                0x00015da6      0x17a build/mighty_one-2560/MightyBoard/Motherboard/lib_sd/sd_raw.o
                0x00015da6                sd_raw_read_interval
 .text.sd_raw_init
                0x00015f20      0x2de build/mighty_one-2560/MightyBoard/Motherboard/lib_sd/sd_raw.o
                0x00015f20                sd_raw_init
 .text.sd_raw_write
                0x000161fe      0x3ae build/mighty_one-2560/MightyBoard/Motherboard/lib_sd/sd_raw.o
                0x000161fe                sd_raw_write
 .text.sd_raw_write_interval
                0x000165ac      0x178 build/mighty_one-2560/MightyBoard/Motherboard/lib_sd/sd_raw.o
                0x000165ac                sd_raw_write_interval
 .text.startup._GLOBAL__sub_I_sd_errno
                0x00016724       0x10 build/mighty_one-2560/MightyBoard/Motherboard/lib_sd/sd_raw.o
 .text._Z13initAnalogPinh
                0x00016734       0x6e build/mighty_one-2560/MightyBoard/shared/AnalogPin.o
                0x00016734                _Z13initAnalogPinh
 .text._Z15startAnalogReadhPViPVb
                0x000167a2       0x52 build/mighty_one-2560/MightyBoard/shared/AnalogPin.o
                0x000167a2                _Z15startAnalogReadhPViPVb
 .text.__vector_29
                0x000167f4       0x5e build/mighty_one-2560/MightyBoard/shared/AnalogPin.o
                0x000167f4                __vector_29
 .text.startup._GLOBAL__sub_I_PortA
                0x00016852       0x92 build/mighty_one-2560/MightyBoard/shared/AvrPort.o
 .text._ZN10CoolingFan11setSetpointEi
                0x000168e4       0x1c build/mighty_one-2560/MightyBoard/shared/CoolingFan.o
                0x000168e4                _ZN10CoolingFan11setSetpointEi
 .text._ZN10CoolingFan6enableEv
                0x00016900        0x8 build/mighty_one-2560/MightyBoard/shared/CoolingFan.o
                0x00016900                _ZN10CoolingFan6enableEv
 .text._ZN10CoolingFan9enableFanEv
                0x00016908        0xa build/mighty_one-2560/MightyBoard/shared/CoolingFan.o
                0x00016908                _ZN10CoolingFan9enableFanEv
 .text._ZN10CoolingFan10disableFanEv
                0x00016912        0xa build/mighty_one-2560/MightyBoard/shared/CoolingFan.o
                0x00016912                _ZN10CoolingFan10disableFanEv
 .text._ZN10CoolingFan16manageCoolingFanEv
                0x0001691c       0x7c build/mighty_one-2560/MightyBoard/shared/CoolingFan.o
                0x0001691c                _ZN10CoolingFan16manageCoolingFanEv
 .text._ZN10CoolingFan7disableEv
                0x00016998        0xa build/mighty_one-2560/MightyBoard/shared/CoolingFan.o
                0x00016998                _ZN10CoolingFan7disableEv
 .text._ZN10CoolingFan5resetEv
                0x000169a2       0x62 build/mighty_one-2560/MightyBoard/shared/CoolingFan.o
                0x000169a2                _ZN10CoolingFan5resetEv
 .text._ZN10CoolingFanC2ER6HeaterjRK3Pin
                0x00016a04       0x26 build/mighty_one-2560/MightyBoard/shared/CoolingFan.o
                0x00016a04                _ZN10CoolingFanC1ER6HeaterjRK3Pin
                0x00016a04                _ZN10CoolingFanC2ER6HeaterjRK3Pin
 .text.startup._GLOBAL__sub_I__ZN10CoolingFanC2ER6HeaterjRK3Pin
                0x00016a2a       0x10 build/mighty_one-2560/MightyBoard/shared/CoolingFan.o
 .text._ZN8DigiPotsC2ERK3PinRKj
                0x00016a3a       0x24 build/mighty_one-2560/MightyBoard/shared/DigiPots.o
                0x00016a3a                _ZN8DigiPotsC1ERK3PinRKj
                0x00016a3a                _ZN8DigiPotsC2ERK3PinRKj
 .text._ZN8DigiPots11setPotValueEh
                0x00016a5e      0x104 build/mighty_one-2560/MightyBoard/shared/DigiPots.o
                0x00016a5e                _ZN8DigiPots11setPotValueEh
 .text._ZN8DigiPots8resetPotEv
                0x00016b62       0x28 build/mighty_one-2560/MightyBoard/shared/DigiPots.o
                0x00016b62                _ZN8DigiPots8resetPotEv
 .text._ZN8DigiPots11getPotValueEv
                0x00016b8a        0x6 build/mighty_one-2560/MightyBoard/shared/DigiPots.o
                0x00016b8a                _ZN8DigiPots11getPotValueEv
 .text.startup._GLOBAL__sub_I__ZN8DigiPotsC2ERK3PinRKj
                0x00016b90       0x10 build/mighty_one-2560/MightyBoard/shared/DigiPots.o
 .text._ZN6eeprom4initEv
                0x00016ba0       0x7a build/mighty_one-2560/MightyBoard/shared/Eeprom.o
                0x00016ba0                _ZN6eeprom4initEv
 .text._ZN6eeprom10getEeprom8Ejh
                0x00016c1a       0x32 build/mighty_one-2560/MightyBoard/shared/Eeprom.o
                0x00016c1a                _ZN6eeprom10getEeprom8Ejh
 .text._ZN6eeprom11getEeprom16Ejj
                0x00016c4c       0x44 build/mighty_one-2560/MightyBoard/shared/Eeprom.o
                0x00016c4c                _ZN6eeprom11getEeprom16Ejj
 .text._ZN6eeprom11getEeprom32Ejm
                0x00016c90       0x50 build/mighty_one-2560/MightyBoard/shared/Eeprom.o
                0x00016c90                _ZN6eeprom11getEeprom32Ejm
 .text._ZN6eeprom16getEepromFixed16Ejf
                0x00016ce0       0x9e build/mighty_one-2560/MightyBoard/shared/Eeprom.o
                0x00016ce0                _ZN6eeprom16getEepromFixed16Ejf
 .text._ZN6eeprom16setEepromFixed16Ejf
                0x00016d7e       0x74 build/mighty_one-2560/MightyBoard/shared/Eeprom.o
                0x00016d7e                _ZN6eeprom16setEepromFixed16Ejf
 .text._ZN6eeprom14getEepromInt64Ejx
                0x00016df2       0xb2 build/mighty_one-2560/MightyBoard/shared/Eeprom.o
                0x00016df2                _ZN6eeprom14getEepromInt64Ejx
 .text._ZN6eeprom14setEepromInt64Ejx
                0x00016ea4       0x4e build/mighty_one-2560/MightyBoard/shared/Eeprom.o
                0x00016ea4                _ZN6eeprom14setEepromInt64Ejx
 .text.startup._GLOBAL__sub_I__ZN6eeprom4initEv
                0x00016ef2       0x10 build/mighty_one-2560/MightyBoard/shared/Eeprom.o
 .text._ZN6Heater5abortEv
                0x00016f02      0x1dc build/mighty_one-2560/MightyBoard/shared/Heater.o
                0x00016f02                _ZN6Heater5abortEv
 .text._ZN6Heater5resetEv
                0x000170de       0x14 build/mighty_one-2560/MightyBoard/shared/Heater.o
                0x000170de                _ZN6Heater5resetEv
 .text._ZN6HeaterC2ER17TemperatureSensorR14HeatingElementmjbh
                0x000170f2       0x8c build/mighty_one-2560/MightyBoard/shared/Heater.o
                0x000170f2                _ZN6HeaterC1ER17TemperatureSensorR14HeatingElementmjbh
                0x000170f2                _ZN6HeaterC2ER17TemperatureSensorR14HeatingElementmjbh
 .text._ZN6Heater7disableEb
                0x0001717e       0x30 build/mighty_one-2560/MightyBoard/shared/Heater.o
                0x0001717e                _ZN6Heater7disableEb
 .text._ZN6Heater22set_target_temperatureEi
                0x000171ae      0x176 build/mighty_one-2560/MightyBoard/shared/Heater.o
                0x000171ae                _ZN6Heater22set_target_temperatureEi
 .text._ZN6Heater30has_reached_target_temperatureEv
                0x00017324       0x68 build/mighty_one-2560/MightyBoard/shared/Heater.o
                0x00017324                _ZN6Heater30has_reached_target_temperatureEv
 .text._ZN6Heater9isHeatingEv
                0x0001738c       0x34 build/mighty_one-2560/MightyBoard/shared/Heater.o
                0x0001738c                _ZN6Heater9isHeatingEv
 .text._ZN6Heater9isCoolingEv
                0x000173c0       0x4a build/mighty_one-2560/MightyBoard/shared/Heater.o
                0x000173c0                _ZN6Heater9isCoolingEv
 .text._ZN6Heater8getDeltaEv
                0x0001740a       0x48 build/mighty_one-2560/MightyBoard/shared/Heater.o
                0x0001740a                _ZN6Heater8getDeltaEv
 .text._ZN6Heater5PauseEb
                0x00017452      0x104 build/mighty_one-2560/MightyBoard/shared/Heater.o
                0x00017452                _ZN6Heater5PauseEb
 .text._ZN6Heater10set_outputEh
                0x00017556       0x1a build/mighty_one-2560/MightyBoard/shared/Heater.o
                0x00017556                _ZN6Heater10set_outputEh
 .text._ZN6Heater4failEv
                0x00017570       0x3e build/mighty_one-2560/MightyBoard/shared/Heater.o
                0x00017570                _ZN6Heater4failEv
 .text._ZN6Heater18manage_temperatureEv
                0x000175ae      0x24e build/mighty_one-2560/MightyBoard/shared/Heater.o
                0x000175ae                _ZN6Heater18manage_temperatureEv
 .text.startup._GLOBAL__sub_I__ZN6HeaterC2ER17TemperatureSensorR14HeatingElementmjbh
                0x000177fc       0x10 build/mighty_one-2560/MightyBoard/shared/Heater.o
 .text._ZN9interface11isConnectedEv
                0x0001780c       0x48 build/mighty_one-2560/MightyBoard/shared/Interface.o
                0x0001780c                _ZN9interface11isConnectedEv
 .text._ZN9interface4initEP14InterfaceBoardP19LiquidCrystalSerial
                0x00017854       0x12 build/mighty_one-2560/MightyBoard/shared/Interface.o
                0x00017854                _ZN9interface4initEP14InterfaceBoardP19LiquidCrystalSerial
 .text._ZN9interface10pushScreenEP6Screen
                0x00017866       0x10 build/mighty_one-2560/MightyBoard/shared/Interface.o
                0x00017866                _ZN9interface10pushScreenEP6Screen
 .text._ZN9interface9popScreenEv
                0x00017876        0xe build/mighty_one-2560/MightyBoard/shared/Interface.o
                0x00017876                _ZN9interface9popScreenEv
 .text._ZN9interface15isButtonPressedEN11ButtonArray10ButtonNameE
                0x00017884       0x10 build/mighty_one-2560/MightyBoard/shared/Interface.o
                0x00017884                _ZN9interface15isButtonPressedEN11ButtonArray10ButtonNameE
 .text.startup._GLOBAL__sub_I__ZN9interface3lcdE
                0x00017894       0x10 build/mighty_one-2560/MightyBoard/shared/Interface.o
 .text._ZN14InterfaceBoardC2ER11ButtonArrayR19LiquidCrystalSerialP6ScreenS5_P13MessageScreenS5_
                0x000178a4       0x36 build/mighty_one-2560/MightyBoard/shared/InterfaceBoard.o
                0x000178a4                _ZN14InterfaceBoardC1ER11ButtonArrayR19LiquidCrystalSerialP6ScreenS5_P13MessageScreenS5_
                0x000178a4                _ZN14InterfaceBoardC2ER11ButtonArrayR19LiquidCrystalSerialP6ScreenS5_P13MessageScreenS5_
 .text._ZN14InterfaceBoard11doInterruptEv
                0x000178da        0xc build/mighty_one-2560/MightyBoard/shared/InterfaceBoard.o
                0x000178da                _ZN14InterfaceBoard11doInterruptEv
 .text._ZN14InterfaceBoard15isButtonPressedEN11ButtonArray10ButtonNameE
                0x000178e6        0xc build/mighty_one-2560/MightyBoard/shared/InterfaceBoard.o
                0x000178e6                _ZN14InterfaceBoard15isButtonPressedEN11ButtonArray10ButtonNameE
 .text._ZN14InterfaceBoard13getUpdateRateEv
                0x000178f2       0x2a build/mighty_one-2560/MightyBoard/shared/InterfaceBoard.o
                0x000178f2                _ZN14InterfaceBoard13getUpdateRateEv
 .text._ZN14InterfaceBoard10pushScreenEP6Screen
                0x0001791c       0x88 build/mighty_one-2560/MightyBoard/shared/InterfaceBoard.o
                0x0001791c                _ZN14InterfaceBoard10pushScreenEP6Screen
 .text._ZN14InterfaceBoard12errorMessageEPKhS1_b
                0x000179a4       0x78 build/mighty_one-2560/MightyBoard/shared/InterfaceBoard.o
                0x000179a4                _ZN14InterfaceBoard12errorMessageEPKhS1_b
 .text._ZN14InterfaceBoard12errorMessageEPKhb
                0x00017a1c        0xc build/mighty_one-2560/MightyBoard/shared/InterfaceBoard.o
                0x00017a1c                _ZN14InterfaceBoard12errorMessageEPKhb
 .text._ZN14InterfaceBoard4initEv
                0x00017a28       0x76 build/mighty_one-2560/MightyBoard/shared/InterfaceBoard.o
                0x00017a28                _ZN14InterfaceBoard4initEv
 .text._ZN14InterfaceBoard9popScreenEv
                0x00017a9e       0x50 build/mighty_one-2560/MightyBoard/shared/InterfaceBoard.o
                0x00017a9e                _ZN14InterfaceBoard9popScreenEv
 .text._ZN14InterfaceBoard8doUpdateEv
                0x00017aee      0x2bc build/mighty_one-2560/MightyBoard/shared/InterfaceBoard.o
                0x00017aee                _ZN14InterfaceBoard8doUpdateEv
 .text._ZN14InterfaceBoard13waitForButtonEh
                0x00017daa        0x6 build/mighty_one-2560/MightyBoard/shared/InterfaceBoard.o
                0x00017daa                _ZN14InterfaceBoard13waitForButtonEh
 .text._ZN14InterfaceBoard12buttonPushedEv
                0x00017db0        0xe build/mighty_one-2560/MightyBoard/shared/InterfaceBoard.o
                0x00017db0                _ZN14InterfaceBoard12buttonPushedEv
 .text.startup._GLOBAL__sub_I_button_timeout
                0x00017dbe       0x18 build/mighty_one-2560/MightyBoard/shared/InterfaceBoard.o
 .text._ZN19LiquidCrystalSerialC2E3PinS0_S0_S0_S0_
                0x00017dd6      0x160 build/mighty_one-2560/MightyBoard/shared/LiquidCrystalSerial.o
                0x00017dd6                _ZN19LiquidCrystalSerialC1E3PinS0_S0_S0_S0_
                0x00017dd6                _ZN19LiquidCrystalSerialC2E3PinS0_S0_S0_S0_
 .text._ZN19LiquidCrystalSerial10setAddressEhh
                0x00017f36        0x8 build/mighty_one-2560/MightyBoard/shared/LiquidCrystalSerial.o
                0x00017f36                _ZN19LiquidCrystalSerial10setAddressEhh
 .text._ZN19LiquidCrystalSerial9setCursorEhh
                0x00017f3e       0x18 build/mighty_one-2560/MightyBoard/shared/LiquidCrystalSerial.o
                0x00017f3e                _ZN19LiquidCrystalSerial9setCursorEhh
 .text._ZN19LiquidCrystalSerial6setRowEh
                0x00017f56        0xa build/mighty_one-2560/MightyBoard/shared/LiquidCrystalSerial.o
                0x00017f56                _ZN19LiquidCrystalSerial6setRowEh
 .text._ZN19LiquidCrystalSerial12setCursorExtEaa
                0x00017f60       0x24 build/mighty_one-2560/MightyBoard/shared/LiquidCrystalSerial.o
                0x00017f60                _ZN19LiquidCrystalSerial12setCursorExtEaa
 .text._ZN19LiquidCrystalSerial8writeIntEjh
                0x00017f84      0x10c build/mighty_one-2560/MightyBoard/shared/LiquidCrystalSerial.o
                0x00017f84                _ZN19LiquidCrystalSerial8writeIntEjh
 .text._ZN19LiquidCrystalSerial9writeLineEPc
                0x00018090       0x34 build/mighty_one-2560/MightyBoard/shared/LiquidCrystalSerial.o
                0x00018090                _ZN19LiquidCrystalSerial9writeLineEPc
 .text._ZN19LiquidCrystalSerial11writeStringEPc
                0x000180c4       0x2e build/mighty_one-2560/MightyBoard/shared/LiquidCrystalSerial.o
                0x000180c4                _ZN19LiquidCrystalSerial11writeStringEPc
 .text._ZN19LiquidCrystalSerial10writeFloatEfhh
                0x000180f2      0x2f8 build/mighty_one-2560/MightyBoard/shared/LiquidCrystalSerial.o
                0x000180f2                _ZN19LiquidCrystalSerial10writeFloatEfhh
 .text._ZN19LiquidCrystalSerial17writeFromPgmspaceEPKh
                0x000183ea       0x30 build/mighty_one-2560/MightyBoard/shared/LiquidCrystalSerial.o
                0x000183ea                _ZN19LiquidCrystalSerial17writeFromPgmspaceEPKh
 .text._ZN19LiquidCrystalSerial21moveWriteFromPgmspaceEhhPKh
                0x0001841a       0x34 build/mighty_one-2560/MightyBoard/shared/LiquidCrystalSerial.o
                0x0001841a                _ZN19LiquidCrystalSerial21moveWriteFromPgmspaceEhhPKh
 .text._ZN19LiquidCrystalSerial10LCD_WR_CMDEh
                0x0001844e       0x7c build/mighty_one-2560/MightyBoard/shared/LiquidCrystalSerial.o
                0x0001844e                _ZN19LiquidCrystalSerial10LCD_WR_CMDEh
 .text._ZN19LiquidCrystalSerial5beginEv
                0x000184ca       0xe2 build/mighty_one-2560/MightyBoard/shared/LiquidCrystalSerial.o
                0x000184ca                _ZN19LiquidCrystalSerial5beginEv
 .text._ZN19LiquidCrystalSerial11LCD_WR_DATAEh
                0x000185ac       0x7c build/mighty_one-2560/MightyBoard/shared/LiquidCrystalSerial.o
                0x000185ac                _ZN19LiquidCrystalSerial11LCD_WR_DATAEh
 .text._ZN19LiquidCrystalSerial11disp_icon_4EhhhhPKh
                0x00018628       0xa6 build/mighty_one-2560/MightyBoard/shared/LiquidCrystalSerial.o
                0x00018628                _ZN19LiquidCrystalSerial11disp_icon_4EhhhhPKh
 .text._ZN19LiquidCrystalSerial10writeBeansEh
                0x000186ce       0x40 build/mighty_one-2560/MightyBoard/shared/LiquidCrystalSerial.o
                0x000186ce                _ZN19LiquidCrystalSerial10writeBeansEh
 .text._ZN19LiquidCrystalSerial9writeLineEh
                0x0001870e       0x48 build/mighty_one-2560/MightyBoard/shared/LiquidCrystalSerial.o
                0x0001870e                _ZN19LiquidCrystalSerial9writeLineEh
 .text._ZN19LiquidCrystalSerial16writeProgressBarEb
                0x00018756       0x7e build/mighty_one-2560/MightyBoard/shared/LiquidCrystalSerial.o
                0x00018756                _ZN19LiquidCrystalSerial16writeProgressBarEb
 .text._ZN19LiquidCrystalSerial13LCD_MONO_DATAEh
                0x000187d4       0x3c build/mighty_one-2560/MightyBoard/shared/LiquidCrystalSerial.o
                0x000187d4                _ZN19LiquidCrystalSerial13LCD_MONO_DATAEh
 .text._ZN19LiquidCrystalSerial9disp_iconEhhhhPKh
                0x00018810       0xa8 build/mighty_one-2560/MightyBoard/shared/LiquidCrystalSerial.o
                0x00018810                _ZN19LiquidCrystalSerial9disp_iconEhhhhPKh
 .text._ZN19LiquidCrystalSerial8writeNumEh
                0x000188b8       0x98 build/mighty_one-2560/MightyBoard/shared/LiquidCrystalSerial.o
                0x000188b8                _ZN19LiquidCrystalSerial8writeNumEh
 .text._ZN19LiquidCrystalSerial11writeNumIntEjh
                0x00018950       0xf8 build/mighty_one-2560/MightyBoard/shared/LiquidCrystalSerial.o
                0x00018950                _ZN19LiquidCrystalSerial11writeNumIntEjh
 .text._ZN19LiquidCrystalSerial7writeCHEh
                0x00018a48       0x98 build/mighty_one-2560/MightyBoard/shared/LiquidCrystalSerial.o
                0x00018a48                _ZN19LiquidCrystalSerial7writeCHEh
 .text._ZN19LiquidCrystalSerial23moveWriteFromPgmspaceCHEhhPKh
                0x00018ae0       0x2c build/mighty_one-2560/MightyBoard/shared/LiquidCrystalSerial.o
                0x00018ae0                _ZN19LiquidCrystalSerial23moveWriteFromPgmspaceCHEhhPKh
 .text._ZN19LiquidCrystalSerial19writeFromPgmspaceCHEPKh
                0x00018b0c       0x28 build/mighty_one-2560/MightyBoard/shared/LiquidCrystalSerial.o
                0x00018b0c                _ZN19LiquidCrystalSerial19writeFromPgmspaceCHEPKh
 .text._ZN19LiquidCrystalSerial5writeEh
                0x00018b34       0x90 build/mighty_one-2560/MightyBoard/shared/LiquidCrystalSerial.o
                0x00018b34                _ZN19LiquidCrystalSerial5writeEh
 .text._ZN19LiquidCrystalSerial5clearEv
                0x00018bc4       0x40 build/mighty_one-2560/MightyBoard/shared/LiquidCrystalSerial.o
                0x00018bc4                _ZN19LiquidCrystalSerial5clearEv
 .text._ZN19LiquidCrystalSerial15clearHomeCursorEv
                0x00018c04       0x1a build/mighty_one-2560/MightyBoard/shared/LiquidCrystalSerial.o
                0x00018c04                _ZN19LiquidCrystalSerial15clearHomeCursorEv
 .text._ZN19LiquidCrystalSerial15LCD_MONO_DATA_REh
                0x00018c1e       0x3c build/mighty_one-2560/MightyBoard/shared/LiquidCrystalSerial.o
                0x00018c1e                _ZN19LiquidCrystalSerial15LCD_MONO_DATA_REh
 .text._ZN19LiquidCrystalSerial14writeInversionEh
                0x00018c5a       0x90 build/mighty_one-2560/MightyBoard/shared/LiquidCrystalSerial.o
                0x00018c5a                _ZN19LiquidCrystalSerial14writeInversionEh
 .text._ZN19LiquidCrystalSerial19writeFromPgmspace_REPKh
                0x00018cea       0x28 build/mighty_one-2560/MightyBoard/shared/LiquidCrystalSerial.o
                0x00018cea                _ZN19LiquidCrystalSerial19writeFromPgmspace_REPKh
 .text._ZN19LiquidCrystalSerial9writeCH_REh
                0x00018d12       0x98 build/mighty_one-2560/MightyBoard/shared/LiquidCrystalSerial.o
                0x00018d12                _ZN19LiquidCrystalSerial9writeCH_REh
 .text._ZN19LiquidCrystalSerial21writeFromPgmspaceCH_REPKh
                0x00018daa       0x28 build/mighty_one-2560/MightyBoard/shared/LiquidCrystalSerial.o
                0x00018daa                _ZN19LiquidCrystalSerial21writeFromPgmspaceCH_REPKh
 .text.startup._GLOBAL__sub_I__ZN19LiquidCrystalSerialC2E3PinS0_S0_S0_S0_
                0x00018dd2       0x10 build/mighty_one-2560/MightyBoard/shared/LiquidCrystalSerial.o
 .text._ZN4Menu13getUpdateRateEv
                0x00018de2        0xa build/mighty_one-2560/MightyBoard/shared/Menu.o
                0x00018de2                _ZN4Menu13getUpdateRateEv
 .text._ZN12SplashScreen13getUpdateRateEv
                0x00018dec        0xa build/mighty_one-2560/MightyBoard/shared/Menu.o
                0x00018dec                _ZN12SplashScreen13getUpdateRateEv
 .text._ZN14FilamentScreen13getUpdateRateEv
                0x00018df6        0xa build/mighty_one-2560/MightyBoard/shared/Menu.o
                0x00018df6                _ZN14FilamentScreen13getUpdateRateEv
 .text._ZN12FilamentMenu13getUpdateRateEv
                0x00018e00        0xa build/mighty_one-2560/MightyBoard/shared/Menu.o
                0x00018e00                _ZN12FilamentMenu13getUpdateRateEv
 .text._ZN17ChangeSpeedScreen13getUpdateRateEv
                0x00018e0a        0xa build/mighty_one-2560/MightyBoard/shared/Menu.o
                0x00018e0a                _ZN17ChangeSpeedScreen13getUpdateRateEv
 .text._ZN16ChangeTempScreen13getUpdateRateEv
                0x00018e14        0xa build/mighty_one-2560/MightyBoard/shared/Menu.o
                0x00018e14                _ZN16ChangeTempScreen13getUpdateRateEv
 .text._ZN15ActiveBuildMenu13getUpdateRateEv
                0x00018e1e        0xa build/mighty_one-2560/MightyBoard/shared/Menu.o
                0x00018e1e                _ZN15ActiveBuildMenu13getUpdateRateEv
 .text._ZN13MessageScreen13getUpdateRateEv
                0x00018e28        0xa build/mighty_one-2560/MightyBoard/shared/Menu.o
                0x00018e28                _ZN13MessageScreen13getUpdateRateEv
 .text._ZN13JogModeScreen13getUpdateRateEv
                0x00018e32        0xa build/mighty_one-2560/MightyBoard/shared/Menu.o
                0x00018e32                _ZN13JogModeScreen13getUpdateRateEv
 .text._ZN6SDMenu13getUpdateRateEv
                0x00018e3c        0xa build/mighty_one-2560/MightyBoard/shared/Menu.o
                0x00018e3c                _ZN6SDMenu13getUpdateRateEv
 .text._ZN17FinishedPrintMenu13getUpdateRateEv
                0x00018e46        0xa build/mighty_one-2560/MightyBoard/shared/Menu.o
                0x00018e46                _ZN17FinishedPrintMenu13getUpdateRateEv
 .text._ZN12LanguageMenu13getUpdateRateEv
                0x00018e50        0xa build/mighty_one-2560/MightyBoard/shared/Menu.o
                0x00018e50                _ZN12LanguageMenu13getUpdateRateEv
 .text._ZN21HomeOffsetsModeScreen13getUpdateRateEv
                0x00018e5a        0xa build/mighty_one-2560/MightyBoard/shared/Menu.o
                0x00018e5a                _ZN21HomeOffsetsModeScreen13getUpdateRateEv
 .text._ZN17MonitorModeScreen13getUpdateRateEv
                0x00018e64        0xa build/mighty_one-2560/MightyBoard/shared/Menu.o
                0x00018e64                _ZN17MonitorModeScreen13getUpdateRateEv
 .text._ZN12SettingsMenu13getUpdateRateEv
                0x00018e6e        0xa build/mighty_one-2560/MightyBoard/shared/Menu.o
                0x00018e6e                _ZN12SettingsMenu13getUpdateRateEv
 .text._ZN8MainMenu13getUpdateRateEv
                0x00018e78        0xa build/mighty_one-2560/MightyBoard/shared/Menu.o
                0x00018e78                _ZN8MainMenu13getUpdateRateEv
 .text._ZN12SplashScreen5resetEv
                0x00018e82        0x2 build/mighty_one-2560/MightyBoard/shared/Menu.o
                0x00018e82                _ZN12SplashScreen5resetEv
 .text._ZN4Menu5resetEv
                0x00018e84       0x26 build/mighty_one-2560/MightyBoard/shared/Menu.o
                0x00018e84                _ZN4Menu5resetEv
 .text._ZN8MainMenu8drawItemEhR19LiquidCrystalSerial
                0x00018eaa        0x2 build/mighty_one-2560/MightyBoard/shared/Menu.o
                0x00018eaa                _ZN8MainMenu8drawItemEhR19LiquidCrystalSerial
 .text._ZN17FinishedPrintMenu10resetStateEv
                0x00018eac       0x26 build/mighty_one-2560/MightyBoard/shared/Menu.o
                0x00018eac                _ZN17FinishedPrintMenu10resetStateEv
 .text._ZN13MessageScreen5resetEv
                0x00018ed2       0x54 build/mighty_one-2560/MightyBoard/shared/Menu.o
                0x00018ed2                _ZN13MessageScreen5resetEv